MPLINK 5.09, LINKER
Linker Map File - Created Wed Oct 22 18:04:44 2025

                                 Section Info
                  Section       Type    Address   Location Size(Bytes)
                ---------  ---------  ---------  ---------  ---------
                   .org_0       code   0x000000    program   0x000072
                   .cinit    romdata   0x000072    program   0x000002
.config_300001_BUILD/DEFAULT/DEBUG/2B.O    romdata   0x300001    program   0x000001
.config_300003_BUILD/DEFAULT/DEBUG/2B.O    romdata   0x300003    program   0x000001



                              Program Memory Usage 
                               Start         End      
                           ---------   ---------      
                            0x000000    0x000073      
                            0x300001    0x300001      
                            0x300003    0x300003      
            118 out of 33048 program addresses used, program memory utilization is 0%



                              Symbols - Sorted by Name
                     Name    Address   Location    Storage File                     
                ---------  ---------  ---------  --------- ---------                
                DONE_SORT   0x000070    program     static C:\Users\User\MPLABXProjects\2023mid.X\2b.asm
                    FOR_I   0x00003a    program     static C:\Users\User\MPLABXProjects\2023mid.X\2b.asm
                    FOR_J   0x00004c    program     static C:\Users\User\MPLABXProjects\2023mid.X\2b.asm
                     MAIN   0x000000    program     static C:\Users\User\MPLABXProjects\2023mid.X\2b.asm
                   NEXT_I   0x00006a    program     static C:\Users\User\MPLABXProjects\2023mid.X\2b.asm
                SKIP_SWAP   0x000064    program     static C:\Users\User\MPLABXProjects\2023mid.X\2b.asm
                     SORT   0x000032    program     static C:\Users\User\MPLABXProjects\2023mid.X\2b.asm
             _.org_0_002E   0x00002e    program     static C:\Users\User\MPLABXProjects\2023mid.X\2b.asm



                              Symbols - Sorted by Address
                     Name    Address   Location    Storage File                     
                ---------  ---------  ---------  --------- ---------                
                     MAIN   0x000000    program     static C:\Users\User\MPLABXProjects\2023mid.X\2b.asm
             _.org_0_002E   0x00002e    program     static C:\Users\User\MPLABXProjects\2023mid.X\2b.asm
                     SORT   0x000032    program     static C:\Users\User\MPLABXProjects\2023mid.X\2b.asm
                    FOR_I   0x00003a    program     static C:\Users\User\MPLABXProjects\2023mid.X\2b.asm
                    FOR_J   0x00004c    program     static C:\Users\User\MPLABXProjects\2023mid.X\2b.asm
                SKIP_SWAP   0x000064    program     static C:\Users\User\MPLABXProjects\2023mid.X\2b.asm
                   NEXT_I   0x00006a    program     static C:\Users\User\MPLABXProjects\2023mid.X\2b.asm
                DONE_SORT   0x000070    program     static C:\Users\User\MPLABXProjects\2023mid.X\2b.asm


