MPASM 5.84                          HARD.ASM   10-30-2025  14:19:12         PAGE  1


LOC  OBJECT CODE     LINE SOURCE TEXT
  VALUE

Warning[205]: Found directive in column 1. (LIST)
                      00001 LIST p=18f4520
                      00002 #include<p18f4520.inc>
                      00001         LIST
                      00002 
                      00003 ;==========================================================================
                      00004 ; Build date : Mar 17 2019
                      00005 ;  MPASM PIC18F4520 processor include
                      00006 ; 
                      00007 ;  (c) Copyright 1999-2019 Microchip Technology, All rights reserved
                      00008 ;==========================================================================
                      00009 
                      01489         LIST
                      00003 
                      00004     CONFIG OSC = INTIO67 ; Set internal oscillator to 1 MHz
                      00005     CONFIG WDT = OFF     ; Disable Watchdog Timer
                      00006     CONFIG LVP = OFF     ; Disable Low Voltage Programming
                      00007 
Warning[207]: Found label after column 1. (L1)
  00000014            00008     L1 EQU 0x14         ; Define L1 memory location
Warning[207]: Found label after column 1. (L2)
  00000015            00009     L2 EQU 0x15         ; Define L2 memory location
                      00010     org 0x00            ; Set program start address to 0x00
                      00011 
                      00012 ; instruction frequency = 1 MHz / 4 = 0.25 MHz
                      00013 ; instruction time = 1/0.25 = 4 ?s
                      00014 ; Total_cycles = 2 + (2 + 8 * num1 + 3) * num2 cycles
                      00015 ; num1 = 111, num2 = 70, Total_cycles = 62512 cycles
                      00016 ; Total_delay ~= Total_cycles * instruction time = 0.25 s
                      00017 DELAY macro num1, num2
                      00018     local LOOP1         ; Inner loop
                      00019     local LOOP2         ; Outer loop
                      00020     
                      00021     ; 2 cycles
                      00022     MOVLW num2          ; Load num2 into WREG
                      00023     MOVWF L2            ; Store WREG value into L2
                      00024     
                      00025     ; Total_cycles for LOOP2 = 2 cycles
                      00026     LOOP2:
                      00027     MOVLW num1          
                      00028     MOVWF L1  
                      00029     
                      00030     ; Total_cycles for LOOP1 = 8 cycles
                      00031     LOOP1:
                      00032     NOP                 ; busy waiting
                      00033     NOP
                      00034     NOP
                      00035     NOP
                      00036     NOP
                      00037     DECFSZ L1, 1        
                      00038     BRA LOOP1           ; BRA instruction spends 2 cycles
                      00039     
                      00040     ; 3 cycles
MPASM 5.84                          HARD.ASM   10-30-2025  14:19:12         PAGE  2


LOC  OBJECT CODE     LINE SOURCE TEXT
  VALUE

                      00041     DECFSZ L2, 1        ; Decrement L2, skip if zero
                      00042     BRA LOOP2           
Warning[205]: Found directive in column 1. (endm)
                      00043 endm
                      00044 
                      00045         
000000                00046 start:
000000                00047 int:
                      00048     ; let pin can receive digital signal 
000000 0E0F           00049     MOVLW 0x0f
000002 6EC1           00050     MOVWF ADCON1
000004 6A81           00051     CLRF PORTB
000006 8093           00052     BSF TRISB, 0
000008 6A89           00053     CLRF LATA
00000A 6A92           00054     CLRF TRISA
                      00055 
00000C 0E00           00056     MOVLW 0X00
00000E 6E00           00057     MOVWF 0X00
                      00058     
                      00059 ; ckeck button
000010                00060 check_process:
000010 A081           00061     BTFSS PORTB, 0
000012 D???           00062     BRA wait_release
000014 D???           00063     BRA check_process
                      00064     
000016                00065 wait_release:
                      00066     ;???
                      00067     DELAY d'111', d'35' 
  0000                    M     local LOOP1         ; Inner loop
  0000                    M     local LOOP2         ; Outer loop
                          M     
                          M     ; 2 cycles
000016 0E23               M     MOVLW d'35'         ; Load num2 into WREG
000018 6E15               M     MOVWF L2            ; Store WREG value into L2
                          M     
                          M     ; Total_cycles for LOOP2 = 2 cycles
Warning[207]: Found label after column 1. (LOOP2)
00001A                    M     LOOP2:
00001A 0E6F               M     MOVLW d'111'        
00001C 6E14               M     MOVWF L1  
                          M     
                          M     ; Total_cycles for LOOP1 = 8 cycles
Warning[207]: Found label after column 1. (LOOP1)
00001E                    M     LOOP1:
00001E 0000               M     NOP                 ; busy waiting
000020 0000               M     NOP
000022 0000               M     NOP
000024 0000               M     NOP
000026 0000               M     NOP
000028 2E14               M     DECFSZ L1, 1        
00002A D???               M     BRA LOOP1           ; BRA instruction spends 2 cycles
                          M     
                          M     ; 3 cycles
MPASM 5.84                          HARD.ASM   10-30-2025  14:19:12         PAGE  3


LOC  OBJECT CODE     LINE SOURCE TEXT
  VALUE

00002C 2E15               M     DECFSZ L2, 1        ; Decrement L2, skip if zero
00002E D???               M     BRA LOOP2           
000030 A081           00068     BTFSS PORTB, 0  ; WAIT FOR PORTB0 == 1
000032 D???           00069     BRA wait_release
                      00070     
000034 2A00           00071     INCF 0x00
000036 0E03           00072     MOVLW 0x03
000038 6000           00073     CPFSLT 0x00         ; ?? mode < 2???
00003A 6A00           00074         CLRF 0x00           ; ?????0
                      00075     
00003C D???           00076     BRA check_mode
                      00077     
00003E                00078 check_mode:
00003E 5000           00079     MOVF 0x00, W
                      00080     
000040 0E00           00081     MOVLW 0x00
000042 6200           00082     CPFSEQ 0x00
000044 D???           00083         BRA check_mode1
000046 D???           00084     BRA lightup0
                      00085     
000048                00086 check_mode1:
000048 0E01           00087     MOVLW 0x01
00004A 6200           00088     CPFSEQ 0x00
00004C D???           00089         BRA check_mode2
00004E D???           00090     BRA lightup1
                      00091     
000050                00092 check_mode2:
000050 0E02           00093     MOVLW 0x02
000052 6200           00094     CPFSEQ 0x00
000054 D???           00095         BRA check_process  
000056 D???           00096     BRA lightup2
                      00097     
000058                00098 lightup0:    
000058 0E00           00099     MOVLW B'00000000'   ; ??LED?
00005A 6E89           00100     MOVWF LATA
00005C D???           00101     BRA check_process
                      00102     
00005E                00103 lightup1:
00005E A081           00104     BTFSS PORTB, 0
000060 D???           00105     BRA wait_release
                      00106     
000062 0E01           00107     MOVLW B'00000001'   
000064 6E89           00108     MOVWF LATA
                      00109     DELAY d'111', d'70' ;delay 0.5s
  0000                    M     local LOOP1         ; Inner loop
  0000                    M     local LOOP2         ; Outer loop
                          M     
                          M     ; 2 cycles
000066 0E46               M     MOVLW d'70'         ; Load num2 into WREG
000068 6E15               M     MOVWF L2            ; Store WREG value into L2
                          M     
                          M     ; Total_cycles for LOOP2 = 2 cycles
Warning[207]: Found label after column 1. (LOOP2)
MPASM 5.84                          HARD.ASM   10-30-2025  14:19:12         PAGE  4


LOC  OBJECT CODE     LINE SOURCE TEXT
  VALUE

00006A                    M     LOOP2:
00006A 0E6F               M     MOVLW d'111'        
00006C 6E14               M     MOVWF L1  
                          M     
                          M     ; Total_cycles for LOOP1 = 8 cycles
Warning[207]: Found label after column 1. (LOOP1)
00006E                    M     LOOP1:
00006E 0000               M     NOP                 ; busy waiting
000070 0000               M     NOP
000072 0000               M     NOP
000074 0000               M     NOP
000076 0000               M     NOP
000078 2E14               M     DECFSZ L1, 1        
00007A D???               M     BRA LOOP1           ; BRA instruction spends 2 cycles
                          M     
                          M     ; 3 cycles
00007C 2E15               M     DECFSZ L2, 1        ; Decrement L2, skip if zero
00007E D???               M     BRA LOOP2           
                      00110     
000080 A081           00111     BTFSS PORTB, 0
000082 D???           00112     BRA wait_release
                      00113     DELAY d'111', d'70'
  0000                    M     local LOOP1         ; Inner loop
  0000                    M     local LOOP2         ; Outer loop
                          M     
                          M     ; 2 cycles
000084 0E46               M     MOVLW d'70'         ; Load num2 into WREG
000086 6E15               M     MOVWF L2            ; Store WREG value into L2
                          M     
                          M     ; Total_cycles for LOOP2 = 2 cycles
Warning[207]: Found label after column 1. (LOOP2)
000088                    M     LOOP2:
000088 0E6F               M     MOVLW d'111'        
00008A 6E14               M     MOVWF L1  
                          M     
                          M     ; Total_cycles for LOOP1 = 8 cycles
Warning[207]: Found label after column 1. (LOOP1)
00008C                    M     LOOP1:
00008C 0000               M     NOP                 ; busy waiting
00008E 0000               M     NOP
000090 0000               M     NOP
000092 0000               M     NOP
000094 0000               M     NOP
000096 2E14               M     DECFSZ L1, 1        
000098 D???               M     BRA LOOP1           ; BRA instruction spends 2 cycles
                          M     
                          M     ; 3 cycles
00009A 2E15               M     DECFSZ L2, 1        ; Decrement L2, skip if zero
00009C D???               M     BRA LOOP2           
                      00114     
00009E A081           00115     BTFSS PORTB, 0
0000A0 D???           00116     BRA wait_release
                      00117     
MPASM 5.84                          HARD.ASM   10-30-2025  14:19:12         PAGE  5


LOC  OBJECT CODE     LINE SOURCE TEXT
  VALUE

0000A2 0E02           00118     MOVLW B'00000010'  
0000A4 6E89           00119     MOVWF LATA
                      00120     DELAY d'111', d'70' ;delay 0.5s
  0000                    M     local LOOP1         ; Inner loop
  0000                    M     local LOOP2         ; Outer loop
                          M     
                          M     ; 2 cycles
0000A6 0E46               M     MOVLW d'70'         ; Load num2 into WREG
0000A8 6E15               M     MOVWF L2            ; Store WREG value into L2
                          M     
                          M     ; Total_cycles for LOOP2 = 2 cycles
Warning[207]: Found label after column 1. (LOOP2)
0000AA                    M     LOOP2:
0000AA 0E6F               M     MOVLW d'111'        
0000AC 6E14               M     MOVWF L1  
                          M     
                          M     ; Total_cycles for LOOP1 = 8 cycles
Warning[207]: Found label after column 1. (LOOP1)
0000AE                    M     LOOP1:
0000AE 0000               M     NOP                 ; busy waiting
0000B0 0000               M     NOP
0000B2 0000               M     NOP
0000B4 0000               M     NOP
0000B6 0000               M     NOP
0000B8 2E14               M     DECFSZ L1, 1        
0000BA D???               M     BRA LOOP1           ; BRA instruction spends 2 cycles
                          M     
                          M     ; 3 cycles
0000BC 2E15               M     DECFSZ L2, 1        ; Decrement L2, skip if zero
0000BE D???               M     BRA LOOP2           
                      00121     
0000C0 A081           00122     BTFSS PORTB, 0
0000C2 D???           00123     BRA wait_release
                      00124     DELAY d'111', d'70'
  0000                    M     local LOOP1         ; Inner loop
  0000                    M     local LOOP2         ; Outer loop
                          M     
                          M     ; 2 cycles
0000C4 0E46               M     MOVLW d'70'         ; Load num2 into WREG
0000C6 6E15               M     MOVWF L2            ; Store WREG value into L2
                          M     
                          M     ; Total_cycles for LOOP2 = 2 cycles
Warning[207]: Found label after column 1. (LOOP2)
0000C8                    M     LOOP2:
0000C8 0E6F               M     MOVLW d'111'        
0000CA 6E14               M     MOVWF L1  
                          M     
                          M     ; Total_cycles for LOOP1 = 8 cycles
Warning[207]: Found label after column 1. (LOOP1)
0000CC                    M     LOOP1:
0000CC 0000               M     NOP                 ; busy waiting
0000CE 0000               M     NOP
0000D0 0000               M     NOP
MPASM 5.84                          HARD.ASM   10-30-2025  14:19:12         PAGE  6


LOC  OBJECT CODE     LINE SOURCE TEXT
  VALUE

0000D2 0000               M     NOP
0000D4 0000               M     NOP
0000D6 2E14               M     DECFSZ L1, 1        
0000D8 D???               M     BRA LOOP1           ; BRA instruction spends 2 cycles
                          M     
                          M     ; 3 cycles
0000DA 2E15               M     DECFSZ L2, 1        ; Decrement L2, skip if zero
0000DC D???               M     BRA LOOP2           
                      00125     
0000DE A081           00126     BTFSS PORTB, 0
0000E0 D???           00127     BRA wait_release
                      00128    
0000E2 0E04           00129     MOVLW B'00000100'  
0000E4 6E89           00130     MOVWF LATA
                      00131     DELAY d'111', d'70' ;delay 0.5s
  0000                    M     local LOOP1         ; Inner loop
  0000                    M     local LOOP2         ; Outer loop
                          M     
                          M     ; 2 cycles
0000E6 0E46               M     MOVLW d'70'         ; Load num2 into WREG
0000E8 6E15               M     MOVWF L2            ; Store WREG value into L2
                          M     
                          M     ; Total_cycles for LOOP2 = 2 cycles
Warning[207]: Found label after column 1. (LOOP2)
0000EA                    M     LOOP2:
0000EA 0E6F               M     MOVLW d'111'        
0000EC 6E14               M     MOVWF L1  
                          M     
                          M     ; Total_cycles for LOOP1 = 8 cycles
Warning[207]: Found label after column 1. (LOOP1)
0000EE                    M     LOOP1:
0000EE 0000               M     NOP                 ; busy waiting
0000F0 0000               M     NOP
0000F2 0000               M     NOP
0000F4 0000               M     NOP
0000F6 0000               M     NOP
0000F8 2E14               M     DECFSZ L1, 1        
0000FA D???               M     BRA LOOP1           ; BRA instruction spends 2 cycles
                          M     
                          M     ; 3 cycles
0000FC 2E15               M     DECFSZ L2, 1        ; Decrement L2, skip if zero
0000FE D???               M     BRA LOOP2           
                      00132     
000100 A081           00133     BTFSS PORTB, 0
000102 D???           00134     BRA wait_release
                      00135     DELAY d'111', d'70'
  0000                    M     local LOOP1         ; Inner loop
  0000                    M     local LOOP2         ; Outer loop
                          M     
                          M     ; 2 cycles
000104 0E46               M     MOVLW d'70'         ; Load num2 into WREG
000106 6E15               M     MOVWF L2            ; Store WREG value into L2
                          M     
MPASM 5.84                          HARD.ASM   10-30-2025  14:19:12         PAGE  7


LOC  OBJECT CODE     LINE SOURCE TEXT
  VALUE

                          M     ; Total_cycles for LOOP2 = 2 cycles
Warning[207]: Found label after column 1. (LOOP2)
000108                    M     LOOP2:
000108 0E6F               M     MOVLW d'111'        
00010A 6E14               M     MOVWF L1  
                          M     
                          M     ; Total_cycles for LOOP1 = 8 cycles
Warning[207]: Found label after column 1. (LOOP1)
00010C                    M     LOOP1:
00010C 0000               M     NOP                 ; busy waiting
00010E 0000               M     NOP
000110 0000               M     NOP
000112 0000               M     NOP
000114 0000               M     NOP
000116 2E14               M     DECFSZ L1, 1        
000118 D???               M     BRA LOOP1           ; BRA instruction spends 2 cycles
                          M     
                          M     ; 3 cycles
00011A 2E15               M     DECFSZ L2, 1        ; Decrement L2, skip if zero
00011C D???               M     BRA LOOP2           
                      00136     
00011E A081           00137     BTFSS PORTB, 0
000120 D???           00138     BRA wait_release
                      00139     
000122 D???           00140     BRA lightup1
                      00141 
000124                00142 lightup2:
000124 A081           00143     BTFSS PORTB, 0
000126 D???           00144     BRA wait_release
                      00145     
000128 0E01           00146     MOVLW B'00000001'
00012A 6E89           00147     MOVWF LATA
                      00148     DELAY d'111', d'70' ;delay 1s
  0000                    M     local LOOP1         ; Inner loop
  0000                    M     local LOOP2         ; Outer loop
                          M     
                          M     ; 2 cycles
00012C 0E46               M     MOVLW d'70'         ; Load num2 into WREG
00012E 6E15               M     MOVWF L2            ; Store WREG value into L2
                          M     
                          M     ; Total_cycles for LOOP2 = 2 cycles
Warning[207]: Found label after column 1. (LOOP2)
000130                    M     LOOP2:
000130 0E6F               M     MOVLW d'111'        
000132 6E14               M     MOVWF L1  
                          M     
                          M     ; Total_cycles for LOOP1 = 8 cycles
Warning[207]: Found label after column 1. (LOOP1)
000134                    M     LOOP1:
000134 0000               M     NOP                 ; busy waiting
000136 0000               M     NOP
000138 0000               M     NOP
00013A 0000               M     NOP
MPASM 5.84                          HARD.ASM   10-30-2025  14:19:12         PAGE  8


LOC  OBJECT CODE     LINE SOURCE TEXT
  VALUE

00013C 0000               M     NOP
00013E 2E14               M     DECFSZ L1, 1        
000140 D???               M     BRA LOOP1           ; BRA instruction spends 2 cycles
                          M     
                          M     ; 3 cycles
000142 2E15               M     DECFSZ L2, 1        ; Decrement L2, skip if zero
000144 D???               M     BRA LOOP2           
                      00149     
000146 A081           00150     BTFSS PORTB, 0
000148 D???           00151     BRA wait_release
                      00152     DELAY d'111', d'70'
  0000                    M     local LOOP1         ; Inner loop
  0000                    M     local LOOP2         ; Outer loop
                          M     
                          M     ; 2 cycles
00014A 0E46               M     MOVLW d'70'         ; Load num2 into WREG
00014C 6E15               M     MOVWF L2            ; Store WREG value into L2
                          M     
                          M     ; Total_cycles for LOOP2 = 2 cycles
Warning[207]: Found label after column 1. (LOOP2)
00014E                    M     LOOP2:
00014E 0E6F               M     MOVLW d'111'        
000150 6E14               M     MOVWF L1  
                          M     
                          M     ; Total_cycles for LOOP1 = 8 cycles
Warning[207]: Found label after column 1. (LOOP1)
000152                    M     LOOP1:
000152 0000               M     NOP                 ; busy waiting
000154 0000               M     NOP
000156 0000               M     NOP
000158 0000               M     NOP
00015A 0000               M     NOP
00015C 2E14               M     DECFSZ L1, 1        
00015E D???               M     BRA LOOP1           ; BRA instruction spends 2 cycles
                          M     
                          M     ; 3 cycles
000160 2E15               M     DECFSZ L2, 1        ; Decrement L2, skip if zero
000162 D???               M     BRA LOOP2           
                      00153     
000164 A081           00154     BTFSS PORTB, 0
000166 D???           00155     BRA wait_release
                      00156     DELAY d'111', d'70'
  0000                    M     local LOOP1         ; Inner loop
  0000                    M     local LOOP2         ; Outer loop
                          M     
                          M     ; 2 cycles
000168 0E46               M     MOVLW d'70'         ; Load num2 into WREG
00016A 6E15               M     MOVWF L2            ; Store WREG value into L2
                          M     
                          M     ; Total_cycles for LOOP2 = 2 cycles
Warning[207]: Found label after column 1. (LOOP2)
00016C                    M     LOOP2:
00016C 0E6F               M     MOVLW d'111'        
MPASM 5.84                          HARD.ASM   10-30-2025  14:19:12         PAGE  9


LOC  OBJECT CODE     LINE SOURCE TEXT
  VALUE

00016E 6E14               M     MOVWF L1  
                          M     
                          M     ; Total_cycles for LOOP1 = 8 cycles
Warning[207]: Found label after column 1. (LOOP1)
000170                    M     LOOP1:
000170 0000               M     NOP                 ; busy waiting
000172 0000               M     NOP
000174 0000               M     NOP
000176 0000               M     NOP
000178 0000               M     NOP
00017A 2E14               M     DECFSZ L1, 1        
00017C D???               M     BRA LOOP1           ; BRA instruction spends 2 cycles
                          M     
                          M     ; 3 cycles
00017E 2E15               M     DECFSZ L2, 1        ; Decrement L2, skip if zero
000180 D???               M     BRA LOOP2           
                      00157     
000182 A081           00158     BTFSS PORTB, 0
000184 D???           00159     BRA wait_release
                      00160     DELAY d'111', d'70'
  0000                    M     local LOOP1         ; Inner loop
  0000                    M     local LOOP2         ; Outer loop
                          M     
                          M     ; 2 cycles
000186 0E46               M     MOVLW d'70'         ; Load num2 into WREG
000188 6E15               M     MOVWF L2            ; Store WREG value into L2
                          M     
                          M     ; Total_cycles for LOOP2 = 2 cycles
Warning[207]: Found label after column 1. (LOOP2)
00018A                    M     LOOP2:
00018A 0E6F               M     MOVLW d'111'        
00018C 6E14               M     MOVWF L1  
                          M     
                          M     ; Total_cycles for LOOP1 = 8 cycles
Warning[207]: Found label after column 1. (LOOP1)
00018E                    M     LOOP1:
00018E 0000               M     NOP                 ; busy waiting
000190 0000               M     NOP
000192 0000               M     NOP
000194 0000               M     NOP
000196 0000               M     NOP
000198 2E14               M     DECFSZ L1, 1        
00019A D???               M     BRA LOOP1           ; BRA instruction spends 2 cycles
                          M     
                          M     ; 3 cycles
00019C 2E15               M     DECFSZ L2, 1        ; Decrement L2, skip if zero
00019E D???               M     BRA LOOP2           
                      00161     
0001A0 A081           00162     BTFSS PORTB, 0
0001A2 D???           00163     BRA wait_release
                      00164     
0001A4 0E03           00165     MOVLW B'00000011' 
0001A6 6E89           00166     MOVWF LATA
MPASM 5.84                          HARD.ASM   10-30-2025  14:19:12         PAGE 10


LOC  OBJECT CODE     LINE SOURCE TEXT
  VALUE

                      00167     DELAY d'111', d'70' ;delay 1s
  0000                    M     local LOOP1         ; Inner loop
  0000                    M     local LOOP2         ; Outer loop
                          M     
                          M     ; 2 cycles
0001A8 0E46               M     MOVLW d'70'         ; Load num2 into WREG
0001AA 6E15               M     MOVWF L2            ; Store WREG value into L2
                          M     
                          M     ; Total_cycles for LOOP2 = 2 cycles
Warning[207]: Found label after column 1. (LOOP2)
0001AC                    M     LOOP2:
0001AC 0E6F               M     MOVLW d'111'        
0001AE 6E14               M     MOVWF L1  
                          M     
                          M     ; Total_cycles for LOOP1 = 8 cycles
Warning[207]: Found label after column 1. (LOOP1)
0001B0                    M     LOOP1:
0001B0 0000               M     NOP                 ; busy waiting
0001B2 0000               M     NOP
0001B4 0000               M     NOP
0001B6 0000               M     NOP
0001B8 0000               M     NOP
0001BA 2E14               M     DECFSZ L1, 1        
0001BC D???               M     BRA LOOP1           ; BRA instruction spends 2 cycles
                          M     
                          M     ; 3 cycles
0001BE 2E15               M     DECFSZ L2, 1        ; Decrement L2, skip if zero
0001C0 D???               M     BRA LOOP2           
                      00168     
0001C2 A081           00169     BTFSS PORTB, 0
0001C4 D???           00170     BRA wait_release
                      00171     DELAY d'111', d'70'
  0000                    M     local LOOP1         ; Inner loop
  0000                    M     local LOOP2         ; Outer loop
                          M     
                          M     ; 2 cycles
0001C6 0E46               M     MOVLW d'70'         ; Load num2 into WREG
0001C8 6E15               M     MOVWF L2            ; Store WREG value into L2
                          M     
                          M     ; Total_cycles for LOOP2 = 2 cycles
Warning[207]: Found label after column 1. (LOOP2)
0001CA                    M     LOOP2:
0001CA 0E6F               M     MOVLW d'111'        
0001CC 6E14               M     MOVWF L1  
                          M     
                          M     ; Total_cycles for LOOP1 = 8 cycles
Warning[207]: Found label after column 1. (LOOP1)
0001CE                    M     LOOP1:
0001CE 0000               M     NOP                 ; busy waiting
0001D0 0000               M     NOP
0001D2 0000               M     NOP
0001D4 0000               M     NOP
0001D6 0000               M     NOP
MPASM 5.84                          HARD.ASM   10-30-2025  14:19:12         PAGE 11


LOC  OBJECT CODE     LINE SOURCE TEXT
  VALUE

0001D8 2E14               M     DECFSZ L1, 1        
0001DA D???               M     BRA LOOP1           ; BRA instruction spends 2 cycles
                          M     
                          M     ; 3 cycles
0001DC 2E15               M     DECFSZ L2, 1        ; Decrement L2, skip if zero
0001DE D???               M     BRA LOOP2           
                      00172     
0001E0 A081           00173     BTFSS PORTB, 0
0001E2 D???           00174     BRA wait_release
                      00175     DELAY d'111', d'70' 
  0000                    M     local LOOP1         ; Inner loop
  0000                    M     local LOOP2         ; Outer loop
                          M     
                          M     ; 2 cycles
0001E4 0E46               M     MOVLW d'70'         ; Load num2 into WREG
0001E6 6E15               M     MOVWF L2            ; Store WREG value into L2
                          M     
                          M     ; Total_cycles for LOOP2 = 2 cycles
Warning[207]: Found label after column 1. (LOOP2)
0001E8                    M     LOOP2:
0001E8 0E6F               M     MOVLW d'111'        
0001EA 6E14               M     MOVWF L1  
                          M     
                          M     ; Total_cycles for LOOP1 = 8 cycles
Warning[207]: Found label after column 1. (LOOP1)
0001EC                    M     LOOP1:
0001EC 0000               M     NOP                 ; busy waiting
0001EE 0000               M     NOP
0001F0 0000               M     NOP
0001F2 0000               M     NOP
0001F4 0000               M     NOP
0001F6 2E14               M     DECFSZ L1, 1        
0001F8 D???               M     BRA LOOP1           ; BRA instruction spends 2 cycles
                          M     
                          M     ; 3 cycles
0001FA 2E15               M     DECFSZ L2, 1        ; Decrement L2, skip if zero
0001FC D???               M     BRA LOOP2           
                      00176     
0001FE A081           00177     BTFSS PORTB, 0
000200 D???           00178     BRA wait_release
                      00179     DELAY d'111', d'70'
  0000                    M     local LOOP1         ; Inner loop
  0000                    M     local LOOP2         ; Outer loop
                          M     
                          M     ; 2 cycles
000202 0E46               M     MOVLW d'70'         ; Load num2 into WREG
000204 6E15               M     MOVWF L2            ; Store WREG value into L2
                          M     
                          M     ; Total_cycles for LOOP2 = 2 cycles
Warning[207]: Found label after column 1. (LOOP2)
000206                    M     LOOP2:
000206 0E6F               M     MOVLW d'111'        
000208 6E14               M     MOVWF L1  
MPASM 5.84                          HARD.ASM   10-30-2025  14:19:12         PAGE 12


LOC  OBJECT CODE     LINE SOURCE TEXT
  VALUE

                          M     
                          M     ; Total_cycles for LOOP1 = 8 cycles
Warning[207]: Found label after column 1. (LOOP1)
00020A                    M     LOOP1:
00020A 0000               M     NOP                 ; busy waiting
00020C 0000               M     NOP
00020E 0000               M     NOP
000210 0000               M     NOP
000212 0000               M     NOP
000214 2E14               M     DECFSZ L1, 1        
000216 D???               M     BRA LOOP1           ; BRA instruction spends 2 cycles
                          M     
                          M     ; 3 cycles
000218 2E15               M     DECFSZ L2, 1        ; Decrement L2, skip if zero
00021A D???               M     BRA LOOP2           
                      00180     
00021C A081           00181     BTFSS PORTB, 0
00021E D???           00182     BRA wait_release
                      00183    
000220 0E04           00184     MOVLW B'00000100' 
000222 6E89           00185     MOVWF LATA
                      00186     
000224 A081           00187     BTFSS PORTB, 0
000226 D???           00188     BRA wait_release
                      00189     
                      00190     ;FLASH
                      00191     DELAY d'111', d'70' ;delay 0.5s
  0000                    M     local LOOP1         ; Inner loop
  0000                    M     local LOOP2         ; Outer loop
                          M     
                          M     ; 2 cycles
000228 0E46               M     MOVLW d'70'         ; Load num2 into WREG
00022A 6E15               M     MOVWF L2            ; Store WREG value into L2
                          M     
                          M     ; Total_cycles for LOOP2 = 2 cycles
Warning[207]: Found label after column 1. (LOOP2)
00022C                    M     LOOP2:
00022C 0E6F               M     MOVLW d'111'        
00022E 6E14               M     MOVWF L1  
                          M     
                          M     ; Total_cycles for LOOP1 = 8 cycles
Warning[207]: Found label after column 1. (LOOP1)
000230                    M     LOOP1:
000230 0000               M     NOP                 ; busy waiting
000232 0000               M     NOP
000234 0000               M     NOP
000236 0000               M     NOP
000238 0000               M     NOP
00023A 2E14               M     DECFSZ L1, 1        
00023C D???               M     BRA LOOP1           ; BRA instruction spends 2 cycles
                          M     
                          M     ; 3 cycles
00023E 2E15               M     DECFSZ L2, 1        ; Decrement L2, skip if zero
MPASM 5.84                          HARD.ASM   10-30-2025  14:19:12         PAGE 13


LOC  OBJECT CODE     LINE SOURCE TEXT
  VALUE

000240 D???               M     BRA LOOP2           
000242 A081           00192     BTFSS PORTB, 0
000244 D???           00193     BRA wait_release
                      00194     DELAY d'111', d'70'
  0000                    M     local LOOP1         ; Inner loop
  0000                    M     local LOOP2         ; Outer loop
                          M     
                          M     ; 2 cycles
000246 0E46               M     MOVLW d'70'         ; Load num2 into WREG
000248 6E15               M     MOVWF L2            ; Store WREG value into L2
                          M     
                          M     ; Total_cycles for LOOP2 = 2 cycles
Warning[207]: Found label after column 1. (LOOP2)
00024A                    M     LOOP2:
00024A 0E6F               M     MOVLW d'111'        
00024C 6E14               M     MOVWF L1  
                          M     
                          M     ; Total_cycles for LOOP1 = 8 cycles
Warning[207]: Found label after column 1. (LOOP1)
00024E                    M     LOOP1:
00024E 0000               M     NOP                 ; busy waiting
000250 0000               M     NOP
000252 0000               M     NOP
000254 0000               M     NOP
000256 0000               M     NOP
000258 2E14               M     DECFSZ L1, 1        
00025A D???               M     BRA LOOP1           ; BRA instruction spends 2 cycles
                          M     
                          M     ; 3 cycles
00025C 2E15               M     DECFSZ L2, 1        ; Decrement L2, skip if zero
00025E D???               M     BRA LOOP2           
                      00195     
000260 0E00           00196     MOVLW B'00000000' 
000262 6E89           00197     MOVWF LATA
                      00198     
000264 A081           00199     BTFSS PORTB, 0
000266 D???           00200     BRA wait_release
                      00201     
                      00202     DELAY d'111', d'70' ;delay 1s
  0000                    M     local LOOP1         ; Inner loop
  0000                    M     local LOOP2         ; Outer loop
                          M     
                          M     ; 2 cycles
000268 0E46               M     MOVLW d'70'         ; Load num2 into WREG
00026A 6E15               M     MOVWF L2            ; Store WREG value into L2
                          M     
                          M     ; Total_cycles for LOOP2 = 2 cycles
Warning[207]: Found label after column 1. (LOOP2)
00026C                    M     LOOP2:
00026C 0E6F               M     MOVLW d'111'        
00026E 6E14               M     MOVWF L1  
                          M     
                          M     ; Total_cycles for LOOP1 = 8 cycles
MPASM 5.84                          HARD.ASM   10-30-2025  14:19:12         PAGE 14


LOC  OBJECT CODE     LINE SOURCE TEXT
  VALUE

Warning[207]: Found label after column 1. (LOOP1)
000270                    M     LOOP1:
000270 0000               M     NOP                 ; busy waiting
000272 0000               M     NOP
000274 0000               M     NOP
000276 0000               M     NOP
000278 0000               M     NOP
00027A 2E14               M     DECFSZ L1, 1        
00027C D???               M     BRA LOOP1           ; BRA instruction spends 2 cycles
                          M     
                          M     ; 3 cycles
00027E 2E15               M     DECFSZ L2, 1        ; Decrement L2, skip if zero
000280 D???               M     BRA LOOP2           
                      00203     
000282 A081           00204     BTFSS PORTB, 0
000284 D???           00205     BRA wait_release
                      00206     DELAY d'111', d'70'
  0000                    M     local LOOP1         ; Inner loop
  0000                    M     local LOOP2         ; Outer loop
                          M     
                          M     ; 2 cycles
000286 0E46               M     MOVLW d'70'         ; Load num2 into WREG
000288 6E15               M     MOVWF L2            ; Store WREG value into L2
                          M     
                          M     ; Total_cycles for LOOP2 = 2 cycles
Warning[207]: Found label after column 1. (LOOP2)
00028A                    M     LOOP2:
00028A 0E6F               M     MOVLW d'111'        
00028C 6E14               M     MOVWF L1  
                          M     
                          M     ; Total_cycles for LOOP1 = 8 cycles
Warning[207]: Found label after column 1. (LOOP1)
00028E                    M     LOOP1:
00028E 0000               M     NOP                 ; busy waiting
000290 0000               M     NOP
000292 0000               M     NOP
000294 0000               M     NOP
000296 0000               M     NOP
000298 2E14               M     DECFSZ L1, 1        
00029A D???               M     BRA LOOP1           ; BRA instruction spends 2 cycles
                          M     
                          M     ; 3 cycles
00029C 2E15               M     DECFSZ L2, 1        ; Decrement L2, skip if zero
00029E D???               M     BRA LOOP2           
                      00207     
0002A0 A081           00208     BTFSS PORTB, 0
0002A2 D???           00209     BRA wait_release
                      00210     DELAY d'111', d'70'
  0000                    M     local LOOP1         ; Inner loop
  0000                    M     local LOOP2         ; Outer loop
                          M     
                          M     ; 2 cycles
0002A4 0E46               M     MOVLW d'70'         ; Load num2 into WREG
MPASM 5.84                          HARD.ASM   10-30-2025  14:19:12         PAGE 15


LOC  OBJECT CODE     LINE SOURCE TEXT
  VALUE

0002A6 6E15               M     MOVWF L2            ; Store WREG value into L2
                          M     
                          M     ; Total_cycles for LOOP2 = 2 cycles
Warning[207]: Found label after column 1. (LOOP2)
0002A8                    M     LOOP2:
0002A8 0E6F               M     MOVLW d'111'        
0002AA 6E14               M     MOVWF L1  
                          M     
                          M     ; Total_cycles for LOOP1 = 8 cycles
Warning[207]: Found label after column 1. (LOOP1)
0002AC                    M     LOOP1:
0002AC 0000               M     NOP                 ; busy waiting
0002AE 0000               M     NOP
0002B0 0000               M     NOP
0002B2 0000               M     NOP
0002B4 0000               M     NOP
0002B6 2E14               M     DECFSZ L1, 1        
0002B8 D???               M     BRA LOOP1           ; BRA instruction spends 2 cycles
                          M     
                          M     ; 3 cycles
0002BA 2E15               M     DECFSZ L2, 1        ; Decrement L2, skip if zero
0002BC D???               M     BRA LOOP2           
                      00211     
0002BE A081           00212     BTFSS PORTB, 0
0002C0 D???           00213     BRA wait_release
                      00214     DELAY d'111', d'70'
  0000                    M     local LOOP1         ; Inner loop
  0000                    M     local LOOP2         ; Outer loop
                          M     
                          M     ; 2 cycles
0002C2 0E46               M     MOVLW d'70'         ; Load num2 into WREG
0002C4 6E15               M     MOVWF L2            ; Store WREG value into L2
                          M     
                          M     ; Total_cycles for LOOP2 = 2 cycles
Warning[207]: Found label after column 1. (LOOP2)
0002C6                    M     LOOP2:
0002C6 0E6F               M     MOVLW d'111'        
0002C8 6E14               M     MOVWF L1  
                          M     
                          M     ; Total_cycles for LOOP1 = 8 cycles
Warning[207]: Found label after column 1. (LOOP1)
0002CA                    M     LOOP1:
0002CA 0000               M     NOP                 ; busy waiting
0002CC 0000               M     NOP
0002CE 0000               M     NOP
0002D0 0000               M     NOP
0002D2 0000               M     NOP
0002D4 2E14               M     DECFSZ L1, 1        
0002D6 D???               M     BRA LOOP1           ; BRA instruction spends 2 cycles
                          M     
                          M     ; 3 cycles
0002D8 2E15               M     DECFSZ L2, 1        ; Decrement L2, skip if zero
0002DA D???               M     BRA LOOP2           
MPASM 5.84                          HARD.ASM   10-30-2025  14:19:12         PAGE 16


LOC  OBJECT CODE     LINE SOURCE TEXT
  VALUE

                      00215     
0002DC 0E04           00216     MOVLW B'00000100'
0002DE 6E89           00217     MOVWF LATA
                      00218     
0002E0 A081           00219     BTFSS PORTB, 0
0002E2 D???           00220     BRA wait_release
                      00221     
                      00222     DELAY d'111', d'70' ;delay 0.5s
  0000                    M     local LOOP1         ; Inner loop
  0000                    M     local LOOP2         ; Outer loop
                          M     
                          M     ; 2 cycles
0002E4 0E46               M     MOVLW d'70'         ; Load num2 into WREG
0002E6 6E15               M     MOVWF L2            ; Store WREG value into L2
                          M     
                          M     ; Total_cycles for LOOP2 = 2 cycles
Warning[207]: Found label after column 1. (LOOP2)
0002E8                    M     LOOP2:
0002E8 0E6F               M     MOVLW d'111'        
0002EA 6E14               M     MOVWF L1  
                          M     
                          M     ; Total_cycles for LOOP1 = 8 cycles
Warning[207]: Found label after column 1. (LOOP1)
0002EC                    M     LOOP1:
0002EC 0000               M     NOP                 ; busy waiting
0002EE 0000               M     NOP
0002F0 0000               M     NOP
0002F2 0000               M     NOP
0002F4 0000               M     NOP
0002F6 2E14               M     DECFSZ L1, 1        
0002F8 D???               M     BRA LOOP1           ; BRA instruction spends 2 cycles
                          M     
                          M     ; 3 cycles
0002FA 2E15               M     DECFSZ L2, 1        ; Decrement L2, skip if zero
0002FC D???               M     BRA LOOP2           
0002FE A081           00223     BTFSS PORTB, 0
000300 D???           00224     BRA wait_release
                      00225     DELAY d'111', d'70'
  0000                    M     local LOOP1         ; Inner loop
  0000                    M     local LOOP2         ; Outer loop
                          M     
                          M     ; 2 cycles
000302 0E46               M     MOVLW d'70'         ; Load num2 into WREG
000304 6E15               M     MOVWF L2            ; Store WREG value into L2
                          M     
                          M     ; Total_cycles for LOOP2 = 2 cycles
Warning[207]: Found label after column 1. (LOOP2)
000306                    M     LOOP2:
000306 0E6F               M     MOVLW d'111'        
000308 6E14               M     MOVWF L1  
                          M     
                          M     ; Total_cycles for LOOP1 = 8 cycles
Warning[207]: Found label after column 1. (LOOP1)
MPASM 5.84                          HARD.ASM   10-30-2025  14:19:12         PAGE 17


LOC  OBJECT CODE     LINE SOURCE TEXT
  VALUE

00030A                    M     LOOP1:
00030A 0000               M     NOP                 ; busy waiting
00030C 0000               M     NOP
00030E 0000               M     NOP
000310 0000               M     NOP
000312 0000               M     NOP
000314 2E14               M     DECFSZ L1, 1        
000316 D???               M     BRA LOOP1           ; BRA instruction spends 2 cycles
                          M     
                          M     ; 3 cycles
000318 2E15               M     DECFSZ L2, 1        ; Decrement L2, skip if zero
00031A D???               M     BRA LOOP2           
                      00226     
00031C 0E00           00227     MOVLW B'00000000' 
00031E 6E89           00228     MOVWF LATA
                      00229     
000320 A081           00230     BTFSS PORTB, 0
000322 D???           00231     BRA wait_release
                      00232     
                      00233     DELAY d'111', d'70' ;delay 1s
  0000                    M     local LOOP1         ; Inner loop
  0000                    M     local LOOP2         ; Outer loop
                          M     
                          M     ; 2 cycles
000324 0E46               M     MOVLW d'70'         ; Load num2 into WREG
000326 6E15               M     MOVWF L2            ; Store WREG value into L2
                          M     
                          M     ; Total_cycles for LOOP2 = 2 cycles
Warning[207]: Found label after column 1. (LOOP2)
000328                    M     LOOP2:
000328 0E6F               M     MOVLW d'111'        
00032A 6E14               M     MOVWF L1  
                          M     
                          M     ; Total_cycles for LOOP1 = 8 cycles
Warning[207]: Found label after column 1. (LOOP1)
00032C                    M     LOOP1:
00032C 0000               M     NOP                 ; busy waiting
00032E 0000               M     NOP
000330 0000               M     NOP
000332 0000               M     NOP
000334 0000               M     NOP
000336 2E14               M     DECFSZ L1, 1        
000338 D???               M     BRA LOOP1           ; BRA instruction spends 2 cycles
                          M     
                          M     ; 3 cycles
00033A 2E15               M     DECFSZ L2, 1        ; Decrement L2, skip if zero
00033C D???               M     BRA LOOP2           
                      00234     
00033E A081           00235     BTFSS PORTB, 0
000340 D???           00236     BRA wait_release
                      00237     DELAY d'111', d'70'
  0000                    M     local LOOP1         ; Inner loop
  0000                    M     local LOOP2         ; Outer loop
MPASM 5.84                          HARD.ASM   10-30-2025  14:19:12         PAGE 18


LOC  OBJECT CODE     LINE SOURCE TEXT
  VALUE

                          M     
                          M     ; 2 cycles
000342 0E46               M     MOVLW d'70'         ; Load num2 into WREG
000344 6E15               M     MOVWF L2            ; Store WREG value into L2
                          M     
                          M     ; Total_cycles for LOOP2 = 2 cycles
Warning[207]: Found label after column 1. (LOOP2)
000346                    M     LOOP2:
000346 0E6F               M     MOVLW d'111'        
000348 6E14               M     MOVWF L1  
                          M     
                          M     ; Total_cycles for LOOP1 = 8 cycles
Warning[207]: Found label after column 1. (LOOP1)
00034A                    M     LOOP1:
00034A 0000               M     NOP                 ; busy waiting
00034C 0000               M     NOP
00034E 0000               M     NOP
000350 0000               M     NOP
000352 0000               M     NOP
000354 2E14               M     DECFSZ L1, 1        
000356 D???               M     BRA LOOP1           ; BRA instruction spends 2 cycles
                          M     
                          M     ; 3 cycles
000358 2E15               M     DECFSZ L2, 1        ; Decrement L2, skip if zero
00035A D???               M     BRA LOOP2           
                      00238     
00035C A081           00239     BTFSS PORTB, 0
00035E D???           00240     BRA wait_release
                      00241     DELAY d'111', d'70'
  0000                    M     local LOOP1         ; Inner loop
  0000                    M     local LOOP2         ; Outer loop
                          M     
                          M     ; 2 cycles
000360 0E46               M     MOVLW d'70'         ; Load num2 into WREG
000362 6E15               M     MOVWF L2            ; Store WREG value into L2
                          M     
                          M     ; Total_cycles for LOOP2 = 2 cycles
Warning[207]: Found label after column 1. (LOOP2)
000364                    M     LOOP2:
000364 0E6F               M     MOVLW d'111'        
000366 6E14               M     MOVWF L1  
                          M     
                          M     ; Total_cycles for LOOP1 = 8 cycles
Warning[207]: Found label after column 1. (LOOP1)
000368                    M     LOOP1:
000368 0000               M     NOP                 ; busy waiting
00036A 0000               M     NOP
00036C 0000               M     NOP
00036E 0000               M     NOP
000370 0000               M     NOP
000372 2E14               M     DECFSZ L1, 1        
000374 D???               M     BRA LOOP1           ; BRA instruction spends 2 cycles
                          M     
MPASM 5.84                          HARD.ASM   10-30-2025  14:19:12         PAGE 19


LOC  OBJECT CODE     LINE SOURCE TEXT
  VALUE

                          M     ; 3 cycles
000376 2E15               M     DECFSZ L2, 1        ; Decrement L2, skip if zero
000378 D???               M     BRA LOOP2           
                      00242     
00037A A081           00243     BTFSS PORTB, 0
00037C D???           00244     BRA wait_release
                      00245     DELAY d'111', d'70'
  0000                    M     local LOOP1         ; Inner loop
  0000                    M     local LOOP2         ; Outer loop
                          M     
                          M     ; 2 cycles
00037E 0E46               M     MOVLW d'70'         ; Load num2 into WREG
000380 6E15               M     MOVWF L2            ; Store WREG value into L2
                          M     
                          M     ; Total_cycles for LOOP2 = 2 cycles
Warning[207]: Found label after column 1. (LOOP2)
000382                    M     LOOP2:
000382 0E6F               M     MOVLW d'111'        
000384 6E14               M     MOVWF L1  
                          M     
                          M     ; Total_cycles for LOOP1 = 8 cycles
Warning[207]: Found label after column 1. (LOOP1)
000386                    M     LOOP1:
000386 0000               M     NOP                 ; busy waiting
000388 0000               M     NOP
00038A 0000               M     NOP
00038C 0000               M     NOP
00038E 0000               M     NOP
000390 2E14               M     DECFSZ L1, 1        
000392 D???               M     BRA LOOP1           ; BRA instruction spends 2 cycles
                          M     
                          M     ; 3 cycles
000394 2E15               M     DECFSZ L2, 1        ; Decrement L2, skip if zero
000396 D???               M     BRA LOOP2           
                      00246     
000398 0E04           00247     MOVLW B'00000100' 
00039A 6E89           00248     MOVWF LATA
                      00249     
00039C A081           00250     BTFSS PORTB, 0
00039E D???           00251     BRA wait_release
                      00252     
                      00253     DELAY d'111', d'70' ;delay 0.5s
  0000                    M     local LOOP1         ; Inner loop
  0000                    M     local LOOP2         ; Outer loop
                          M     
                          M     ; 2 cycles
0003A0 0E46               M     MOVLW d'70'         ; Load num2 into WREG
0003A2 6E15               M     MOVWF L2            ; Store WREG value into L2
                          M     
                          M     ; Total_cycles for LOOP2 = 2 cycles
Warning[207]: Found label after column 1. (LOOP2)
0003A4                    M     LOOP2:
0003A4 0E6F               M     MOVLW d'111'        
MPASM 5.84                          HARD.ASM   10-30-2025  14:19:12         PAGE 20


LOC  OBJECT CODE     LINE SOURCE TEXT
  VALUE

0003A6 6E14               M     MOVWF L1  
                          M     
                          M     ; Total_cycles for LOOP1 = 8 cycles
Warning[207]: Found label after column 1. (LOOP1)
0003A8                    M     LOOP1:
0003A8 0000               M     NOP                 ; busy waiting
0003AA 0000               M     NOP
0003AC 0000               M     NOP
0003AE 0000               M     NOP
0003B0 0000               M     NOP
0003B2 2E14               M     DECFSZ L1, 1        
0003B4 D???               M     BRA LOOP1           ; BRA instruction spends 2 cycles
                          M     
                          M     ; 3 cycles
0003B6 2E15               M     DECFSZ L2, 1        ; Decrement L2, skip if zero
0003B8 D???               M     BRA LOOP2           
                      00254     
0003BA A081           00255     BTFSS PORTB, 0
0003BC D???           00256     BRA wait_release
                      00257     DELAY d'111', d'70'
  0000                    M     local LOOP1         ; Inner loop
  0000                    M     local LOOP2         ; Outer loop
                          M     
                          M     ; 2 cycles
0003BE 0E46               M     MOVLW d'70'         ; Load num2 into WREG
0003C0 6E15               M     MOVWF L2            ; Store WREG value into L2
                          M     
                          M     ; Total_cycles for LOOP2 = 2 cycles
Warning[207]: Found label after column 1. (LOOP2)
0003C2                    M     LOOP2:
0003C2 0E6F               M     MOVLW d'111'        
0003C4 6E14               M     MOVWF L1  
                          M     
                          M     ; Total_cycles for LOOP1 = 8 cycles
Warning[207]: Found label after column 1. (LOOP1)
0003C6                    M     LOOP1:
0003C6 0000               M     NOP                 ; busy waiting
0003C8 0000               M     NOP
0003CA 0000               M     NOP
0003CC 0000               M     NOP
0003CE 0000               M     NOP
0003D0 2E14               M     DECFSZ L1, 1        
0003D2 D???               M     BRA LOOP1           ; BRA instruction spends 2 cycles
                          M     
                          M     ; 3 cycles
0003D4 2E15               M     DECFSZ L2, 1        ; Decrement L2, skip if zero
0003D6 D???               M     BRA LOOP2           
                      00258     
0003D8 A081           00259     BTFSS PORTB, 0
0003DA D???           00260     BRA wait_release
                      00261     
0003DC D???           00262     BRA lightup2
                      00263     
MPASM 5.84                          HARD.ASM   10-30-2025  14:19:12         PAGE 21


LOC  OBJECT CODE     LINE SOURCE TEXT
  VALUE

                      00264     
Warning[205]: Found directive in column 1. (end)
                      00265 end
MPASM 5.84                          HARD.ASM   10-30-2025  14:19:12         PAGE 22


SYMBOL TABLE
  LABEL                             VALUE 

A                                 00000000
ABDEN                             00000000
ABDOVF                            00000007
ACCESS                            00000000
ACKDT                             00000005
ACKEN                             00000004
ACKSTAT                           00000006
ACQT0                             00000003
ACQT1                             00000004
ACQT2                             00000005
ADCON0                            00000FC2
ADCON1                            00000FC1
ADCON2                            00000FC0
ADCS0                             00000000
ADCS1                             00000001
ADCS2                             00000002
ADDEN                             00000003
ADEN                              00000003
ADFM                              00000007
ADIE                              00000006
ADIF                              00000006
ADIP                              00000006
ADMSK1                            00000001
ADMSK2                            00000002
ADMSK3                            00000003
ADMSK4                            00000004
ADMSK5                            00000005
ADON                              00000000
ADRES                             00000FC3
ADRESH                            00000FC4
ADRESL                            00000FC3
AN0                               00000000
AN1                               00000001
AN10                              00000001
AN11                              00000004
AN12                              00000000
AN2                               00000002
AN3                               00000003
AN4                               00000005
AN5                               00000000
AN6                               00000001
AN7                               00000002
AN8                               00000002
AN9                               00000003
BANKED                            00000001
BAUDCON                           00000FB8
BAUDCTL                           00000FB8
BCLIE                             00000003
BCLIF                             00000003
BCLIP                             00000003
BF                                00000000
BGST                              00000005
BOR                               00000000
MPASM 5.84                          HARD.ASM   10-30-2025  14:19:12         PAGE 23


SYMBOL TABLE
  LABEL                             VALUE 

BRG16                             00000003
BRGH                              00000002
BSR                               00000FE0
C                                 00000000
C1INV                             00000004
C1OUT_CMCON                       00000006
C1OUT_PORTA                       00000004
C2INV                             00000005
C2OUT_CMCON                       00000007
C2OUT_PORTA                       00000005
CCP1                              00000002
CCP1CON                           00000FBD
CCP1IE                            00000002
CCP1IF                            00000002
CCP1IP                            00000002
CCP1M0                            00000000
CCP1M1                            00000001
CCP1M2                            00000002
CCP1M3                            00000003
CCP1X                             00000005
CCP1Y                             00000004
CCP2CON                           00000FBA
CCP2IE                            00000000
CCP2IF                            00000000
CCP2IP                            00000000
CCP2M0                            00000000
CCP2M1                            00000001
CCP2M2                            00000002
CCP2M3                            00000003
CCP2X                             00000005
CCP2Y                             00000004
CCP2_PORTB                        00000003
CCP2_PORTC                        00000001
CCPR1                             00000FBE
CCPR1H                            00000FBF
CCPR1L                            00000FBE
CCPR2                             00000FBB
CCPR2H                            00000FBC
CCPR2L                            00000FBB
CFGS                              00000006
CHS0                              00000002
CHS1                              00000003
CHS2                              00000004
CHS3                              00000005
CIS                               00000003
CK                                00000006
CKE                               00000006
CKP                               00000004
CLKI                              00000007
CLKO                              00000006
CM0                               00000000
CM1                               00000001
CM2                               00000002
MPASM 5.84                          HARD.ASM   10-30-2025  14:19:12         PAGE 24


SYMBOL TABLE
  LABEL                             VALUE 

CMCON                             00000FB4
CMIE                              00000006
CMIF                              00000006
CMIP                              00000006
CREN                              00000004
CS                                00000002
CSRC                              00000007
CVR0                              00000000
CVR1                              00000001
CVR2                              00000002
CVR3                              00000003
CVRCON                            00000FB5
CVREF                             00000002
CVREN                             00000007
CVROE                             00000006
CVRR                              00000005
CVRSS                             00000004
D                                 00000005
DC                                00000001
DC1B0                             00000004
DC1B1                             00000005
DC2B0                             00000004
DC2B1                             00000005
DDRA                              TRISA
DDRB                              TRISB
DDRC                              TRISC
DDRD                              TRISD
DDRE                              TRISE
DELAY                             
DONE                              00000001
D_A                               00000005
D_NOT_A                           00000005
ECCP1AS                           00000FB6
ECCP1DEL                          00000FB7
ECCPAS                            00000FB6
ECCPAS0                           00000004
ECCPAS1                           00000005
ECCPAS2                           00000006
ECCPASE                           00000007
EEADR                             00000FA9
EECON1                            00000FA6
EECON2                            00000FA7
EEDATA                            00000FA8
EEIE                              00000004
EEIF                              00000004
EEIP                              00000004
EEPGD                             00000007
FAST                              00000001
FERR                              00000002
FLT0                              00000000
FLTS                              00000002
FREE                              00000004
FSR0                              00000000
MPASM 5.84                          HARD.ASM   10-30-2025  14:19:12         PAGE 25


SYMBOL TABLE
  LABEL                             VALUE 

FSR0H                             00000FEA
FSR0L                             00000FE9
FSR1                              00000001
FSR1H                             00000FE2
FSR1L                             00000FE1
FSR2                              00000002
FSR2H                             00000FDA
FSR2L                             00000FD9
GCEN                              00000007
GIE                               00000007
GIEH                              00000007
GIEL                              00000006
GIE_GIEH                          00000007
GO                                00000001
GO_DONE                           00000001
GO_NOT_DONE                       00000001
HLVDCON                           00000FD2
HLVDEN                            00000004
HLVDIE                            00000002
HLVDIF                            00000002
HLVDIN                            00000005
HLVDIP                            00000002
HLVDL0                            00000000
HLVDL1                            00000001
HLVDL2                            00000002
HLVDL3                            00000003
IBF                               00000007
IBOV                              00000005
IDLEN                             00000007
INDF0                             00000FEF
INDF1                             00000FE7
INDF2                             00000FDF
INT0                              00000000
INT0E                             00000004
INT0F                             00000001
INT0IE                            00000004
INT0IF                            00000001
INT1                              00000001
INT1E                             00000003
INT1F                             00000000
INT1IE                            00000003
INT1IF                            00000000
INT1IP                            00000006
INT1P                             00000006
INT2                              00000002
INT2E                             00000004
INT2F                             00000001
INT2IE                            00000004
INT2IF                            00000001
INT2IP                            00000007
INT2P                             00000007
INTCON                            00000FF2
INTCON2                           00000FF1
MPASM 5.84                          HARD.ASM   10-30-2025  14:19:12         PAGE 26


SYMBOL TABLE
  LABEL                             VALUE 

INTCON3                           00000FF0
INTEDG0                           00000006
INTEDG1                           00000005
INTEDG2                           00000004
INTSRC                            00000007
IOFS                              00000002
IPEN                              00000007
IPR1                              00000F9F
IPR2                              00000FA2
IRCF0                             00000004
IRCF1                             00000005
IRCF2                             00000006
IRVST                             00000005
IVRST                             00000005
KBI0                              00000004
KBI1                              00000005
KBI2                              00000006
KBI3                              00000007
L1                                00000014
L2                                00000015
LATA                              00000F89
LATA0                             00000000
LATA1                             00000001
LATA2                             00000002
LATA3                             00000003
LATA4                             00000004
LATA5                             00000005
LATA6                             00000006
LATA7                             00000007
LATB                              00000F8A
LATB0                             00000000
LATB1                             00000001
LATB2                             00000002
LATB3                             00000003
LATB4                             00000004
LATB5                             00000005
LATB6                             00000006
LATB7                             00000007
LATC                              00000F8B
LATC0                             00000000
LATC1                             00000001
LATC2                             00000002
LATC3                             00000003
LATC4                             00000004
LATC5                             00000005
LATC6                             00000006
LATC7                             00000007
LATD                              00000F8C
LATD0                             00000000
LATD1                             00000001
LATD2                             00000002
LATD3                             00000003
LATD4                             00000004
MPASM 5.84                          HARD.ASM   10-30-2025  14:19:12         PAGE 27


SYMBOL TABLE
  LABEL                             VALUE 

LATD5                             00000005
LATD6                             00000006
LATD7                             00000007
LATE                              00000F8D
LATE0                             00000000
LATE1                             00000001
LATE2                             00000002
LVDCON                            00000FD2
LVDEN                             00000004
LVDIE                             00000002
LVDIF                             00000002
LVDIN                             00000005
LVDIP                             00000002
LVDL0                             00000000
LVDL1                             00000001
LVDL2                             00000002
LVDL3                             00000003
LVV0                              00000000
LVV1                              00000001
LVV2                              00000002
LVV3                              00000003
MCLR                              00000003
N                                 00000004
NOT_A                             00000005
NOT_ADDRESS                       00000005
NOT_BOR                           00000000
NOT_CS                            00000002
NOT_DONE                          00000001
NOT_MCLR                          00000003
NOT_PD                            00000002
NOT_POR                           00000001
NOT_RBPU                          00000007
NOT_RD                            00000000
NOT_RI                            00000004
NOT_SS                            00000005
NOT_T1SYNC                        00000002
NOT_T3SYNC                        00000002
NOT_TO                            00000003
NOT_W                             00000002
NOT_WR                            00000001
NOT_WRITE                         00000002
OBF                               00000006
OERR                              00000001
OSC1                              00000007
OSC2                              00000006
OSCCON                            00000FD3
OSCFIE                            00000007
OSCFIF                            00000007
OSCFIP                            00000007
OSCTUNE                           00000F9B
OSTS                              00000003
OV                                00000003
P                                 00000004
MPASM 5.84                          HARD.ASM   10-30-2025  14:19:12         PAGE 28


SYMBOL TABLE
  LABEL                             VALUE 

P1A                               00000002
P1B                               00000005
P1C                               00000006
P1D                               00000007
P1M0                              00000006
P1M1                              00000007
PC                                00000FF9
PCFG0                             00000000
PCFG1                             00000001
PCFG2                             00000002
PCFG3                             00000003
PCL                               00000FF9
PCLATH                            00000FFA
PCLATU                            00000FFB
PD                                00000002
PDC0                              00000000
PDC1                              00000001
PDC2                              00000002
PDC3                              00000003
PDC4                              00000004
PDC5                              00000005
PDC6                              00000006
PEIE                              00000006
PEIE_GIEL                         00000006
PEN                               00000002
PGC                               00000006
PGD                               00000007
PGM                               00000005
PIE1                              00000F9D
PIE2                              00000FA0
PIR1                              00000F9E
PIR2                              00000FA1
PLLEN                             00000006
PLUSW0                            00000FEB
PLUSW1                            00000FE3
PLUSW2                            00000FDB
POR                               00000001
PORTA                             00000F80
PORTB                             00000F81
PORTC                             00000F82
PORTD                             00000F83
PORTE                             00000F84
POSTDEC0                          00000FED
POSTDEC1                          00000FE5
POSTDEC2                          00000FDD
POSTINC0                          00000FEE
POSTINC1                          00000FE6
POSTINC2                          00000FDE
PR2                               00000FCB
PREINC0                           00000FEC
PREINC1                           00000FE4
PREINC2                           00000FDC
PROD                              00000FF3
MPASM 5.84                          HARD.ASM   10-30-2025  14:19:12         PAGE 29


SYMBOL TABLE
  LABEL                             VALUE 

PRODH                             00000FF4
PRODL                             00000FF3
PRSEN                             00000007
PSA                               00000003
PSP0                              00000000
PSP1                              00000001
PSP2                              00000002
PSP3                              00000003
PSP4                              00000004
PSP5                              00000005
PSP6                              00000006
PSP7                              00000007
PSPIE                             00000007
PSPIF                             00000007
PSPIP                             00000007
PSPMODE                           00000004
PSSAC0                            00000002
PSSAC1                            00000003
PSSBD0                            00000000
PSSBD1                            00000001
PWM1CON                           00000FB7
R                                 00000002
RA0                               00000000
RA1                               00000001
RA2                               00000002
RA3                               00000003
RA4                               00000004
RA5                               00000005
RA6                               00000006
RA7                               00000007
RB0                               00000000
RB1                               00000001
RB2                               00000002
RB3                               00000003
RB4                               00000004
RB5                               00000005
RB6                               00000006
RB7                               00000007
RBIE                              00000003
RBIF                              00000000
RBIP                              00000000
RBPU                              00000007
RC0                               00000000
RC1                               00000001
RC2                               00000002
RC3                               00000003
RC4                               00000004
RC5                               00000005
RC6                               00000006
RC7                               00000007
RCEN                              00000003
RCIDL                             00000006
RCIE                              00000005
MPASM 5.84                          HARD.ASM   10-30-2025  14:19:12         PAGE 30


SYMBOL TABLE
  LABEL                             VALUE 

RCIF                              00000005
RCIP                              00000005
RCMT                              00000006
RCON                              00000FD0
RCREG                             00000FAE
RCSTA                             00000FAB
RD                                00000000
RD0                               00000000
RD1                               00000001
RD16                              00000007
RD2                               00000002
RD3                               00000003
RD4                               00000004
RD5                               00000005
RD6                               00000006
RD7                               00000007
RE0                               00000000
RE1                               00000001
RE2                               00000002
RE3                               00000003
RI                                00000004
RSEN                              00000001
RX                                00000007
RX9                               00000006
RX9D                              00000000
RXDTP                             00000005
R_NOT_W                           00000002
R_W                               00000002
S                                 00000003
SBOREN                            00000006
SCK                               00000003
SCKP                              00000004
SCL                               00000003
SCS0                              00000000
SCS1                              00000001
SDA                               00000004
SDI                               00000004
SDO                               00000005
SEN                               00000000
SENDB                             00000003
SMP                               00000007
SP0                               00000000
SP1                               00000001
SP2                               00000002
SP3                               00000003
SP4                               00000004
SPBRG                             00000FAF
SPBRGH                            00000FB0
SPEN                              00000007
SREN                              00000005
SS                                00000005
SSPADD                            00000FC8
SSPBUF                            00000FC9
MPASM 5.84                          HARD.ASM   10-30-2025  14:19:12         PAGE 31


SYMBOL TABLE
  LABEL                             VALUE 

SSPCON1                           00000FC6
SSPCON2                           00000FC5
SSPEN                             00000005
SSPIE                             00000003
SSPIF                             00000003
SSPIP                             00000003
SSPM0                             00000000
SSPM1                             00000001
SSPM2                             00000002
SSPM3                             00000003
SSPOV                             00000006
SSPSTAT                           00000FC7
STATUS                            00000FD8
STKFUL                            00000007
STKOVF                            00000007
STKPTR                            00000FFC
STKUNF                            00000006
SWDTE                             00000000
SWDTEN                            00000000
SYNC                              00000004
T016BIT                           00000006
T08BIT                            00000006
T0CKI                             00000004
T0CON                             00000FD5
T0CS                              00000005
T0IE                              00000005
T0IF                              00000002
T0PS0                             00000000
T0PS1                             00000001
T0PS2                             00000002
T0PS3                             00000003
T0SE                              00000004
T13CKI                            00000000
T1CKI                             00000000
T1CKPS0                           00000004
T1CKPS1                           00000005
T1CON                             00000FCD
T1OSCEN                           00000003
T1OSI                             00000001
T1OSO                             00000000
T1RUN                             00000006
T1SYNC                            00000002
T2CKPS0                           00000000
T2CKPS1                           00000001
T2CON                             00000FCA
T2OUTPS0                          00000003
T2OUTPS1                          00000004
T2OUTPS2                          00000005
T2OUTPS3                          00000006
T3CCP1                            00000003
T3CCP2                            00000006
T3CKPS0                           00000004
T3CKPS1                           00000005
MPASM 5.84                          HARD.ASM   10-30-2025  14:19:12         PAGE 32


SYMBOL TABLE
  LABEL                             VALUE 

T3CON                             00000FB1
T3SYNC                            00000002
TABLAT                            00000FF5
TBLPTR                            00000FF6
TBLPTRH                           00000FF7
TBLPTRL                           00000FF6
TBLPTRU                           00000FF8
TMR0                              00000FD6
TMR0H                             00000FD7
TMR0IE                            00000005
TMR0IF                            00000002
TMR0IP                            00000002
TMR0L                             00000FD6
TMR0ON                            00000007
TMR1                              00000FCE
TMR1CS                            00000001
TMR1H                             00000FCF
TMR1IE                            00000000
TMR1IF                            00000000
TMR1IP                            00000000
TMR1L                             00000FCE
TMR1ON                            00000000
TMR2                              00000FCC
TMR2IE                            00000001
TMR2IF                            00000001
TMR2IP                            00000001
TMR2ON                            00000002
TMR3                              00000FB2
TMR3CS                            00000001
TMR3H                             00000FB3
TMR3IE                            00000001
TMR3IF                            00000001
TMR3IP                            00000001
TMR3L                             00000FB2
TMR3ON                            00000000
TO                                00000003
TOS                               00000FFD
TOSH                              00000FFE
TOSL                              00000FFD
TOSU                              00000FFF
TOUTPS0                           00000003
TOUTPS1                           00000004
TOUTPS2                           00000005
TOUTPS3                           00000006
TRISA                             00000F92
TRISA0                            00000000
TRISA1                            00000001
TRISA2                            00000002
TRISA3                            00000003
TRISA4                            00000004
TRISA5                            00000005
TRISA6                            00000006
TRISA7                            00000007
MPASM 5.84                          HARD.ASM   10-30-2025  14:19:12         PAGE 33


SYMBOL TABLE
  LABEL                             VALUE 

TRISB                             00000F93
TRISB0                            00000000
TRISB1                            00000001
TRISB2                            00000002
TRISB3                            00000003
TRISB4                            00000004
TRISB5                            00000005
TRISB6                            00000006
TRISB7                            00000007
TRISC                             00000F94
TRISC0                            00000000
TRISC1                            00000001
TRISC2                            00000002
TRISC3                            00000003
TRISC4                            00000004
TRISC5                            00000005
TRISC6                            00000006
TRISC7                            00000007
TRISD                             00000F95
TRISD0                            00000000
TRISD1                            00000001
TRISD2                            00000002
TRISD3                            00000003
TRISD4                            00000004
TRISD5                            00000005
TRISD6                            00000006
TRISD7                            00000007
TRISE                             00000F96
TRISE0                            00000000
TRISE1                            00000001
TRISE2                            00000002
TRMT                              00000001
TUN0                              00000000
TUN1                              00000001
TUN2                              00000002
TUN3                              00000003
TUN4                              00000004
TX                                00000006
TX9                               00000006
TX9D                              00000000
TXCKP                             00000004
TXEN                              00000005
TXIE                              00000004
TXIF                              00000004
TXIP                              00000004
TXREG                             00000FAD
TXSTA                             00000FAC
UA                                00000001
VCFG0                             00000004
VCFG1                             00000005
VDIRMAG                           00000007
VPP                               00000003
VREFN                             00000002
MPASM 5.84                          HARD.ASM   10-30-2025  14:19:12         PAGE 34


SYMBOL TABLE
  LABEL                             VALUE 

VREFP                             00000003
W                                 00000000
WCOL                              00000007
WDTCON                            00000FD1
WR                                00000001
WREG                              00000FE8
WREN                              00000002
WRERR                             00000003
WUE                               00000001
Z                                 00000002
_BOREN_NOSLP_2L                   000000FD
_BOREN_OFF_2L                     000000F9
_BOREN_ON_2L                      000000FB
_BOREN_SBORDIS_2L                 000000FF
_BORV_0_2L                        000000E7
_BORV_1_2L                        000000EF
_BORV_2_2L                        000000F7
_BORV_3_2L                        000000FF
_CCP2MX_PORTBE_3H                 000000FE
_CCP2MX_PORTC_3H                  000000FF
_CONFIG1H                         00300001
_CONFIG2H                         00300003
_CONFIG2L                         00300002
_CONFIG3H                         00300005
_CONFIG4L                         00300006
_CONFIG5H                         00300009
_CONFIG5L                         00300008
_CONFIG6H                         0030000B
_CONFIG6L                         0030000A
_CONFIG7H                         0030000D
_CONFIG7L                         0030000C
_CP0_OFF_5L                       000000FF
_CP0_ON_5L                        000000FE
_CP1_OFF_5L                       000000FF
_CP1_ON_5L                        000000FD
_CP2_OFF_5L                       000000FF
_CP2_ON_5L                        000000FB
_CP3_OFF_5L                       000000FF
_CP3_ON_5L                        000000F7
_CPB_OFF_5H                       000000FF
_CPB_ON_5H                        000000BF
_CPD_OFF_5H                       000000FF
_CPD_ON_5H                        0000007F
_DEBUG_OFF_4L                     000000FF
_DEBUG_ON_4L                      0000007F
_DEVID1                           003FFFFE
_DEVID2                           003FFFFF
_EBTR0_OFF_7L                     000000FF
_EBTR0_ON_7L                      000000FE
_EBTR1_OFF_7L                     000000FF
_EBTR1_ON_7L                      000000FD
_EBTR2_OFF_7L                     000000FF
_EBTR2_ON_7L                      000000FB
MPASM 5.84                          HARD.ASM   10-30-2025  14:19:12         PAGE 35


SYMBOL TABLE
  LABEL                             VALUE 

_EBTR3_OFF_7L                     000000FF
_EBTR3_ON_7L                      000000F7
_EBTRB_OFF_7H                     000000FF
_EBTRB_ON_7H                      000000BF
_FCMEN_OFF_1H                     000000BF
_FCMEN_ON_1H                      000000FF
_IDLOC0                           00200000
_IDLOC1                           00200001
_IDLOC2                           00200002
_IDLOC3                           00200003
_IDLOC4                           00200004
_IDLOC5                           00200005
_IDLOC6                           00200006
_IDLOC7                           00200007
_IESO_OFF_1H                      0000007F
_IESO_ON_1H                       000000FF
_LPT1OSC_OFF_3H                   000000FB
_LPT1OSC_ON_3H                    000000FF
_LVP_OFF_4L                       000000FB
_LVP_ON_4L                        000000FF
_MCLRE_OFF_3H                     0000007F
_MCLRE_ON_3H                      000000FF
_OSC_ECIO6_1H                     000000F5
_OSC_EC_1H                        000000F4
_OSC_HSPLL_1H                     000000F6
_OSC_HS_1H                        000000F2
_OSC_INTIO67_1H                   000000F8
_OSC_INTIO7_1H                    000000F9
_OSC_LP_1H                        000000F0
_OSC_RCIO6_1H                     000000F7
_OSC_RC_1H                        000000F3
_OSC_XT_1H                        000000F1
_PBADEN_OFF_3H                    000000FD
_PBADEN_ON_3H                     000000FF
_PWRT_OFF_2L                      000000FF
_PWRT_ON_2L                       000000FE
_STVREN_OFF_4L                    000000FE
_STVREN_ON_4L                     000000FF
_WDTPS_1024_2H                    000000F5
_WDTPS_128_2H                     000000EF
_WDTPS_16384_2H                   000000FD
_WDTPS_16_2H                      000000E9
_WDTPS_1_2H                       000000E1
_WDTPS_2048_2H                    000000F7
_WDTPS_256_2H                     000000F1
_WDTPS_2_2H                       000000E3
_WDTPS_32768_2H                   000000FF
_WDTPS_32_2H                      000000EB
_WDTPS_4096_2H                    000000F9
_WDTPS_4_2H                       000000E5
_WDTPS_512_2H                     000000F3
_WDTPS_64_2H                      000000ED
_WDTPS_8192_2H                    000000FB
MPASM 5.84                          HARD.ASM   10-30-2025  14:19:12         PAGE 36


SYMBOL TABLE
  LABEL                             VALUE 

_WDTPS_8_2H                       000000E7
_WDT_OFF_2H                       000000FE
_WDT_ON_2H                        000000FF
_WRT0_OFF_6L                      000000FF
_WRT0_ON_6L                       000000FE
_WRT1_OFF_6L                      000000FF
_WRT1_ON_6L                       000000FD
_WRT2_OFF_6L                      000000FF
_WRT2_ON_6L                       000000FB
_WRT3_OFF_6L                      000000FF
_WRT3_ON_6L                       000000F7
_WRTB_OFF_6H                      000000FF
_WRTB_ON_6H                       000000BF
_WRTC_OFF_6H                      000000FF
_WRTC_ON_6H                       000000DF
_WRTD_OFF_6H                      000000FF
_WRTD_ON_6H                       0000007F
_XINST_OFF_4L                     000000BF
_XINST_ON_4L                      000000FF
__18F4520                         00000001
__DEBUG                           
check_mode                        0000003E
check_mode1                       00000048
check_mode2                       00000050
check_process                     00000010
int                               00000000
lightup0                          00000058
lightup1                          0000005E
lightup2                          00000124
start                             00000000
wait_release                      00000016

Errors   :     0
Warnings :    63 reported,     0 suppressed
Messages :     0 reported,     0 suppressed

