MPLINK 5.09, LINKER
Linker Map File - Created Thu Oct 30 14:19:13 2025

                                 Section Info
                  Section       Type    Address   Location Size(Bytes)
                ---------  ---------  ---------  ---------  ---------
                   .org_0       code   0x000000    program   0x0003de
                   .cinit    romdata   0x0003de    program   0x000002
                    dbgP0       code   0x007dc0    program   0x000240
.config_300001_BUILD/DEFAULT/DEBUG/HARD.O    romdata   0x300001    program   0x000001
.config_300003_BUILD/DEFAULT/DEBUG/HARD.O    romdata   0x300003    program   0x000001
.config_300006_BUILD/DEFAULT/DEBUG/HARD.O    romdata   0x300006    program   0x000001
                    dbgD0      udata   0x0005f4       data   0x00000c



                              Program Memory Usage 
                               Start         End      
                           ---------   ---------      
                            0x000000    0x0003df      
                            0x007dc0    0x007fff      
                            0x300001    0x300001      
                            0x300003    0x300003      
                            0x300006    0x300006      
            1571 out of 33048 program addresses used, program memory utilization is 4%



                              Symbols - Sorted by Name
                     Name    Address   Location    Storage File                     
                ---------  ---------  ---------  --------- ---------                
                 _10LOOP1   0x000170    program     static C:\Users\User\MPLABXProjects\lab06.X\hard.asm
                 _10LOOP2   0x00016c    program     static C:\Users\User\MPLABXProjects\lab06.X\hard.asm
                 _11LOOP1   0x00018e    program     static C:\Users\User\MPLABXProjects\lab06.X\hard.asm
                 _11LOOP2   0x00018a    program     static C:\Users\User\MPLABXProjects\lab06.X\hard.asm
                 _12LOOP1   0x0001b0    program     static C:\Users\User\MPLABXProjects\lab06.X\hard.asm
                 _12LOOP2   0x0001ac    program     static C:\Users\User\MPLABXProjects\lab06.X\hard.asm
                 _13LOOP1   0x0001ce    program     static C:\Users\User\MPLABXProjects\lab06.X\hard.asm
                 _13LOOP2   0x0001ca    program     static C:\Users\User\MPLABXProjects\lab06.X\hard.asm
                 _14LOOP1   0x0001ec    program     static C:\Users\User\MPLABXProjects\lab06.X\hard.asm
                 _14LOOP2   0x0001e8    program     static C:\Users\User\MPLABXProjects\lab06.X\hard.asm
                 _15LOOP1   0x00020a    program     static C:\Users\User\MPLABXProjects\lab06.X\hard.asm
                 _15LOOP2   0x000206    program     static C:\Users\User\MPLABXProjects\lab06.X\hard.asm
                 _16LOOP1   0x000230    program     static C:\Users\User\MPLABXProjects\lab06.X\hard.asm
                 _16LOOP2   0x00022c    program     static C:\Users\User\MPLABXProjects\lab06.X\hard.asm
                 _17LOOP1   0x00024e    program     static C:\Users\User\MPLABXProjects\lab06.X\hard.asm
                 _17LOOP2   0x00024a    program     static C:\Users\User\MPLABXProjects\lab06.X\hard.asm
                 _18LOOP1   0x000270    program     static C:\Users\User\MPLABXProjects\lab06.X\hard.asm
                 _18LOOP2   0x00026c    program     static C:\Users\User\MPLABXProjects\lab06.X\hard.asm
                 _19LOOP1   0x00028e    program     static C:\Users\User\MPLABXProjects\lab06.X\hard.asm
                 _19LOOP2   0x00028a    program     static C:\Users\User\MPLABXProjects\lab06.X\hard.asm
                  _1LOOP1   0x00001e    program     static C:\Users\User\MPLABXProjects\lab06.X\hard.asm
                  _1LOOP2   0x00001a    program     static C:\Users\User\MPLABXProjects\lab06.X\hard.asm
                 _20LOOP1   0x0002ac    program     static C:\Users\User\MPLABXProjects\lab06.X\hard.asm
                 _20LOOP2   0x0002a8    program     static C:\Users\User\MPLABXProjects\lab06.X\hard.asm
                 _21LOOP1   0x0002ca    program     static C:\Users\User\MPLABXProjects\lab06.X\hard.asm
                 _21LOOP2   0x0002c6    program     static C:\Users\User\MPLABXProjects\lab06.X\hard.asm
                 _22LOOP1   0x0002ec    program     static C:\Users\User\MPLABXProjects\lab06.X\hard.asm
                 _22LOOP2   0x0002e8    program     static C:\Users\User\MPLABXProjects\lab06.X\hard.asm
                 _23LOOP1   0x00030a    program     static C:\Users\User\MPLABXProjects\lab06.X\hard.asm
                 _23LOOP2   0x000306    program     static C:\Users\User\MPLABXProjects\lab06.X\hard.asm
                 _24LOOP1   0x00032c    program     static C:\Users\User\MPLABXProjects\lab06.X\hard.asm
                 _24LOOP2   0x000328    program     static C:\Users\User\MPLABXProjects\lab06.X\hard.asm
                 _25LOOP1   0x00034a    program     static C:\Users\User\MPLABXProjects\lab06.X\hard.asm
                 _25LOOP2   0x000346    program     static C:\Users\User\MPLABXProjects\lab06.X\hard.asm
                 _26LOOP1   0x000368    program     static C:\Users\User\MPLABXProjects\lab06.X\hard.asm
                 _26LOOP2   0x000364    program     static C:\Users\User\MPLABXProjects\lab06.X\hard.asm
                 _27LOOP1   0x000386    program     static C:\Users\User\MPLABXProjects\lab06.X\hard.asm
                 _27LOOP2   0x000382    program     static C:\Users\User\MPLABXProjects\lab06.X\hard.asm
                 _28LOOP1   0x0003a8    program     static C:\Users\User\MPLABXProjects\lab06.X\hard.asm
                 _28LOOP2   0x0003a4    program     static C:\Users\User\MPLABXProjects\lab06.X\hard.asm
                 _29LOOP1   0x0003c6    program     static C:\Users\User\MPLABXProjects\lab06.X\hard.asm
                 _29LOOP2   0x0003c2    program     static C:\Users\User\MPLABXProjects\lab06.X\hard.asm
                  _2LOOP1   0x00006e    program     static C:\Users\User\MPLABXProjects\lab06.X\hard.asm
                  _2LOOP2   0x00006a    program     static C:\Users\User\MPLABXProjects\lab06.X\hard.asm
                  _3LOOP1   0x00008c    program     static C:\Users\User\MPLABXProjects\lab06.X\hard.asm
                  _3LOOP2   0x000088    program     static C:\Users\User\MPLABXProjects\lab06.X\hard.asm
                  _4LOOP1   0x0000ae    program     static C:\Users\User\MPLABXProjects\lab06.X\hard.asm
                  _4LOOP2   0x0000aa    program     static C:\Users\User\MPLABXProjects\lab06.X\hard.asm
                  _5LOOP1   0x0000cc    program     static C:\Users\User\MPLABXProjects\lab06.X\hard.asm
                  _5LOOP2   0x0000c8    program     static C:\Users\User\MPLABXProjects\lab06.X\hard.asm
                  _6LOOP1   0x0000ee    program     static C:\Users\User\MPLABXProjects\lab06.X\hard.asm
                  _6LOOP2   0x0000ea    program     static C:\Users\User\MPLABXProjects\lab06.X\hard.asm
                  _7LOOP1   0x00010c    program     static C:\Users\User\MPLABXProjects\lab06.X\hard.asm
                  _7LOOP2   0x000108    program     static C:\Users\User\MPLABXProjects\lab06.X\hard.asm
                  _8LOOP1   0x000134    program     static C:\Users\User\MPLABXProjects\lab06.X\hard.asm
                  _8LOOP2   0x000130    program     static C:\Users\User\MPLABXProjects\lab06.X\hard.asm
                  _9LOOP1   0x000152    program     static C:\Users\User\MPLABXProjects\lab06.X\hard.asm
                  _9LOOP2   0x00014e    program     static C:\Users\User\MPLABXProjects\lab06.X\hard.asm
               check_mode   0x00003e    program     static C:\Users\User\MPLABXProjects\lab06.X\hard.asm
              check_mode1   0x000048    program     static C:\Users\User\MPLABXProjects\lab06.X\hard.asm
              check_mode2   0x000050    program     static C:\Users\User\MPLABXProjects\lab06.X\hard.asm
            check_process   0x000010    program     static C:\Users\User\MPLABXProjects\lab06.X\hard.asm
                      int   0x000000    program     static C:\Users\User\MPLABXProjects\lab06.X\hard.asm
                 lightup0   0x000058    program     static C:\Users\User\MPLABXProjects\lab06.X\hard.asm
                 lightup1   0x00005e    program     static C:\Users\User\MPLABXProjects\lab06.X\hard.asm
                 lightup2   0x000124    program     static C:\Users\User\MPLABXProjects\lab06.X\hard.asm
                    start   0x000000    program     static C:\Users\User\MPLABXProjects\lab06.X\hard.asm
             wait_release   0x000016    program     static C:\Users\User\MPLABXProjects\lab06.X\hard.asm



                              Symbols - Sorted by Address
                     Name    Address   Location    Storage File                     
                ---------  ---------  ---------  --------- ---------                
                    start   0x000000    program     static C:\Users\User\MPLABXProjects\lab06.X\hard.asm
                      int   0x000000    program     static C:\Users\User\MPLABXProjects\lab06.X\hard.asm
            check_process   0x000010    program     static C:\Users\User\MPLABXProjects\lab06.X\hard.asm
             wait_release   0x000016    program     static C:\Users\User\MPLABXProjects\lab06.X\hard.asm
                  _1LOOP2   0x00001a    program     static C:\Users\User\MPLABXProjects\lab06.X\hard.asm
                  _1LOOP1   0x00001e    program     static C:\Users\User\MPLABXProjects\lab06.X\hard.asm
               check_mode   0x00003e    program     static C:\Users\User\MPLABXProjects\lab06.X\hard.asm
              check_mode1   0x000048    program     static C:\Users\User\MPLABXProjects\lab06.X\hard.asm
              check_mode2   0x000050    program     static C:\Users\User\MPLABXProjects\lab06.X\hard.asm
                 lightup0   0x000058    program     static C:\Users\User\MPLABXProjects\lab06.X\hard.asm
                 lightup1   0x00005e    program     static C:\Users\User\MPLABXProjects\lab06.X\hard.asm
                  _2LOOP2   0x00006a    program     static C:\Users\User\MPLABXProjects\lab06.X\hard.asm
                  _2LOOP1   0x00006e    program     static C:\Users\User\MPLABXProjects\lab06.X\hard.asm
                  _3LOOP2   0x000088    program     static C:\Users\User\MPLABXProjects\lab06.X\hard.asm
                  _3LOOP1   0x00008c    program     static C:\Users\User\MPLABXProjects\lab06.X\hard.asm
                  _4LOOP2   0x0000aa    program     static C:\Users\User\MPLABXProjects\lab06.X\hard.asm
                  _4LOOP1   0x0000ae    program     static C:\Users\User\MPLABXProjects\lab06.X\hard.asm
                  _5LOOP2   0x0000c8    program     static C:\Users\User\MPLABXProjects\lab06.X\hard.asm
                  _5LOOP1   0x0000cc    program     static C:\Users\User\MPLABXProjects\lab06.X\hard.asm
                  _6LOOP2   0x0000ea    program     static C:\Users\User\MPLABXProjects\lab06.X\hard.asm
                  _6LOOP1   0x0000ee    program     static C:\Users\User\MPLABXProjects\lab06.X\hard.asm
                  _7LOOP2   0x000108    program     static C:\Users\User\MPLABXProjects\lab06.X\hard.asm
                  _7LOOP1   0x00010c    program     static C:\Users\User\MPLABXProjects\lab06.X\hard.asm
                 lightup2   0x000124    program     static C:\Users\User\MPLABXProjects\lab06.X\hard.asm
                  _8LOOP2   0x000130    program     static C:\Users\User\MPLABXProjects\lab06.X\hard.asm
                  _8LOOP1   0x000134    program     static C:\Users\User\MPLABXProjects\lab06.X\hard.asm
                  _9LOOP2   0x00014e    program     static C:\Users\User\MPLABXProjects\lab06.X\hard.asm
                  _9LOOP1   0x000152    program     static C:\Users\User\MPLABXProjects\lab06.X\hard.asm
                 _10LOOP2   0x00016c    program     static C:\Users\User\MPLABXProjects\lab06.X\hard.asm
                 _10LOOP1   0x000170    program     static C:\Users\User\MPLABXProjects\lab06.X\hard.asm
                 _11LOOP2   0x00018a    program     static C:\Users\User\MPLABXProjects\lab06.X\hard.asm
                 _11LOOP1   0x00018e    program     static C:\Users\User\MPLABXProjects\lab06.X\hard.asm
                 _12LOOP2   0x0001ac    program     static C:\Users\User\MPLABXProjects\lab06.X\hard.asm
                 _12LOOP1   0x0001b0    program     static C:\Users\User\MPLABXProjects\lab06.X\hard.asm
                 _13LOOP2   0x0001ca    program     static C:\Users\User\MPLABXProjects\lab06.X\hard.asm
                 _13LOOP1   0x0001ce    program     static C:\Users\User\MPLABXProjects\lab06.X\hard.asm
                 _14LOOP2   0x0001e8    program     static C:\Users\User\MPLABXProjects\lab06.X\hard.asm
                 _14LOOP1   0x0001ec    program     static C:\Users\User\MPLABXProjects\lab06.X\hard.asm
                 _15LOOP2   0x000206    program     static C:\Users\User\MPLABXProjects\lab06.X\hard.asm
                 _15LOOP1   0x00020a    program     static C:\Users\User\MPLABXProjects\lab06.X\hard.asm
                 _16LOOP2   0x00022c    program     static C:\Users\User\MPLABXProjects\lab06.X\hard.asm
                 _16LOOP1   0x000230    program     static C:\Users\User\MPLABXProjects\lab06.X\hard.asm
                 _17LOOP2   0x00024a    program     static C:\Users\User\MPLABXProjects\lab06.X\hard.asm
                 _17LOOP1   0x00024e    program     static C:\Users\User\MPLABXProjects\lab06.X\hard.asm
                 _18LOOP2   0x00026c    program     static C:\Users\User\MPLABXProjects\lab06.X\hard.asm
                 _18LOOP1   0x000270    program     static C:\Users\User\MPLABXProjects\lab06.X\hard.asm
                 _19LOOP2   0x00028a    program     static C:\Users\User\MPLABXProjects\lab06.X\hard.asm
                 _19LOOP1   0x00028e    program     static C:\Users\User\MPLABXProjects\lab06.X\hard.asm
                 _20LOOP2   0x0002a8    program     static C:\Users\User\MPLABXProjects\lab06.X\hard.asm
                 _20LOOP1   0x0002ac    program     static C:\Users\User\MPLABXProjects\lab06.X\hard.asm
                 _21LOOP2   0x0002c6    program     static C:\Users\User\MPLABXProjects\lab06.X\hard.asm
                 _21LOOP1   0x0002ca    program     static C:\Users\User\MPLABXProjects\lab06.X\hard.asm
                 _22LOOP2   0x0002e8    program     static C:\Users\User\MPLABXProjects\lab06.X\hard.asm
                 _22LOOP1   0x0002ec    program     static C:\Users\User\MPLABXProjects\lab06.X\hard.asm
                 _23LOOP2   0x000306    program     static C:\Users\User\MPLABXProjects\lab06.X\hard.asm
                 _23LOOP1   0x00030a    program     static C:\Users\User\MPLABXProjects\lab06.X\hard.asm
                 _24LOOP2   0x000328    program     static C:\Users\User\MPLABXProjects\lab06.X\hard.asm
                 _24LOOP1   0x00032c    program     static C:\Users\User\MPLABXProjects\lab06.X\hard.asm
                 _25LOOP2   0x000346    program     static C:\Users\User\MPLABXProjects\lab06.X\hard.asm
                 _25LOOP1   0x00034a    program     static C:\Users\User\MPLABXProjects\lab06.X\hard.asm
                 _26LOOP2   0x000364    program     static C:\Users\User\MPLABXProjects\lab06.X\hard.asm
                 _26LOOP1   0x000368    program     static C:\Users\User\MPLABXProjects\lab06.X\hard.asm
                 _27LOOP2   0x000382    program     static C:\Users\User\MPLABXProjects\lab06.X\hard.asm
                 _27LOOP1   0x000386    program     static C:\Users\User\MPLABXProjects\lab06.X\hard.asm
                 _28LOOP2   0x0003a4    program     static C:\Users\User\MPLABXProjects\lab06.X\hard.asm
                 _28LOOP1   0x0003a8    program     static C:\Users\User\MPLABXProjects\lab06.X\hard.asm
                 _29LOOP2   0x0003c2    program     static C:\Users\User\MPLABXProjects\lab06.X\hard.asm
                 _29LOOP1   0x0003c6    program     static C:\Users\User\MPLABXProjects\lab06.X\hard.asm


