

Microchip MPLAB XC8 Assembler V2.46 build 20240104201356 
                                                                                               Sun Nov 16 15:08:41 2025

Microchip MPLAB XC8 C Compiler v2.46 (Free license) build 20240104201356 Og1 
     1                           	processor	18F4520
     2                           	fnconf	rparam,??,?,0
     3                           	pagewidth 120
     4                           	opt	flic
     5                           	psect	idataCOMRAM,global,class=CODE,delta=1,noexec
     6                           	psect	smallconst,global,reloc=2,class=SMALLCONST,delta=1,noexec
     7                           	psect	cinit,global,reloc=2,class=CODE,delta=1
     8                           	psect	bssCOMRAM,global,class=COMRAM,space=1,delta=1,lowdata,noexec
     9                           	psect	dataCOMRAM,global,class=COMRAM,space=1,delta=1,lowdata,noexec
    10                           	psect	cstackCOMRAM,global,class=COMRAM,space=1,delta=1,lowdata,noexec
    11                           	psect	text0,global,reloc=2,class=CODE,delta=1
    12                           	psect	intcode,global,reloc=2,class=CODE,delta=1
    13                           	psect	intcode_body,global,reloc=2,class=CODE,delta=1
    14                           	psect	text2,global,reloc=2,class=CODE,delta=1
    15                           	psect	text3,global,reloc=2,class=CODE,delta=1
    16                           	psect	text4,global,reloc=2,class=CODE,delta=1,group=1
    17                           	psect	text5,global,reloc=2,class=CODE,delta=1,group=1
    18                           	psect	intsave_regs,global,class=BIGRAM,space=1,delta=1,noexec
    19                           	psect	rparam,global,class=COMRAM,space=1,delta=1,noexec
    20                           	psect	temp,global,ovrld,common,class=COMRAM,space=1,delta=1,lowdata
    21                           	psect	idloc,global,abs,ovrld,class=IDLOC,space=5,delta=1,noexec
    22                           	psect	config,global,abs,ovrld,class=CONFIG,space=4,delta=1,noexec
    23   000000                     
    24                           ; Generated 05/01/2024 GMT
    25                           ; 
    26                           ; Copyright © 2024, Microchip Technology Inc. and its subsidiaries ("Microchip")
    27                           ; All rights reserved.
    28                           ; 
    29                           ; This software is developed by Microchip Technology Inc. and its subsidiaries ("Microch
      +                          ip").
    30                           ; 
    31                           ; Redistribution and use in source and binary forms, with or without modification, are
    32                           ; permitted provided that the following conditions are met:
    33                           ; 
    34                           ;     1. Redistributions of source code must retain the above copyright notice, this lis
      +                          t of
    35                           ;        conditions and the following disclaimer.
    36                           ; 
    37                           ;     2. Redistributions in binary form must reproduce the above copyright notice, this 
      +                          list
    38                           ;        of conditions and the following disclaimer in the documentation and/or other
    39                           ;        materials provided with the distribution. Publication is not required when
    40                           ;        this file is used in an embedded application.
    41                           ; 
    42                           ;     3. Microchip's name may not be used to endorse or promote products derived from th
      +                          is
    43                           ;        software without specific prior written permission.
    44                           ; 
    45                           ; THIS SOFTWARE IS PROVIDED BY MICROCHIP "AS IS" AND ANY EXPRESS OR IMPLIED WARRANTIES,
    46                           ; INCLUDING, BUT NOT LIMITED TO, THE IMPLIED WARRANTIES OF MERCHANTABILITY AND FITNESS F
      +                          OR
    47                           ; PURPOSE ARE DISCLAIMED.  IN NO EVENT SHALL MICROCHIP BE LIABLE FOR ANY DIRECT, INDIREC
      +                          T,
    48                           ; INCIDENTAL, SPECIAL, EXEMPLARY, OR CONSEQUENTIAL DAMAGES (INCLUDING BUT NOT LIMITED TO
    49                           ; PROCUREMENT OF SUBSTITUTE GOODS OR SERVICES; LOSS OF USE, DATA OR PROFITS; OR BUSINESS
    50                           ; INTERRUPTION) HOWSOEVER CAUSED AND ON ANY THEORY OF LIABILITY, WHETHER IN CONTRACT, ST
      +                          RICT
    51                           ; LIABILITY, OR TORT (INCLUDING NEGLIGENCE OR OTHERWISE) ARISING IN ANY WAY OUT OF THE U
      +                          SE OF
    52                           ; THIS SOFTWARE, EVEN IF ADVISED OF THE POSSIBILITY OF SUCH DAMAGE.
    53                           ; 
    54                           ; 
    55                           ; Code-generator required, PIC18F4520 Definitions
    56                           ; 
    57                           ; SFR Addresses
    58   000000                     
    59                           	psect	idataCOMRAM
    60   000A98                     __pidataCOMRAM:
    61                           	callstack 0
    62                           
    63                           ;initializer for _direction
    64   000A98  0001               	dw	1
    65                           
    66                           ;initializer for _angle
    67   000A9A  FFA6               	dw	65446
    68                           
    69                           	psect	smallconst
    70   000600                     __psmallconst:
    71                           	callstack 0
    72   000600  00                 	db	0
    73   000601                     set_servo_angle@angle_table:
    74                           	callstack 0
    75   000601  04                 	db	4
    76   000602  00                 	db	0
    77   000603  04                 	db	4
    78   000604  01                 	db	1
    79   000605  04                 	db	4
    80   000606  03                 	db	3
    81   000607  05                 	db	5
    82   000608  01                 	db	1
    83   000609  05                 	db	5
    84   00060A  02                 	db	2
    85   00060B  06                 	db	6
    86   00060C  00                 	db	0
    87   00060D  06                 	db	6
    88   00060E  02                 	db	2
    89   00060F  06                 	db	6
    90   000610  03                 	db	3
    91   000611  07                 	db	7
    92   000612  01                 	db	1
    93   000613  07                 	db	7
    94   000614  02                 	db	2
    95   000615  08                 	db	8
    96   000616  00                 	db	0
    97   000617  08                 	db	8
    98   000618  02                 	db	2
    99   000619  08                 	db	8
   100   00061A  03                 	db	3
   101   00061B  09                 	db	9
   102   00061C  01                 	db	1
   103   00061D  09                 	db	9
   104   00061E  03                 	db	3
   105   00061F  0A                 	db	10
   106   000620  00                 	db	0
   107   000621  0A                 	db	10
   108   000622  02                 	db	2
   109   000623  0B                 	db	11
   110   000624  00                 	db	0
   111   000625  0B                 	db	11
   112   000626  01                 	db	1
   113   000627  0B                 	db	11
   114   000628  03                 	db	3
   115   000629  0C                 	db	12
   116   00062A  01                 	db	1
   117   00062B  0C                 	db	12
   118   00062C  02                 	db	2
   119   00062D  0D                 	db	13
   120   00062E  00                 	db	0
   121   00062F  0D                 	db	13
   122   000630  02                 	db	2
   123   000631  0D                 	db	13
   124   000632  03                 	db	3
   125   000633  0E                 	db	14
   126   000634  01                 	db	1
   127   000635  0E                 	db	14
   128   000636  03                 	db	3
   129   000637  0F                 	db	15
   130   000638  00                 	db	0
   131   000639  0F                 	db	15
   132   00063A  02                 	db	2
   133   00063B  0F                 	db	15
   134   00063C  03                 	db	3
   135   00063D  10                 	db	16
   136   00063E  01                 	db	1
   137   00063F  10                 	db	16
   138   000640  03                 	db	3
   139   000641  11                 	db	17
   140   000642  00                 	db	0
   141   000643  11                 	db	17
   142   000644  02                 	db	2
   143   000645  12                 	db	18
   144   000646  00                 	db	0
   145   000647  12                 	db	18
   146   000648  01                 	db	1
   147   000649  12                 	db	18
   148   00064A  03                 	db	3
   149   00064B                     __end_ofset_servo_angle@angle_table:
   150                           	callstack 0
   151   000000                     _GIE	set	32663
   152   000000                     _PEIE	set	32662
   153   000000                     _INT0IE	set	32660
   154   000000                     _PORTBbits	set	3969
   155   000000                     _INT0IF	set	32657
   156   000000                     _LATDbits	set	3980
   157   000000                     _TRISBbits	set	3987
   158   000000                     _PIR1bits	set	3998
   159   000000                     _CCP2CONbits	set	4026
   160   000000                     _CCP1CONbits	set	4029
   161   000000                     _PR2	set	4043
   162   000000                     _T1CONbits	set	4045
   163   000000                     _TMR1L	set	4046
   164   000000                     _TMR1H	set	4047
   165   000000                     _OSCCONbits	set	4051
   166   000000                     _INTEDG0	set	32654
   167   000000                     _PIE1bits	set	3997
   168   000000                     _TRISCbits	set	3988
   169   000000                     _T2CONbits	set	4042
   170   000000                     _CCPR1L	set	4030
   171   000000                     _CCPR2L	set	4027
   172   00064B  00                 	db	0	; dummy byte at the end
   173   000000                     
   174                           ; #config settings
   175                           
   176                           	psect	cinit
   177   000A3C                     __pcinit:
   178                           	callstack 0
   179   000A3C                     start_initialization:
   180                           	callstack 0
   181   000A3C                     __initialization:
   182                           	callstack 0
   183                           
   184                           ; Initialize objects allocated to COMRAM (4 bytes)
   185                           ; load TBLPTR registers with __pidataCOMRAM
   186   000A3C  0E98               	movlw	low __pidataCOMRAM
   187   000A3E  6EF6               	movwf	tblptrl,c
   188   000A40  0E0A               	movlw	high __pidataCOMRAM
   189   000A42  6EF7               	movwf	tblptrh,c
   190   000A44  0E00               	movlw	low (__pidataCOMRAM shr (0+16))
   191   000A46  6EF8               	movwf	tblptru,c
   192   000A48  EE00  F021         	lfsr	0,__pdataCOMRAM
   193   000A4C  EE10 F004          	lfsr	1,4
   194   000A50                     copy_data0:
   195   000A50  0009               	tblrd		*+
   196   000A52  CFF5 FFEE          	movff	tablat,postinc0
   197   000A56  50E5               	movf	postdec1,w,c
   198   000A58  50E1               	movf	fsr1l,w,c
   199   000A5A  E1FA               	bnz	copy_data0
   200                           
   201                           ; Clear objects allocated to COMRAM (2 bytes)
   202   000A5C  6A26               	clrf	(__pbssCOMRAM+1)& (0+255),c
   203   000A5E  6A25               	clrf	__pbssCOMRAM& (0+255),c
   204   000A60                     end_of_initialization:
   205                           	callstack 0
   206   000A60                     __end_of__initialization:
   207                           	callstack 0
   208   000A60  9027               	bcf	int$flags,0,c	;clear compiler interrupt flag (level 1)
   209   000A62  9227               	bcf	int$flags,1,c	;clear compiler interrupt flag (level 2)
   210   000A64  0E00               	movlw	low (__Lsmallconst shr (0+16))
   211   000A66  6EF8               	movwf	tblptru,c
   212   000A68  0E06               	movlw	high __Lsmallconst
   213   000A6A  6EF7               	movwf	tblptrh,c
   214   000A6C  0100               	movlb	0
   215   000A6E  EFB6  F004         	goto	_main	;jump to C main() function
   216                           
   217                           	psect	bssCOMRAM
   218   000025                     __pbssCOMRAM:
   219                           	callstack 0
   220   000025                     _state:
   221                           	callstack 0
   222   000025                     	ds	2
   223                           
   224                           	psect	dataCOMRAM
   225   000021                     __pdataCOMRAM:
   226                           	callstack 0
   227   000021                     _direction:
   228                           	callstack 0
   229   000021                     	ds	2
   230   000023                     _angle:
   231                           	callstack 0
   232   000023                     	ds	2
   233                           
   234                           	psect	cstackCOMRAM
   235   000001                     __pcstackCOMRAM:
   236                           	callstack 0
   237   000001                     ?_clamp:
   238                           	callstack 0
   239   000001                     ?___wmul:
   240                           	callstack 0
   241   000001                     clamp@val:
   242                           	callstack 0
   243   000001                     ___wmul@multiplier:
   244                           	callstack 0
   245                           
   246                           ; 2 bytes @ 0x0
   247   000001                     	ds	2
   248   000003                     clamp@min:
   249                           	callstack 0
   250   000003                     ___wmul@multiplicand:
   251                           	callstack 0
   252                           
   253                           ; 2 bytes @ 0x2
   254   000003                     	ds	2
   255   000005                     clamp@max:
   256                           	callstack 0
   257   000005                     ___wmul@product:
   258                           	callstack 0
   259                           
   260                           ; 2 bytes @ 0x4
   261   000005                     	ds	2
   262   000007                     ??_clamp:
   263   000007                     ?___awdiv:
   264                           	callstack 0
   265   000007                     ___awdiv@dividend:
   266                           	callstack 0
   267                           
   268                           ; 2 bytes @ 0x6
   269   000007                     	ds	2
   270   000009                     ___awdiv@divisor:
   271                           	callstack 0
   272                           
   273                           ; 2 bytes @ 0x8
   274   000009                     	ds	2
   275   00000B                     ___awdiv@counter:
   276                           	callstack 0
   277                           
   278                           ; 1 bytes @ 0xA
   279   00000B                     	ds	1
   280   00000C                     ___awdiv@sign:
   281                           	callstack 0
   282                           
   283                           ; 1 bytes @ 0xB
   284   00000C                     	ds	1
   285   00000D                     ___awdiv@quotient:
   286                           	callstack 0
   287                           
   288                           ; 2 bytes @ 0xC
   289   00000D                     	ds	2
   290   00000F                     set_servo_angle@angle:
   291                           	callstack 0
   292                           
   293                           ; 2 bytes @ 0xE
   294   00000F                     	ds	2
   295   000011                     ??_set_servo_angle:
   296                           
   297                           ; 1 bytes @ 0x10
   298   000011                     	ds	4
   299   000015                     set_servo_angle@led_duty:
   300                           	callstack 0
   301                           
   302                           ; 4 bytes @ 0x14
   303   000015                     	ds	4
   304   000019                     set_servo_angle@index:
   305                           	callstack 0
   306                           
   307                           ; 2 bytes @ 0x18
   308   000019                     	ds	2
   309   00001B                     ??_ISR:
   310                           
   311                           ; 1 bytes @ 0x1A
   312   00001B                     	ds	6
   313   000021                     
   314                           ; 1 bytes @ 0x20
   315 ;;
   316 ;;Main: autosize = 0, tempsize = 0, incstack = 0, save=0
   317 ;;
   318 ;; *************** function _main *****************
   319 ;; Defined at:
   320 ;;		line 61 in file "hard.c"
   321 ;; Parameters:    Size  Location     Type
   322 ;;		None
   323 ;; Auto vars:     Size  Location     Type
   324 ;;  timer1_val      2    0        unsigned int 
   325 ;; Return value:  Size  Location     Type
   326 ;;                  1    wreg      void 
   327 ;; Registers used:
   328 ;;		wreg, status,2
   329 ;; Tracked objects:
   330 ;;		On entry : 0/0
   331 ;;		On exit  : 0/0
   332 ;;		Unchanged: 0/0
   333 ;; Data sizes:     COMRAM   BANK0   BANK1   BANK2   BANK3   BANK4   BANK5
   334 ;;      Params:         0       0       0       0       0       0       0
   335 ;;      Locals:         0       0       0       0       0       0       0
   336 ;;      Temps:          0       0       0       0       0       0       0
   337 ;;      Totals:         0       0       0       0       0       0       0
   338 ;;Total ram usage:        0 bytes
   339 ;; Hardware stack levels required when called: 3
   340 ;; This function calls:
   341 ;;		Nothing
   342 ;; This function is called by:
   343 ;;		Startup code after reset
   344 ;; This function uses a non-reentrant model
   345 ;;
   346                           
   347                           	psect	text0
   348   00096C                     __ptext0:
   349                           	callstack 0
   350   00096C                     _main:
   351                           	callstack 28
   352   00096C                     
   353                           ;hard.c: 63:     OSCCONbits.IRCF = 0b001;
   354   00096C  50D3               	movf	211,w,c	;volatile
   355   00096E  0B8F               	andlw	-113
   356   000970  0910               	iorlw	16
   357   000972  6ED3               	movwf	211,c	;volatile
   358   000974                     
   359                           ;hard.c: 64:     TRISBbits.TRISB0 = 1;
   360   000974  8093               	bsf	147,0,c	;volatile
   361   000976                     
   362                           ;hard.c: 65:     TRISCbits.TRISC2 = 0;
   363   000976  9494               	bcf	148,2,c	;volatile
   364   000978                     
   365                           ;hard.c: 66:     LATDbits.LATD7 = 0;
   366   000978  9E8C               	bcf	140,7,c	;volatile
   367   00097A                     
   368                           ;hard.c: 69:     T1CONbits.TMR1CS = 0;
   369   00097A  92CD               	bcf	205,1,c	;volatile
   370                           
   371                           ;hard.c: 70:     T1CONbits.T1CKPS = 0b11;
   372   00097C  0E30               	movlw	48
   373   00097E  12CD               	iorwf	205,f,c	;volatile
   374                           
   375                           ;hard.c: 73:     TMR1H = timer1_val >> 8;
   376   000980  0EFE               	movlw	254
   377   000982  6ECF               	movwf	207,c	;volatile
   378   000984                     
   379                           ;hard.c: 74:     TMR1L = timer1_val & 0xFF;
   380   000984  0EF1               	movlw	241
   381   000986  6ECE               	movwf	206,c	;volatile
   382   000988                     
   383                           ;hard.c: 76:     PIR1bits.TMR1IF = 0;
   384   000988  909E               	bcf	158,0,c	;volatile
   385   00098A                     
   386                           ;hard.c: 77:     PIE1bits.TMR1IE = 1;
   387   00098A  809D               	bsf	157,0,c	;volatile
   388   00098C                     
   389                           ;hard.c: 78:     T1CONbits.TMR1ON = 1;
   390   00098C  80CD               	bsf	205,0,c	;volatile
   391   00098E                     
   392                           ;hard.c: 81:     TRISCbits.TRISC2 = 0;
   393   00098E  9494               	bcf	148,2,c	;volatile
   394   000990                     
   395                           ;hard.c: 82:     TRISCbits.TRISC1 = 0;
   396   000990  9294               	bcf	148,1,c	;volatile
   397                           
   398                           ;hard.c: 83:     PR2 = 0x9B;
   399   000992  0E9B               	movlw	155
   400   000994  6ECB               	movwf	203,c	;volatile
   401                           
   402                           ;hard.c: 86:     CCP1CONbits.CCP1M = 0b1100;
   403   000996  50BD               	movf	189,w,c	;volatile
   404   000998  0BF0               	andlw	-16
   405   00099A  090C               	iorlw	12
   406   00099C  6EBD               	movwf	189,c	;volatile
   407                           
   408                           ;hard.c: 87:     CCPR1L = 0x0B;
   409   00099E  0E0B               	movlw	11
   410   0009A0  6EBE               	movwf	190,c	;volatile
   411                           
   412                           ;hard.c: 88:     CCP1CONbits.DC1B = 0b01;
   413   0009A2  50BD               	movf	189,w,c	;volatile
   414   0009A4  0BCF               	andlw	-49
   415   0009A6  0910               	iorlw	16
   416   0009A8  6EBD               	movwf	189,c	;volatile
   417                           
   418                           ;hard.c: 91:     CCP2CONbits.CCP2M = 0b1100;
   419   0009AA  50BA               	movf	186,w,c	;volatile
   420   0009AC  0BF0               	andlw	-16
   421   0009AE  090C               	iorlw	12
   422   0009B0  6EBA               	movwf	186,c	;volatile
   423                           
   424                           ;hard.c: 92:     CCPR2L = 0x00;
   425   0009B2  0E00               	movlw	0
   426   0009B4  6EBB               	movwf	187,c	;volatile
   427                           
   428                           ;hard.c: 93:     CCP2CONbits.DC2B = 0b00;
   429   0009B6  0ECF               	movlw	-49
   430   0009B8  16BA               	andwf	186,f,c	;volatile
   431                           
   432                           ;hard.c: 96:     T2CONbits.T2CKPS = 0b01;
   433   0009BA  50CA               	movf	202,w,c	;volatile
   434   0009BC  0BFC               	andlw	-4
   435   0009BE  0901               	iorlw	1
   436   0009C0  6ECA               	movwf	202,c	;volatile
   437   0009C2                     
   438                           ;hard.c: 97:     T2CONbits.TMR2ON = 1;
   439   0009C2  84CA               	bsf	202,2,c	;volatile
   440   0009C4                     
   441                           ;hard.c: 102:     INT0IF = 0;
   442   0009C4  92F2               	bcf	4082,1,c	;volatile
   443   0009C6                     
   444                           ;hard.c: 103:     INT0IE = 1;
   445   0009C6  88F2               	bsf	4082,4,c	;volatile
   446   0009C8                     
   447                           ;hard.c: 104:     INTEDG0 = 0;
   448   0009C8  9CF1               	bcf	4081,6,c	;volatile
   449   0009CA                     
   450                           ;hard.c: 105:     PEIE = 1;
   451   0009CA  8CF2               	bsf	4082,6,c	;volatile
   452   0009CC                     
   453                           ;hard.c: 106:     GIE = 1;
   454   0009CC  8EF2               	bsf	4082,7,c	;volatile
   455                           
   456                           ;hard.c: 108:     CCPR1L = 0x04;
   457   0009CE  0E04               	movlw	4
   458   0009D0  6EBE               	movwf	190,c	;volatile
   459                           
   460                           ;hard.c: 109:     CCP1CONbits.DC1B = 0b00;
   461   0009D2  0ECF               	movlw	-49
   462   0009D4  16BD               	andwf	189,f,c	;volatile
   463   0009D6                     l71:
   464   0009D6  EFEB  F004         	goto	l71
   465   0009DA  EF07  F000         	goto	start
   466   0009DE                     __end_of_main:
   467                           	callstack 0
   468                           
   469 ;; *************** function _ISR *****************
   470 ;; Defined at:
   471 ;;		line 30 in file "hard.c"
   472 ;; Parameters:    Size  Location     Type
   473 ;;		None
   474 ;; Auto vars:     Size  Location     Type
   475 ;;  timer1_val      2    0        unsigned int 
   476 ;; Return value:  Size  Location     Type
   477 ;;                  1    wreg      void 
   478 ;; Registers used:
   479 ;;		wreg, status,2, status,0, tblptrl, tblptrh, tblptru, prodl, prodh, cstack
   480 ;; Tracked objects:
   481 ;;		On entry : 0/0
   482 ;;		On exit  : 0/0
   483 ;;		Unchanged: 0/0
   484 ;; Data sizes:     COMRAM   BANK0   BANK1   BANK2   BANK3   BANK4   BANK5
   485 ;;      Params:         0       0       0       0       0       0       0
   486 ;;      Locals:         0       0       0       0       0       0       0
   487 ;;      Temps:          6       0       0       0       0       0       0
   488 ;;      Totals:         6       0       0       0       0       0       0
   489 ;;Total ram usage:        6 bytes
   490 ;; Hardware stack levels used: 1
   491 ;; Hardware stack levels required when called: 2
   492 ;; This function calls:
   493 ;;		___wmul
   494 ;;		_set_servo_angle
   495 ;; This function is called by:
   496 ;;		Interrupt level 2
   497 ;; This function uses a non-reentrant model
   498 ;;
   499                           
   500                           	psect	intcode
   501   000008                     __pintcode:
   502                           	callstack 0
   503   000008                     _ISR:
   504                           	callstack 28
   505                           
   506                           ;incstack = 0
   507   000008  8227               	bsf	int$flags,1,c	;set compiler interrupt flag (level 2)
   508   00000A  EDC0  F003         	call	int_func,f	;refresh shadow registers
   509                           
   510                           	psect	intcode_body
   511   000780                     __pintcode_body:
   512                           	callstack 28
   513   000780                     int_func:
   514                           	callstack 28
   515   000780  0006               	pop		; remove dummy address from shadow register refresh
   516   000782  CFF3 F01B          	movff	prodl,??_ISR
   517   000786  CFF4 F01C          	movff	prodh,??_ISR+1
   518   00078A  CFF6 F01D          	movff	tblptrl,??_ISR+2
   519   00078E  CFF7 F01E          	movff	tblptrh,??_ISR+3
   520   000792  CFF8 F01F          	movff	tblptru,??_ISR+4
   521   000796  CFF5 F020          	movff	tablat,??_ISR+5
   522   00079A                     
   523                           ;hard.c: 32:     if(INT0IF){
   524   00079A  A2F2               	btfss	4082,1,c	;volatile
   525   00079C  EFD2  F003         	goto	i2u34_41
   526   0007A0  EFD4  F003         	goto	i2u34_40
   527   0007A4                     i2u34_41:
   528   0007A4  EFF1  F003         	goto	i2l1035
   529   0007A8                     i2u34_40:
   530   0007A8                     
   531                           ;hard.c: 33:         INT0IF = 0;
   532   0007A8  92F2               	bcf	4082,1,c	;volatile
   533   0007AA                     
   534                           ;hard.c: 34:         _delay((unsigned long)((50)*(125000/4000.0)));
   535   0007AA  0EDF               	movlw	223
   536   0007AC                     i2u45_47:
   537   0007AC  D000               	nop2	
   538   0007AE  D000               	nop2	
   539   0007B0  2EE8               	decfsz	wreg,f,c
   540   0007B2  D7FC               	bra	i2u45_47
   541   0007B4  0000               	nop	
   542   0007B6                     
   543                           ;hard.c: 35:         if(PORTBbits.RB0 == 1) return;
   544   0007B6  A081               	btfss	129,0,c	;volatile
   545   0007B8  EFE0  F003         	goto	i2u35_41
   546   0007BC  EFE2  F003         	goto	i2u35_40
   547   0007C0                     i2u35_41:
   548   0007C0  EFE4  F003         	goto	i2l1033
   549   0007C4                     i2u35_40:
   550   0007C4  EF46  F004         	goto	i2l61
   551   0007C8                     i2l1033:
   552                           
   553                           ;hard.c: 36:         state = !state;
   554   0007C8  5025               	movf	_state^0,w,c	;volatile
   555   0007CA  1026               	iorwf	(_state+1)^0,w,c	;volatile
   556   0007CC  B4D8               	btfsc	status,2,c
   557   0007CE  EFEB  F003         	goto	i2u36_41
   558   0007D2  EFEE  F003         	goto	i2u36_40
   559   0007D6                     i2u36_41:
   560   0007D6  0E01               	movlw	1
   561   0007D8  EFEF  F003         	goto	i2u37_40
   562   0007DC                     i2u36_40:
   563   0007DC  0E00               	movlw	0
   564   0007DE                     i2u37_40:
   565   0007DE  6E25               	movwf	_state^0,c	;volatile
   566   0007E0  6A26               	clrf	(_state+1)^0,c	;volatile
   567   0007E2                     i2l1035:
   568                           
   569                           ;hard.c: 40:     if(PIR1bits.TMR1IF){
   570   0007E2  A09E               	btfss	158,0,c	;volatile
   571   0007E4  EFF6  F003         	goto	i2u38_41
   572   0007E8  EFF8  F003         	goto	i2u38_40
   573   0007EC                     i2u38_41:
   574   0007EC  EF46  F004         	goto	i2l61
   575   0007F0                     i2u38_40:
   576   0007F0                     
   577                           ;hard.c: 41:         PIR1bits.TMR1IF = 0;
   578   0007F0  909E               	bcf	158,0,c	;volatile
   579   0007F2                     
   580                           ;hard.c: 44:         TMR1H = timer1_val >> 8;
   581   0007F2  0EFE               	movlw	254
   582   0007F4  6ECF               	movwf	207,c	;volatile
   583   0007F6                     
   584                           ;hard.c: 45:         TMR1L = timer1_val & 0xFF;
   585   0007F6  0EF1               	movlw	241
   586   0007F8  6ECE               	movwf	206,c	;volatile
   587   0007FA                     
   588                           ;hard.c: 47:         if(state){
   589   0007FA  5025               	movf	_state^0,w,c	;volatile
   590   0007FC  1026               	iorwf	(_state+1)^0,w,c	;volatile
   591   0007FE  B4D8               	btfsc	status,2,c
   592   000800  EF04  F004         	goto	i2u39_41
   593   000804  EF06  F004         	goto	i2u39_40
   594   000808                     i2u39_41:
   595   000808  EF46  F004         	goto	i2l61
   596   00080C                     i2u39_40:
   597   00080C                     
   598                           ;hard.c: 48:             angle += direction*5;
   599   00080C  C021  F001         	movff	_direction,___wmul@multiplier	;volatile
   600   000810  C022  F002         	movff	_direction+1,___wmul@multiplier+1	;volatile
   601   000814  0E00               	movlw	0
   602   000816  6E04               	movwf	(___wmul@multiplicand+1)^0,c
   603   000818  0E05               	movlw	5
   604   00081A  6E03               	movwf	___wmul@multiplicand^0,c
   605   00081C  EC39  F005         	call	___wmul	;wreg free
   606   000820  5001               	movf	?___wmul^0,w,c
   607   000822  2623               	addwf	_angle^0,f,c	;volatile
   608   000824  5002               	movf	(?___wmul+1)^0,w,c
   609   000826  2224               	addwfc	(_angle+1)^0,f,c	;volatile
   610   000828                     
   611                           ;hard.c: 49:             if(angle >= 90){
   612   000828  BE24               	btfsc	(_angle+1)^0,7,c	;volatile
   613   00082A  EF20  F004         	goto	i2u40_41
   614   00082E  5024               	movf	(_angle+1)^0,w,c	;volatile
   615   000830  E109               	bnz	i2u40_40
   616   000832  0E5A               	movlw	90
   617   000834  5C23               	subwf	_angle^0,w,c	;volatile
   618   000836  A0D8               	btfss	status,0,c
   619   000838  EF20  F004         	goto	i2u40_41
   620   00083C  EF22  F004         	goto	i2u40_40
   621   000840                     i2u40_41:
   622   000840  EF2A  F004         	goto	i2l1053
   623   000844                     i2u40_40:
   624   000844                     
   625                           ;hard.c: 50:                 angle = 90;
   626   000844  0E00               	movlw	0
   627   000846  6E24               	movwf	(_angle+1)^0,c	;volatile
   628   000848  0E5A               	movlw	90
   629   00084A  6E23               	movwf	_angle^0,c	;volatile
   630   00084C                     
   631                           ;hard.c: 51:                 direction = -1;
   632   00084C  6821               	setf	_direction^0,c	;volatile
   633   00084E  6822               	setf	(_direction+1)^0,c	;volatile
   634                           
   635                           ;hard.c: 52:             }else if(angle <= -90){
   636   000850  EF40  F004         	goto	i2l1057
   637   000854                     i2l1053:
   638   000854  AE24               	btfss	(_angle+1)^0,7,c	;volatile
   639   000856  EF36  F004         	goto	i2u41_41
   640   00085A  0EA7               	movlw	167
   641   00085C  5C23               	subwf	_angle^0,w,c	;volatile
   642   00085E  0EFF               	movlw	255
   643   000860  5824               	subwfb	(_angle+1)^0,w,c	;volatile
   644   000862  B0D8               	btfsc	status,0,c
   645   000864  EF36  F004         	goto	i2u41_41
   646   000868  EF38  F004         	goto	i2u41_40
   647   00086C                     i2u41_41:
   648   00086C  EF40  F004         	goto	i2l1057
   649   000870                     i2u41_40:
   650   000870                     
   651                           ;hard.c: 53:                 angle = -90;
   652   000870  0EFF               	movlw	255
   653   000872  6E24               	movwf	(_angle+1)^0,c	;volatile
   654   000874  0EA6               	movlw	166
   655   000876  6E23               	movwf	_angle^0,c	;volatile
   656                           
   657                           ;hard.c: 54:                 direction = 1;
   658   000878  0E00               	movlw	0
   659   00087A  6E22               	movwf	(_direction+1)^0,c	;volatile
   660   00087C  0E01               	movlw	1
   661   00087E  6E21               	movwf	_direction^0,c	;volatile
   662   000880                     i2l1057:
   663                           
   664                           ;hard.c: 56:             set_servo_angle(angle);
   665   000880  C023  F00F         	movff	_angle,set_servo_angle@angle	;volatile
   666   000884  C024  F010         	movff	_angle+1,set_servo_angle@angle+1	;volatile
   667   000888  EC26  F003         	call	_set_servo_angle	;wreg free
   668   00088C                     i2l61:
   669   00088C  C020  FFF5         	movff	??_ISR+5,tablat
   670   000890  C01F  FFF8         	movff	??_ISR+4,tblptru
   671   000894  C01E  FFF7         	movff	??_ISR+3,tblptrh
   672   000898  C01D  FFF6         	movff	??_ISR+2,tblptrl
   673   00089C  C01C  FFF4         	movff	??_ISR+1,prodh
   674   0008A0  C01B  FFF3         	movff	??_ISR,prodl
   675   0008A4  9227               	bcf	int$flags,1,c	;clear compiler interrupt flag (level 2)
   676   0008A6  0011               	retfie		f
   677   0008A8                     __end_of_ISR:
   678                           	callstack 0
   679                           
   680 ;; *************** function _set_servo_angle *****************
   681 ;; Defined at:
   682 ;;		line 131 in file "hard.c"
   683 ;; Parameters:    Size  Location     Type
   684 ;;  angle           2   14[COMRAM] int 
   685 ;; Auto vars:     Size  Location     Type
   686 ;;  led_duty        4   20[COMRAM] unsigned long 
   687 ;;  index           2   24[COMRAM] int 
   688 ;; Return value:  Size  Location     Type
   689 ;;                  1    wreg      void 
   690 ;; Registers used:
   691 ;;		wreg, status,2, status,0, tblptrl, tblptrh, tblptru, prodl, prodh, cstack
   692 ;; Tracked objects:
   693 ;;		On entry : 0/0
   694 ;;		On exit  : 0/0
   695 ;;		Unchanged: 0/0
   696 ;; Data sizes:     COMRAM   BANK0   BANK1   BANK2   BANK3   BANK4   BANK5
   697 ;;      Params:         2       0       0       0       0       0       0
   698 ;;      Locals:         6       0       0       0       0       0       0
   699 ;;      Temps:          4       0       0       0       0       0       0
   700 ;;      Totals:        12       0       0       0       0       0       0
   701 ;;Total ram usage:       12 bytes
   702 ;; Hardware stack levels used: 1
   703 ;; Hardware stack levels required when called: 1
   704 ;; This function calls:
   705 ;;		___awdiv
   706 ;;		___wmul
   707 ;;		_clamp
   708 ;; This function is called by:
   709 ;;		_ISR
   710 ;;		_smooth_move
   711 ;; This function uses a non-reentrant model
   712 ;;
   713                           
   714                           	psect	text2
   715   00064C                     __ptext2:
   716                           	callstack 0
   717   00064C                     _set_servo_angle:
   718                           	callstack 28
   719   00064C                     
   720                           ;hard.c: 133:     angle = clamp(angle, -90, 90);
   721   00064C  C00F  F001         	movff	set_servo_angle@angle,clamp@val
   722   000650  C010  F002         	movff	set_servo_angle@angle+1,clamp@val+1
   723   000654  0EFF               	movlw	255
   724   000656  6E04               	movwf	(clamp@min+1)^0,c
   725   000658  0EA6               	movlw	166
   726   00065A  6E03               	movwf	clamp@min^0,c
   727   00065C  0E00               	movlw	0
   728   00065E  6E06               	movwf	(clamp@max+1)^0,c
   729   000660  0E5A               	movlw	90
   730   000662  6E05               	movwf	clamp@max^0,c
   731   000664  ECEF  F004         	call	_clamp	;wreg free
   732   000668  C001  F00F         	movff	?_clamp,set_servo_angle@angle
   733   00066C  C002  F010         	movff	?_clamp+1,set_servo_angle@angle+1
   734                           
   735                           ;hard.c: 136:     static const uint8_t angle_table[37][2] = {;hard.c: 178:     int index
      +                           = (angle + 90) / 5;
   736   000670  0E5A               	movlw	90
   737   000672  240F               	addwf	set_servo_angle@angle^0,w,c
   738   000674  6E07               	movwf	___awdiv@dividend^0,c
   739   000676  0E00               	movlw	0
   740   000678  2010               	addwfc	(set_servo_angle@angle+1)^0,w,c
   741   00067A  6E08               	movwf	(___awdiv@dividend+1)^0,c
   742   00067C  0E00               	movlw	0
   743   00067E  6E0A               	movwf	(___awdiv@divisor+1)^0,c
   744   000680  0E05               	movlw	5
   745   000682  6E09               	movwf	___awdiv@divisor^0,c
   746   000684  EC54  F004         	call	___awdiv	;wreg free
   747   000688  C007  F019         	movff	?___awdiv,set_servo_angle@index
   748   00068C  C008  F01A         	movff	?___awdiv+1,set_servo_angle@index+1
   749   000690                     
   750                           ;hard.c: 181:     if (index < 0) index = 0;
   751   000690  BE1A               	btfsc	(set_servo_angle@index+1)^0,7,c
   752   000692  EF4F  F003         	goto	i2u31_40
   753   000696  EF4D  F003         	goto	i2u31_41
   754   00069A                     i2u31_41:
   755   00069A  EF53  F003         	goto	i2l1007
   756   00069E                     i2u31_40:
   757   00069E  0E00               	movlw	0
   758   0006A0  6E1A               	movwf	(set_servo_angle@index+1)^0,c
   759   0006A2  0E00               	movlw	0
   760   0006A4  6E19               	movwf	set_servo_angle@index^0,c
   761   0006A6                     i2l1007:
   762                           
   763                           ;hard.c: 182:     if (index > 36) index = 36;
   764   0006A6  BE1A               	btfsc	(set_servo_angle@index+1)^0,7,c
   765   0006A8  EF5F  F003         	goto	i2u32_41
   766   0006AC  501A               	movf	(set_servo_angle@index+1)^0,w,c
   767   0006AE  E109               	bnz	i2u32_40
   768   0006B0  0E25               	movlw	37
   769   0006B2  5C19               	subwf	set_servo_angle@index^0,w,c
   770   0006B4  A0D8               	btfss	status,0,c
   771   0006B6  EF5F  F003         	goto	i2u32_41
   772   0006BA  EF61  F003         	goto	i2u32_40
   773   0006BE                     i2u32_41:
   774   0006BE  EF65  F003         	goto	i2l1011
   775   0006C2                     i2u32_40:
   776   0006C2  0E00               	movlw	0
   777   0006C4  6E1A               	movwf	(set_servo_angle@index+1)^0,c
   778   0006C6  0E24               	movlw	36
   779   0006C8  6E19               	movwf	set_servo_angle@index^0,c
   780   0006CA                     i2l1011:
   781                           
   782                           ;hard.c: 185:     CCPR1L = angle_table[index][0];
   783   0006CA  5019               	movf	set_servo_angle@index^0,w,c
   784   0006CC  0D02               	mullw	2
   785   0006CE  50F3               	movf	243,w,c
   786   0006D0  0F01               	addlw	low set_servo_angle@angle_table
   787   0006D2  6E11               	movwf	??_set_servo_angle^0,c
   788   0006D4  C011  FFF6         	movff	??_set_servo_angle,tblptrl
   789   0006D8                     	if	0	;There is only one active tblptr byte
   790   0006D8                     	endif
   791   0006D8                     	if	0	;tblptru may be non-zero
   792   0006D8                     	endif
   793   0006D8                     	if	0	;tblptru may be non-zero
   794   0006D8                     	endif
   795   0006D8  0008               	tblrd		*
   796   0006DA  CFF5 FFBE          	movff	tablat,4030	;volatile
   797   0006DE                     
   798                           ;hard.c: 186:     CCP1CONbits.DC1B = angle_table[index][1];
   799   0006DE  5019               	movf	set_servo_angle@index^0,w,c
   800   0006E0  0D02               	mullw	2
   801   0006E2  CFF3 F011          	movff	prodl,??_set_servo_angle
   802   0006E6  0E01               	movlw	1
   803   0006E8  2611               	addwf	??_set_servo_angle^0,f,c
   804   0006EA  5011               	movf	??_set_servo_angle^0,w,c
   805   0006EC  0F01               	addlw	low set_servo_angle@angle_table
   806   0006EE  6E12               	movwf	(??_set_servo_angle+1)^0,c
   807   0006F0  C012  FFF6         	movff	??_set_servo_angle+1,tblptrl
   808   0006F4                     	if	0	;There is only one active tblptr byte
   809   0006F4                     	endif
   810   0006F4                     	if	0	;tblptru may be non-zero
   811   0006F4                     	endif
   812   0006F4                     	if	0	;tblptru may be non-zero
   813   0006F4                     	endif
   814   0006F4  0008               	tblrd		*
   815   0006F6  CFF5 F013          	movff	tablat,??_set_servo_angle+2
   816   0006FA  3A13               	swapf	(??_set_servo_angle+2)^0,f,c
   817   0006FC  50BD               	movf	189,w,c	;volatile
   818   0006FE  1813               	xorwf	(??_set_servo_angle+2)^0,w,c
   819   000700  0BCF               	andlw	-49
   820   000702  1813               	xorwf	(??_set_servo_angle+2)^0,w,c
   821   000704  6EBD               	movwf	189,c	;volatile
   822   000706                     
   823                           ;hard.c: 188:     unsigned long led_duty = (index * 1023) / 36;
   824   000706  C019  F001         	movff	set_servo_angle@index,___wmul@multiplier
   825   00070A  C01A  F002         	movff	set_servo_angle@index+1,___wmul@multiplier+1
   826   00070E  0E03               	movlw	3
   827   000710  6E04               	movwf	(___wmul@multiplicand+1)^0,c
   828   000712  6803               	setf	___wmul@multiplicand^0,c
   829   000714  EC39  F005         	call	___wmul	;wreg free
   830   000718  C001  F007         	movff	?___wmul,___awdiv@dividend
   831   00071C  C002  F008         	movff	?___wmul+1,___awdiv@dividend+1
   832   000720  0E00               	movlw	0
   833   000722  6E0A               	movwf	(___awdiv@divisor+1)^0,c
   834   000724  0E24               	movlw	36
   835   000726  6E09               	movwf	___awdiv@divisor^0,c
   836   000728  EC54  F004         	call	___awdiv	;wreg free
   837   00072C  C007  F015         	movff	?___awdiv,set_servo_angle@led_duty
   838   000730  C008  F016         	movff	?___awdiv+1,set_servo_angle@led_duty+1
   839   000734  0E00               	movlw	0
   840   000736  BE16               	btfsc	(set_servo_angle@led_duty+1)^0,7,c
   841   000738  0EFF               	movlw	-1
   842   00073A  6E17               	movwf	(set_servo_angle@led_duty+2)^0,c
   843   00073C  6E18               	movwf	(set_servo_angle@led_duty+3)^0,c
   844   00073E                     
   845                           ;hard.c: 199:     CCPR2L = (uint8_t)(led_duty >> 2);
   846   00073E  C015  F011         	movff	set_servo_angle@led_duty,??_set_servo_angle
   847   000742  C016  F012         	movff	set_servo_angle@led_duty+1,??_set_servo_angle+1
   848   000746  C017  F013         	movff	set_servo_angle@led_duty+2,??_set_servo_angle+2
   849   00074A  C018  F014         	movff	set_servo_angle@led_duty+3,??_set_servo_angle+3
   850   00074E  0E03               	movlw	3
   851   000750  EFAF  F003         	goto	i2u33_40
   852   000754                     i2u33_45:
   853   000754  90D8               	bcf	status,0,c
   854   000756  3214               	rrcf	(??_set_servo_angle+3)^0,f,c
   855   000758  3213               	rrcf	(??_set_servo_angle+2)^0,f,c
   856   00075A  3212               	rrcf	(??_set_servo_angle+1)^0,f,c
   857   00075C  3211               	rrcf	??_set_servo_angle^0,f,c
   858   00075E                     i2u33_40:
   859   00075E  2EE8               	decfsz	wreg,f,c
   860   000760  EFAA  F003         	goto	i2u33_45
   861   000764  5011               	movf	??_set_servo_angle^0,w,c
   862   000766  6EBB               	movwf	187,c	;volatile
   863   000768                     
   864                           ;hard.c: 200:     CCP2CONbits.DC2B = (uint8_t)(led_duty & 0x03);
   865   000768  C015  F011         	movff	set_servo_angle@led_duty,??_set_servo_angle
   866   00076C  0E03               	movlw	3
   867   00076E  1611               	andwf	??_set_servo_angle^0,f,c
   868   000770  3A11               	swapf	??_set_servo_angle^0,f,c
   869   000772  50BA               	movf	186,w,c	;volatile
   870   000774  1811               	xorwf	??_set_servo_angle^0,w,c
   871   000776  0BCF               	andlw	-49
   872   000778  1811               	xorwf	??_set_servo_angle^0,w,c
   873   00077A  6EBA               	movwf	186,c	;volatile
   874   00077C                     
   875                           ;hard.c: 202:     _delay((unsigned long)((50)*(125000/4000000.0)));
   876   00077C  0000               	nop	
   877   00077E  0012               	return		;funcret
   878   000780                     __end_of_set_servo_angle:
   879                           	callstack 0
   880                           
   881 ;; *************** function _clamp *****************
   882 ;; Defined at:
   883 ;;		line 205 in file "hard.c"
   884 ;; Parameters:    Size  Location     Type
   885 ;;  val             2    0[COMRAM] int 
   886 ;;  min             2    2[COMRAM] int 
   887 ;;  max             2    4[COMRAM] int 
   888 ;; Auto vars:     Size  Location     Type
   889 ;;		None
   890 ;; Return value:  Size  Location     Type
   891 ;;                  2    0[COMRAM] int 
   892 ;; Registers used:
   893 ;;		wreg, status,2, status,0
   894 ;; Tracked objects:
   895 ;;		On entry : 0/0
   896 ;;		On exit  : 0/0
   897 ;;		Unchanged: 0/0
   898 ;; Data sizes:     COMRAM   BANK0   BANK1   BANK2   BANK3   BANK4   BANK5
   899 ;;      Params:         6       0       0       0       0       0       0
   900 ;;      Locals:         0       0       0       0       0       0       0
   901 ;;      Temps:          1       0       0       0       0       0       0
   902 ;;      Totals:         7       0       0       0       0       0       0
   903 ;;Total ram usage:        7 bytes
   904 ;; Hardware stack levels used: 1
   905 ;; This function calls:
   906 ;;		Nothing
   907 ;; This function is called by:
   908 ;;		_set_servo_angle
   909 ;; This function uses a non-reentrant model
   910 ;;
   911                           
   912                           	psect	text3
   913   0009DE                     __ptext3:
   914                           	callstack 0
   915   0009DE                     _clamp:
   916                           	callstack 28
   917   0009DE                     
   918                           ;hard.c: 206:     if (val < min) return min;
   919   0009DE  5003               	movf	clamp@min^0,w,c
   920   0009E0  5C01               	subwf	clamp@val^0,w,c
   921   0009E2  5002               	movf	(clamp@val+1)^0,w,c
   922   0009E4  0A80               	xorlw	128
   923   0009E6  6E07               	movwf	??_clamp^0,c
   924   0009E8  5004               	movf	(clamp@min+1)^0,w,c
   925   0009EA  0A80               	xorlw	128
   926   0009EC  5807               	subwfb	??_clamp^0,w,c
   927   0009EE  B0D8               	btfsc	status,0,c
   928   0009F0  EFFC  F004         	goto	i2u23_41
   929   0009F4  EFFE  F004         	goto	i2u23_40
   930   0009F8                     i2u23_41:
   931   0009F8  EF04  F005         	goto	i2l947
   932   0009FC                     i2u23_40:
   933   0009FC  C003  F001         	movff	clamp@min,?_clamp
   934   000A00  C004  F002         	movff	clamp@min+1,?_clamp+1
   935   000A04  EF1D  F005         	goto	i2l96
   936   000A08                     i2l947:
   937                           
   938                           ;hard.c: 207:     if (val > max) return max;
   939   000A08  5001               	movf	clamp@val^0,w,c
   940   000A0A  5C05               	subwf	clamp@max^0,w,c
   941   000A0C  5006               	movf	(clamp@max+1)^0,w,c
   942   000A0E  0A80               	xorlw	128
   943   000A10  6E07               	movwf	??_clamp^0,c
   944   000A12  5002               	movf	(clamp@val+1)^0,w,c
   945   000A14  0A80               	xorlw	128
   946   000A16  5807               	subwfb	??_clamp^0,w,c
   947   000A18  B0D8               	btfsc	status,0,c
   948   000A1A  EF11  F005         	goto	i2u24_41
   949   000A1E  EF13  F005         	goto	i2u24_40
   950   000A22                     i2u24_41:
   951   000A22  EF19  F005         	goto	i2l97
   952   000A26                     i2u24_40:
   953   000A26  C005  F001         	movff	clamp@max,?_clamp
   954   000A2A  C006  F002         	movff	clamp@max+1,?_clamp+1
   955   000A2E  EF1D  F005         	goto	i2l96
   956   000A32                     i2l97:
   957                           
   958                           ;hard.c: 208:     return val;
   959   000A32  C001  F001         	movff	clamp@val,?_clamp
   960   000A36  C002  F002         	movff	clamp@val+1,?_clamp+1
   961   000A3A                     i2l96:
   962   000A3A  0012               	return		;funcret
   963   000A3C                     __end_of_clamp:
   964                           	callstack 0
   965                           
   966 ;; *************** function ___wmul *****************
   967 ;; Defined at:
   968 ;;		line 15 in file "C:\Program Files\Microchip\xc8\v2.46\pic\sources\c99\common\Umul16.c"
   969 ;; Parameters:    Size  Location     Type
   970 ;;  multiplier      2    0[COMRAM] unsigned int 
   971 ;;  multiplicand    2    2[COMRAM] unsigned int 
   972 ;; Auto vars:     Size  Location     Type
   973 ;;  product         2    4[COMRAM] unsigned int 
   974 ;; Return value:  Size  Location     Type
   975 ;;                  2    0[COMRAM] unsigned int 
   976 ;; Registers used:
   977 ;;		wreg, status,2, status,0, prodl, prodh
   978 ;; Tracked objects:
   979 ;;		On entry : 0/0
   980 ;;		On exit  : 0/0
   981 ;;		Unchanged: 0/0
   982 ;; Data sizes:     COMRAM   BANK0   BANK1   BANK2   BANK3   BANK4   BANK5
   983 ;;      Params:         4       0       0       0       0       0       0
   984 ;;      Locals:         2       0       0       0       0       0       0
   985 ;;      Temps:          0       0       0       0       0       0       0
   986 ;;      Totals:         6       0       0       0       0       0       0
   987 ;;Total ram usage:        6 bytes
   988 ;; Hardware stack levels used: 1
   989 ;; This function calls:
   990 ;;		Nothing
   991 ;; This function is called by:
   992 ;;		_ISR
   993 ;;		_set_servo_angle
   994 ;; This function uses a non-reentrant model
   995 ;;
   996                           
   997                           	psect	text4
   998   000A72                     __ptext4:
   999                           	callstack 0
  1000   000A72                     ___wmul:
  1001                           	callstack 28
  1002   000A72  5001               	movf	___wmul@multiplier^0,w,c
  1003   000A74  0203               	mulwf	___wmul@multiplicand^0,c
  1004   000A76  CFF3 F005          	movff	prodl,___wmul@product
  1005   000A7A  CFF4 F006          	movff	prodh,___wmul@product+1
  1006   000A7E  5001               	movf	___wmul@multiplier^0,w,c
  1007   000A80  0204               	mulwf	(___wmul@multiplicand+1)^0,c
  1008   000A82  50F3               	movf	243,w,c
  1009   000A84  2606               	addwf	(___wmul@product+1)^0,f,c
  1010   000A86  5002               	movf	(___wmul@multiplier+1)^0,w,c
  1011   000A88  0203               	mulwf	___wmul@multiplicand^0,c
  1012   000A8A  50F3               	movf	243,w,c
  1013   000A8C  2606               	addwf	(___wmul@product+1)^0,f,c
  1014   000A8E  C005  F001         	movff	___wmul@product,?___wmul
  1015   000A92  C006  F002         	movff	___wmul@product+1,?___wmul+1
  1016   000A96  0012               	return		;funcret
  1017   000A98                     __end_of___wmul:
  1018                           	callstack 0
  1019                           
  1020 ;; *************** function ___awdiv *****************
  1021 ;; Defined at:
  1022 ;;		line 7 in file "C:\Program Files\Microchip\xc8\v2.46\pic\sources\c99\common\awdiv.c"
  1023 ;; Parameters:    Size  Location     Type
  1024 ;;  dividend        2    6[COMRAM] int 
  1025 ;;  divisor         2    8[COMRAM] int 
  1026 ;; Auto vars:     Size  Location     Type
  1027 ;;  quotient        2   12[COMRAM] int 
  1028 ;;  sign            1   11[COMRAM] unsigned char 
  1029 ;;  counter         1   10[COMRAM] unsigned char 
  1030 ;; Return value:  Size  Location     Type
  1031 ;;                  2    6[COMRAM] int 
  1032 ;; Registers used:
  1033 ;;		wreg, status,2, status,0
  1034 ;; Tracked objects:
  1035 ;;		On entry : 0/0
  1036 ;;		On exit  : 0/0
  1037 ;;		Unchanged: 0/0
  1038 ;; Data sizes:     COMRAM   BANK0   BANK1   BANK2   BANK3   BANK4   BANK5
  1039 ;;      Params:         4       0       0       0       0       0       0
  1040 ;;      Locals:         4       0       0       0       0       0       0
  1041 ;;      Temps:          0       0       0       0       0       0       0
  1042 ;;      Totals:         8       0       0       0       0       0       0
  1043 ;;Total ram usage:        8 bytes
  1044 ;; Hardware stack levels used: 1
  1045 ;; This function calls:
  1046 ;;		Nothing
  1047 ;; This function is called by:
  1048 ;;		_set_servo_angle
  1049 ;; This function uses a non-reentrant model
  1050 ;;
  1051                           
  1052                           	psect	text5
  1053   0008A8                     __ptext5:
  1054                           	callstack 0
  1055   0008A8                     ___awdiv:
  1056                           	callstack 28
  1057   0008A8  0E00               	movlw	0
  1058   0008AA  6E0C               	movwf	___awdiv@sign^0,c
  1059   0008AC  BE0A               	btfsc	(___awdiv@divisor+1)^0,7,c
  1060   0008AE  EF5D  F004         	goto	i2u25_40
  1061   0008B2  EF5B  F004         	goto	i2u25_41
  1062   0008B6                     i2u25_41:
  1063   0008B6  EF63  F004         	goto	i2l965
  1064   0008BA                     i2u25_40:
  1065   0008BA  6C09               	negf	___awdiv@divisor^0,c
  1066   0008BC  1E0A               	comf	(___awdiv@divisor+1)^0,f,c
  1067   0008BE  B0D8               	btfsc	status,0,c
  1068   0008C0  2A0A               	incf	(___awdiv@divisor+1)^0,f,c
  1069   0008C2  0E01               	movlw	1
  1070   0008C4  6E0C               	movwf	___awdiv@sign^0,c
  1071   0008C6                     i2l965:
  1072   0008C6  BE08               	btfsc	(___awdiv@dividend+1)^0,7,c
  1073   0008C8  EF6A  F004         	goto	i2u26_40
  1074   0008CC  EF68  F004         	goto	i2u26_41
  1075   0008D0                     i2u26_41:
  1076   0008D0  EF70  F004         	goto	i2l971
  1077   0008D4                     i2u26_40:
  1078   0008D4  6C07               	negf	___awdiv@dividend^0,c
  1079   0008D6  1E08               	comf	(___awdiv@dividend+1)^0,f,c
  1080   0008D8  B0D8               	btfsc	status,0,c
  1081   0008DA  2A08               	incf	(___awdiv@dividend+1)^0,f,c
  1082   0008DC  0E01               	movlw	1
  1083   0008DE  1A0C               	xorwf	___awdiv@sign^0,f,c
  1084   0008E0                     i2l971:
  1085   0008E0  0E00               	movlw	0
  1086   0008E2  6E0E               	movwf	(___awdiv@quotient+1)^0,c
  1087   0008E4  0E00               	movlw	0
  1088   0008E6  6E0D               	movwf	___awdiv@quotient^0,c
  1089   0008E8  5009               	movf	___awdiv@divisor^0,w,c
  1090   0008EA  100A               	iorwf	(___awdiv@divisor+1)^0,w,c
  1091   0008EC  B4D8               	btfsc	status,2,c
  1092   0008EE  EF7B  F004         	goto	i2u27_41
  1093   0008F2  EF7D  F004         	goto	i2u27_40
  1094   0008F6                     i2u27_41:
  1095   0008F6  EFA5  F004         	goto	i2l993
  1096   0008FA                     i2u27_40:
  1097   0008FA  0E01               	movlw	1
  1098   0008FC  6E0B               	movwf	___awdiv@counter^0,c
  1099   0008FE  EF85  F004         	goto	i2l979
  1100   000902                     i2l977:
  1101   000902  90D8               	bcf	status,0,c
  1102   000904  3609               	rlcf	___awdiv@divisor^0,f,c
  1103   000906  360A               	rlcf	(___awdiv@divisor+1)^0,f,c
  1104   000908  2A0B               	incf	___awdiv@counter^0,f,c
  1105   00090A                     i2l979:
  1106   00090A  AE0A               	btfss	(___awdiv@divisor+1)^0,7,c
  1107   00090C  EF8A  F004         	goto	i2u28_41
  1108   000910  EF8C  F004         	goto	i2u28_40
  1109   000914                     i2u28_41:
  1110   000914  EF81  F004         	goto	i2l977
  1111   000918                     i2u28_40:
  1112   000918                     i2l981:
  1113   000918  90D8               	bcf	status,0,c
  1114   00091A  360D               	rlcf	___awdiv@quotient^0,f,c
  1115   00091C  360E               	rlcf	(___awdiv@quotient+1)^0,f,c
  1116   00091E  5009               	movf	___awdiv@divisor^0,w,c
  1117   000920  5C07               	subwf	___awdiv@dividend^0,w,c
  1118   000922  500A               	movf	(___awdiv@divisor+1)^0,w,c
  1119   000924  5808               	subwfb	(___awdiv@dividend+1)^0,w,c
  1120   000926  A0D8               	btfss	status,0,c
  1121   000928  EF98  F004         	goto	i2u29_41
  1122   00092C  EF9A  F004         	goto	i2u29_40
  1123   000930                     i2u29_41:
  1124   000930  EF9F  F004         	goto	i2l989
  1125   000934                     i2u29_40:
  1126   000934  5009               	movf	___awdiv@divisor^0,w,c
  1127   000936  5E07               	subwf	___awdiv@dividend^0,f,c
  1128   000938  500A               	movf	(___awdiv@divisor+1)^0,w,c
  1129   00093A  5A08               	subwfb	(___awdiv@dividend+1)^0,f,c
  1130   00093C  800D               	bsf	___awdiv@quotient^0,0,c
  1131   00093E                     i2l989:
  1132   00093E  90D8               	bcf	status,0,c
  1133   000940  320A               	rrcf	(___awdiv@divisor+1)^0,f,c
  1134   000942  3209               	rrcf	___awdiv@divisor^0,f,c
  1135   000944  2E0B               	decfsz	___awdiv@counter^0,f,c
  1136   000946  EF8C  F004         	goto	i2l981
  1137   00094A                     i2l993:
  1138   00094A  500C               	movf	___awdiv@sign^0,w,c
  1139   00094C  B4D8               	btfsc	status,2,c
  1140   00094E  EFAB  F004         	goto	i2u30_41
  1141   000952  EFAD  F004         	goto	i2u30_40
  1142   000956                     i2u30_41:
  1143   000956  EFB1  F004         	goto	i2l997
  1144   00095A                     i2u30_40:
  1145   00095A  6C0D               	negf	___awdiv@quotient^0,c
  1146   00095C  1E0E               	comf	(___awdiv@quotient+1)^0,f,c
  1147   00095E  B0D8               	btfsc	status,0,c
  1148   000960  2A0E               	incf	(___awdiv@quotient+1)^0,f,c
  1149   000962                     i2l997:
  1150   000962  C00D  F007         	movff	___awdiv@quotient,?___awdiv
  1151   000966  C00E  F008         	movff	___awdiv@quotient+1,?___awdiv+1
  1152   00096A  0012               	return		;funcret
  1153   00096C                     __end_of___awdiv:
  1154                           	callstack 0
  1155                           
  1156                           	psect	rparam
  1157   000000                     
  1158                           	psect	temp
  1159   000027                     btemp:
  1160                           	callstack 0
  1161   000027                     	ds	1
  1162   000000                     int$flags	set	btemp
  1163   000000                     wtemp8	set	btemp+1
  1164   000000                     ttemp5	set	btemp+1
  1165   000000                     ttemp6	set	btemp+4
  1166   000000                     ttemp7	set	btemp+8
  1167                           
  1168                           	psect	idloc
  1169                           
  1170                           ;Config register IDLOC0 @ 0x200000
  1171                           ;	unspecified, using default values
  1172   200000                     	org	2097152
  1173   200000  FF                 	db	255
  1174                           
  1175                           ;Config register IDLOC1 @ 0x200001
  1176                           ;	unspecified, using default values
  1177   200001                     	org	2097153
  1178   200001  FF                 	db	255
  1179                           
  1180                           ;Config register IDLOC2 @ 0x200002
  1181                           ;	unspecified, using default values
  1182   200002                     	org	2097154
  1183   200002  FF                 	db	255
  1184                           
  1185                           ;Config register IDLOC3 @ 0x200003
  1186                           ;	unspecified, using default values
  1187   200003                     	org	2097155
  1188   200003  FF                 	db	255
  1189                           
  1190                           ;Config register IDLOC4 @ 0x200004
  1191                           ;	unspecified, using default values
  1192   200004                     	org	2097156
  1193   200004  FF                 	db	255
  1194                           
  1195                           ;Config register IDLOC5 @ 0x200005
  1196                           ;	unspecified, using default values
  1197   200005                     	org	2097157
  1198   200005  FF                 	db	255
  1199                           
  1200                           ;Config register IDLOC6 @ 0x200006
  1201                           ;	unspecified, using default values
  1202   200006                     	org	2097158
  1203   200006  FF                 	db	255
  1204                           
  1205                           ;Config register IDLOC7 @ 0x200007
  1206                           ;	unspecified, using default values
  1207   200007                     	org	2097159
  1208   200007  FF                 	db	255
  1209                           
  1210                           	psect	config
  1211                           
  1212                           ; Padding undefined space
  1213   300000                     	org	3145728
  1214   300000  FF                 	db	255
  1215                           
  1216                           ;Config register CONFIG1H @ 0x300001
  1217                           ;	Oscillator Selection bits
  1218                           ;	OSC = INTIO67, Internal oscillator block, port function on RA6 and RA7
  1219                           ;	Fail-Safe Clock Monitor Enable bit
  1220                           ;	FCMEN = 0x0, unprogrammed default
  1221                           ;	Internal/External Oscillator Switchover bit
  1222                           ;	IESO = 0x0, unprogrammed default
  1223   300001                     	org	3145729
  1224   300001  08                 	db	8
  1225                           
  1226                           ;Config register CONFIG2L @ 0x300002
  1227                           ;	Power-up Timer Enable bit
  1228                           ;	PWRT = OFF, PWRT disabled
  1229                           ;	Brown-out Reset Enable bits
  1230                           ;	BOREN = ON, Brown-out Reset enabled and controlled by software (SBOREN is enabled)
  1231                           ;	Brown Out Reset Voltage bits
  1232                           ;	BORV = 0x3, unprogrammed default
  1233   300002                     	org	3145730
  1234   300002  1B                 	db	27
  1235                           
  1236                           ;Config register CONFIG2H @ 0x300003
  1237                           ;	Watchdog Timer Enable bit
  1238                           ;	WDT = OFF, WDT disabled (control is placed on the SWDTEN bit)
  1239                           ;	Watchdog Timer Postscale Select bits
  1240                           ;	WDTPS = 0xF, unprogrammed default
  1241   300003                     	org	3145731
  1242   300003  1E                 	db	30
  1243                           
  1244                           ; Padding undefined space
  1245   300004                     	org	3145732
  1246   300004  FF                 	db	255
  1247                           
  1248                           ;Config register CONFIG3H @ 0x300005
  1249                           ;	CCP2 MUX bit
  1250                           ;	CCP2MX = 0x1, unprogrammed default
  1251                           ;	PORTB A/D Enable bit
  1252                           ;	PBADEN = OFF, PORTB<4:0> pins are configured as digital I/O on Reset
  1253                           ;	Low-Power Timer1 Oscillator Enable bit
  1254                           ;	LPT1OSC = 0x0, unprogrammed default
  1255                           ;	MCLR Pin Enable bit
  1256                           ;	MCLRE = 0x1, unprogrammed default
  1257   300005                     	org	3145733
  1258   300005  81                 	db	129
  1259                           
  1260                           ;Config register CONFIG4L @ 0x300006
  1261                           ;	Stack Full/Underflow Reset Enable bit
  1262                           ;	STVREN = 0x1, unprogrammed default
  1263                           ;	Single-Supply ICSP Enable bit
  1264                           ;	LVP = OFF, Single-Supply ICSP disabled
  1265                           ;	Extended Instruction Set Enable bit
  1266                           ;	XINST = 0x0, unprogrammed default
  1267                           ;	Background Debugger Enable bit
  1268                           ;	DEBUG = 0x1, unprogrammed default
  1269   300006                     	org	3145734
  1270   300006  81                 	db	129
  1271                           
  1272                           ; Padding undefined space
  1273   300007                     	org	3145735
  1274   300007  FF                 	db	255
  1275                           
  1276                           ;Config register CONFIG5L @ 0x300008
  1277                           ;	unspecified, using default values
  1278                           ;	Code Protection bit
  1279                           ;	CP0 = 0x1, unprogrammed default
  1280                           ;	Code Protection bit
  1281                           ;	CP1 = 0x1, unprogrammed default
  1282                           ;	Code Protection bit
  1283                           ;	CP2 = 0x1, unprogrammed default
  1284                           ;	Code Protection bit
  1285                           ;	CP3 = 0x1, unprogrammed default
  1286   300008                     	org	3145736
  1287   300008  0F                 	db	15
  1288                           
  1289                           ;Config register CONFIG5H @ 0x300009
  1290                           ;	Boot Block Code Protection bit
  1291                           ;	CPB = 0x1, unprogrammed default
  1292                           ;	Data EEPROM Code Protection bit
  1293                           ;	CPD = OFF, Data EEPROM not code-protected
  1294   300009                     	org	3145737
  1295   300009  C0                 	db	192
  1296                           
  1297                           ;Config register CONFIG6L @ 0x30000A
  1298                           ;	unspecified, using default values
  1299                           ;	Write Protection bit
  1300                           ;	WRT0 = 0x1, unprogrammed default
  1301                           ;	Write Protection bit
  1302                           ;	WRT1 = 0x1, unprogrammed default
  1303                           ;	Write Protection bit
  1304                           ;	WRT2 = 0x1, unprogrammed default
  1305                           ;	Write Protection bit
  1306                           ;	WRT3 = 0x1, unprogrammed default
  1307   30000A                     	org	3145738
  1308   30000A  0F                 	db	15
  1309                           
  1310                           ;Config register CONFIG6H @ 0x30000B
  1311                           ;	unspecified, using default values
  1312                           ;	Configuration Register Write Protection bit
  1313                           ;	WRTC = 0x1, unprogrammed default
  1314                           ;	Boot Block Write Protection bit
  1315                           ;	WRTB = 0x1, unprogrammed default
  1316                           ;	Data EEPROM Write Protection bit
  1317                           ;	WRTD = 0x1, unprogrammed default
  1318   30000B                     	org	3145739
  1319   30000B  E0                 	db	224
  1320                           
  1321                           ;Config register CONFIG7L @ 0x30000C
  1322                           ;	unspecified, using default values
  1323                           ;	Table Read Protection bit
  1324                           ;	EBTR0 = 0x1, unprogrammed default
  1325                           ;	Table Read Protection bit
  1326                           ;	EBTR1 = 0x1, unprogrammed default
  1327                           ;	Table Read Protection bit
  1328                           ;	EBTR2 = 0x1, unprogrammed default
  1329                           ;	Table Read Protection bit
  1330                           ;	EBTR3 = 0x1, unprogrammed default
  1331   30000C                     	org	3145740
  1332   30000C  0F                 	db	15
  1333                           
  1334                           ;Config register CONFIG7H @ 0x30000D
  1335                           ;	unspecified, using default values
  1336                           ;	Boot Block Table Read Protection bit
  1337                           ;	EBTRB = 0x1, unprogrammed default
  1338   30000D                     	org	3145741
  1339   30000D  40                 	db	64
  1340                           tosu	equ	0xFFF
  1341                           tosh	equ	0xFFE
  1342                           tosl	equ	0xFFD
  1343                           stkptr	equ	0xFFC
  1344                           pclatu	equ	0xFFB
  1345                           pclath	equ	0xFFA
  1346                           pcl	equ	0xFF9
  1347                           tblptru	equ	0xFF8
  1348                           tblptrh	equ	0xFF7
  1349                           tblptrl	equ	0xFF6
  1350                           tablat	equ	0xFF5
  1351                           prodh	equ	0xFF4
  1352                           prodl	equ	0xFF3
  1353                           indf0	equ	0xFEF
  1354                           postinc0	equ	0xFEE
  1355                           postdec0	equ	0xFED
  1356                           preinc0	equ	0xFEC
  1357                           plusw0	equ	0xFEB
  1358                           fsr0h	equ	0xFEA
  1359                           fsr0l	equ	0xFE9
  1360                           wreg	equ	0xFE8
  1361                           indf1	equ	0xFE7
  1362                           postinc1	equ	0xFE6
  1363                           postdec1	equ	0xFE5
  1364                           preinc1	equ	0xFE4
  1365                           plusw1	equ	0xFE3
  1366                           fsr1h	equ	0xFE2
  1367                           fsr1l	equ	0xFE1
  1368                           bsr	equ	0xFE0
  1369                           indf2	equ	0xFDF
  1370                           postinc2	equ	0xFDE
  1371                           postdec2	equ	0xFDD
  1372                           preinc2	equ	0xFDC
  1373                           plusw2	equ	0xFDB
  1374                           fsr2h	equ	0xFDA
  1375                           fsr2l	equ	0xFD9
  1376                           status	equ	0xFD8

Data Sizes:
    Strings     0
    Constant    74
    Data        4
    BSS         2
    Persistent  0
    Stack       0

Auto Spaces:
    Space          Size  Autos    Used
    COMRAM          126     32      38
    BANK0           128      0       0
    BANK1           256      0       0
    BANK2           256      0       0
    BANK3           256      0       0
    BANK4           256      0       0
    BANK5           256      0       0

Pointer List with Targets:

    None.

Critical Paths under _main in COMRAM

    None.

Critical Paths under _ISR in COMRAM

    _ISR->_set_servo_angle
    _set_servo_angle->___awdiv
    ___awdiv->___wmul

Critical Paths under _main in BANK0

    None.

Critical Paths under _ISR in BANK0

    None.

Critical Paths under _main in BANK1

    None.

Critical Paths under _ISR in BANK1

    None.

Critical Paths under _main in BANK2

    None.

Critical Paths under _ISR in BANK2

    None.

Critical Paths under _main in BANK3

    None.

Critical Paths under _ISR in BANK3

    None.

Critical Paths under _main in BANK4

    None.

Critical Paths under _ISR in BANK4

    None.

Critical Paths under _main in BANK5

    None.

Critical Paths under _ISR in BANK5

    None.

Call Graph Tables:

 ---------------------------------------------------------------------------------
 (Depth) Function   	        Calls       Base Space   Used Autos Params    Refs
 ---------------------------------------------------------------------------------
 (0) _main                                                 2     2      0      30
 ---------------------------------------------------------------------------------
 Estimated maximum stack depth 0
 ---------------------------------------------------------------------------------
 (Depth) Function   	        Calls       Base Space   Used Autos Params    Refs
 ---------------------------------------------------------------------------------
 (1) _ISR                                                  8     8      0    2388
                                             26 COMRAM     6     6      0
                             ___wmul
                    _set_servo_angle
 ---------------------------------------------------------------------------------
 (2) _set_servo_angle                                     12    10      2    1880
                                             14 COMRAM    12    10      2
                            ___awdiv
                             ___wmul
                              _clamp
 ---------------------------------------------------------------------------------
 (3) _clamp                                                7     1      6     382
                                              0 COMRAM     7     1      6
 ---------------------------------------------------------------------------------
 (3) ___wmul                                               6     2      4     463
                                              0 COMRAM     6     2      4
 ---------------------------------------------------------------------------------
 (3) ___awdiv                                              8     4      4     604
                                              6 COMRAM     8     4      4
                             ___wmul (ARG)
 ---------------------------------------------------------------------------------
 Estimated maximum stack depth 3
 ---------------------------------------------------------------------------------

 Call Graph Graphs:

 _main (ROOT)

 _ISR (ROOT)
   ___wmul
   _set_servo_angle
     ___awdiv
       ___wmul (ARG)
     ___wmul
     _clamp

 Address spaces:
Name               Size   Autos  Total    Cost      Usage
BIGRAM             5FF      0       0      28        0.0%
EEDATA             100      0       0       0        0.0%
BITBANK5           100      0       0      14        0.0%
BANK5              100      0       0      15        0.0%
BITBANK4           100      0       0      12        0.0%
BANK4              100      0       0      13        0.0%
BITBANK3           100      0       0      10        0.0%
BANK3              100      0       0      11        0.0%
BITBANK2           100      0       0       8        0.0%
BANK2              100      0       0       9        0.0%
BITBANK1           100      0       0       6        0.0%
BANK1              100      0       0       7        0.0%
BITBANK0            80      0       0       4        0.0%
BANK0               80      0       0       5        0.0%
BITCOMRAM           7E      0       0       0        0.0%
COMRAM              7E     20      26       1       30.2%
BITBIGSFRlhhhh      1D      0       0      17        0.0%
BITBIGSFRlhhlll     1B      0       0      22        0.0%
BITBIGSFRh           D      0       0      16        0.0%
BITBIGSFRlhhllh      B      0       0      20        0.0%
BITBIGSFRlhlll       A      0       0      25        0.0%
BITBIGSFRlhlh        8      0       0      23        0.0%
BITBIGSFRlhllh       6      0       0      24        0.0%
BITBIGSFRlhhhl       3      0       0      18        0.0%
BITBIGSFRlhhlll      1      0       0      21        0.0%
BITBIGSFRlhhlh       1      0       0      19        0.0%
BITBIGSFRll          1      0       0      26        0.0%
BIGSFR               0      0       0     200        0.0%
BITSFR               0      0       0     200        0.0%
SFR                  0      0       0     200        0.0%
STACK                0      0       0       2        0.0%
NULL                 0      0       0       0        0.0%
ABS                  0      0      26      27        0.0%
DATA                 0      0      26       3        0.0%
CODE                 0      0       0       0        0.0%


Microchip Technology PIC18 Macro Assembler V2.46 build 20240104201356 
Symbol Table                                                                                   Sun Nov 16 15:08:41 2025

                                l71 09D6                                  l72 09D6  
                      ___awdiv@sign 000C                 ___wmul@multiplicand 0003  
                               l901 0988                                 l911 09C2  
                               l903 098A                                 l921 09CC  
                               l913 09C4                                 l905 098C  
                               l915 09C6                                 l907 098E  
                               l917 09C8                                 l909 0990  
                               l919 09CA                                 l891 0974  
                               l893 0976                                 l895 0978  
                               l897 097A                                 l889 096C  
                               l899 0984                                 _GIE 7F97  
                               _PR2 0FCB                                 _ISR 0008  
                               wreg 0FE8                                ?_ISR 0001  
                              _PEIE 7F96                                i2l61 088C  
                              i2l92 077E                                i2l96 0A3A  
                              i2l97 0A32                                _main 096C  
                              fsr1l 0FE1                                btemp 0027  
                              prodh 0FF4                                prodl 0FF3  
                              start 000E                        ___param_bank 0000  
                             ??_ISR 001B                               ?_main 0001  
                   __end_of___awdiv 096C                     ___awdiv@divisor 0009  
                             i2l100 0A96                               i2l331 096A  
                             i2l951 0A72                               i2l943 09DE  
                             i2l961 08BA                               i2l953 0A8E  
                             i2l945 09FC                               i2l971 08E0  
                             i2l963 08C2                               i2l947 0A08  
                   ___awdiv@counter 000B                               i2l981 0918  
                             i2l973 08E8                               i2l965 08C6  
                             i2l957 08A8                               i2l949 0A26  
                             i2l991 0944                               i2l983 091E  
                             i2l975 08FA                               i2l967 08D4  
                             i2l959 08AC                               i2l985 0934  
                             i2l977 0902                               i2l993 094A  
                             i2l969 08DC                               i2l995 095A  
                             i2l987 093C                               i2l979 090A  
                             i2l997 0962                               i2l989 093E  
                             _TMR1H 0FCF                               _TMR1L 0FCE  
                             _angle 0023                               _clamp 09DE  
                             _state 0025                     _set_servo_angle 064C  
                             tablat 0FF5                               ttemp5 0028  
                             ttemp6 002B                               ttemp7 002F  
                             status 0FD8                               wtemp8 0028  
                   __initialization 0A3C                        __end_of_main 09DE  
                            ??_main 0021                       __activetblptr 0001  
                            ?_clamp 0001                              _CCPR1L 0FBE  
                            _CCPR2L 0FBB                    ___awdiv@dividend 0007  
                            _INT0IE 7F94                              _INT0IF 7F91  
                            i2l1001 064C                              i2l1011 06CA  
                            i2l1003 0690                              i2l1021 077C  
                            i2l1013 06DE                              i2l1005 069E  
                            i2l1015 0706                              i2l1007 06A6  
                            i2l1023 079A                              i2l1017 073E  
                            i2l1009 06C2                              i2l1041 07F6  
                            i2l1033 07C8                              i2l1025 07A8  
                            i2l1019 0768                              i2l1051 084C  
                            i2l1043 07FA                              i2l1027 07AA  
                            i2l1035 07E2                              i2l1053 0854  
                            i2l1045 080C                              i2l1037 07F0  
                            i2l1029 07B6                              i2l1055 0870  
                            i2l1047 0828                              i2l1039 07F2  
                            i2l1057 0880                              i2l1049 0844  
                            ___wmul 0A72                           ??___awdiv 000B  
                  ___awdiv@quotient 000D                              isa$std 0001  
                      __pdataCOMRAM 0021             __end_of_set_servo_angle 0780  
                      __mediumconst 0000                              tblptrh 0FF7  
                            tblptrl 0FF6                              tblptru 0FF8  
                        __accesstop 0080             __end_of__initialization 0A60  
                     ___rparam_used 0001                      __pcstackCOMRAM 0001  
                     __end_of_clamp 0A3C                             ??_clamp 0007  
                           ?___wmul 0001                             _INTEDG0 7F8E  
                  ?_set_servo_angle 000F                             i2u30_40 095A  
                           i2u30_41 0956                             i2u23_40 09FC  
                           i2u31_40 069E                             i2u23_41 09F8  
                           i2u31_41 069A                             i2u24_40 0A26  
                           i2u32_40 06C2                             i2u40_40 0844  
                           i2u24_41 0A22                             i2u32_41 06BE  
                           i2u40_41 0840                             i2u25_40 08BA  
                           i2u33_40 075E                             i2u41_40 0870  
                           i2u25_41 08B6                             i2u41_41 086C  
                           i2u33_45 0754                             i2u26_40 08D4  
                           i2u34_40 07A8                             i2u26_41 08D0  
                           i2u34_41 07A4                             i2u27_40 08FA  
                           i2u35_40 07C4                             i2u27_41 08F6  
                           i2u35_41 07C0                             i2u28_40 0918  
                           i2u36_40 07DC                             i2u28_41 0914  
                           i2u36_41 07D6                             i2u29_40 0934  
                           i2u37_40 07DE                             i2u29_41 0930  
                           i2u45_47 07AC                             i2u38_40 07F0  
                           i2u38_41 07EC                             i2u39_40 080C  
                           i2u39_41 0808  __end_ofset_servo_angle@angle_table 064B  
        set_servo_angle@angle_table 0601                             __Hparam 0000  
                           __Lparam 0000                             ___awdiv 08A8  
                      __psmallconst 0600                             __pcinit 0A3C  
                           __ramtop 0600                             __ptext0 096C  
                           __ptext2 064C                             __ptext3 09DE  
                           __ptext4 0A72                             __ptext5 08A8  
                         _T1CONbits 0FCD                           _T2CONbits 0FCA  
                    __pintcode_body 0780                end_of_initialization 0A60  
                           int_func 0780                             postdec1 0FE5  
                           postinc0 0FEE                           _PORTBbits 0F81  
                         _TRISBbits 0F93                           _TRISCbits 0F94  
                       _CCP1CONbits 0FBD                         _CCP2CONbits 0FBA  
                    __end_of___wmul 0A98                       __pidataCOMRAM 0A98  
               start_initialization 0A3C                         __end_of_ISR 08A8  
              set_servo_angle@angle 000F                set_servo_angle@index 0019  
                          ??___wmul 0005                         __pbssCOMRAM 0025  
                         __pintcode 0008                            ?___awdiv 0007  
                         _direction 0021                         __smallconst 0600  
           set_servo_angle@led_duty 0015                      ___wmul@product 0005  
                          _LATDbits 0F8C                            _PIE1bits 0F9D  
                          _PIR1bits 0F9E                   ___wmul@multiplier 0001  
                         copy_data0 0A50                            __Hrparam 0000  
                          __Lrparam 0000                        __Lsmallconst 0600  
                          clamp@max 0005                            clamp@min 0003  
                          clamp@val 0001                   ??_set_servo_angle 0011  
                          isa$xinst 0000                            int$flags 0027  
                          intlevel2 0000                          _OSCCONbits 0FD3  
