

Microchip MPLAB XC8 Assembler V2.46 build 20240104201356 
                                                                                               Sun Oct 12 14:28:30 2025

Microchip MPLAB XC8 C Compiler v2.46 (Free license) build 20240104201356 Og1 
     1                           	processor	18F4520
     2                           	fnconf	rparam,??,?,0
     3                           	pagewidth 120
     4                           	opt	flic
     5                           	psect	cinit,global,reloc=2,class=CODE,delta=1
     6                           	psect	cstackCOMRAM,global,class=COMRAM,space=1,delta=1,lowdata,noexec
     7                           	psect	text0,global,reloc=2,class=CODE,delta=1
     8                           	psect	smallconst,global,reloc=2,class=SMALLCONST,delta=1,noexec
     9                           	psect	intsave_regs,global,class=BIGRAM,space=1,delta=1,noexec
    10                           	psect	rparam,global,class=COMRAM,space=1,delta=1,noexec
    11                           	psect	idloc,global,abs,ovrld,class=IDLOC,space=5,delta=1,noexec
    12                           	psect	config,global,abs,ovrld,class=CONFIG,space=4,delta=1,noexec
    13   000000                     
    14                           ; Generated 05/01/2024 GMT
    15                           ; 
    16                           ; Copyright © 2024, Microchip Technology Inc. and its subsidiaries ("Microchip")
    17                           ; All rights reserved.
    18                           ; 
    19                           ; This software is developed by Microchip Technology Inc. and its subsidiaries ("Microch
      +                          ip").
    20                           ; 
    21                           ; Redistribution and use in source and binary forms, with or without modification, are
    22                           ; permitted provided that the following conditions are met:
    23                           ; 
    24                           ;     1. Redistributions of source code must retain the above copyright notice, this lis
      +                          t of
    25                           ;        conditions and the following disclaimer.
    26                           ; 
    27                           ;     2. Redistributions in binary form must reproduce the above copyright notice, this 
      +                          list
    28                           ;        of conditions and the following disclaimer in the documentation and/or other
    29                           ;        materials provided with the distribution. Publication is not required when
    30                           ;        this file is used in an embedded application.
    31                           ; 
    32                           ;     3. Microchip's name may not be used to endorse or promote products derived from th
      +                          is
    33                           ;        software without specific prior written permission.
    34                           ; 
    35                           ; THIS SOFTWARE IS PROVIDED BY MICROCHIP "AS IS" AND ANY EXPRESS OR IMPLIED WARRANTIES,
    36                           ; INCLUDING, BUT NOT LIMITED TO, THE IMPLIED WARRANTIES OF MERCHANTABILITY AND FITNESS F
      +                          OR
    37                           ; PURPOSE ARE DISCLAIMED.  IN NO EVENT SHALL MICROCHIP BE LIABLE FOR ANY DIRECT, INDIREC
      +                          T,
    38                           ; INCIDENTAL, SPECIAL, EXEMPLARY, OR CONSEQUENTIAL DAMAGES (INCLUDING BUT NOT LIMITED TO
    39                           ; PROCUREMENT OF SUBSTITUTE GOODS OR SERVICES; LOSS OF USE, DATA OR PROFITS; OR BUSINESS
    40                           ; INTERRUPTION) HOWSOEVER CAUSED AND ON ANY THEORY OF LIABILITY, WHETHER IN CONTRACT, ST
      +                          RICT
    41                           ; LIABILITY, OR TORT (INCLUDING NEGLIGENCE OR OTHERWISE) ARISING IN ANY WAY OUT OF THE U
      +                          SE OF
    42                           ; THIS SOFTWARE, EVEN IF ADVISED OF THE POSSIBILITY OF SUCH DAMAGE.
    43                           ; 
    44                           ; 
    45                           ; Code-generator required, PIC18F4520 Definitions
    46                           ; 
    47                           ; SFR Addresses
    48   000000                     
    49                           ; #config settings
    50                           
    51                           	psect	cinit
    52   000618                     __pcinit:
    53                           	callstack 0
    54   000618                     start_initialization:
    55                           	callstack 0
    56   000618                     __initialization:
    57                           	callstack 0
    58   000618                     end_of_initialization:
    59                           	callstack 0
    60   000618                     __end_of__initialization:
    61                           	callstack 0
    62   000618  0100               	movlb	0
    63   00061A  EF01  F003         	goto	_main	;jump to C main() function
    64                           
    65                           	psect	cstackCOMRAM
    66   000001                     __pcstackCOMRAM:
    67                           	callstack 0
    68   000001                     main@ans:
    69                           	callstack 0
    70                           
    71                           ; 1 bytes @ 0x0
    72   000001                     	ds	1
    73                           
    74 ;;
    75 ;;Main: autosize = 0, tempsize = 0, incstack = 0, save=0
    76 ;;
    77 ;; *************** function _main *****************
    78 ;; Defined at:
    79 ;;		line 5 in file "main.c"
    80 ;; Parameters:    Size  Location     Type
    81 ;;		None
    82 ;; Auto vars:     Size  Location     Type
    83 ;;  ans             1    0[COMRAM] volatile unsigned char 
    84 ;; Return value:  Size  Location     Type
    85 ;;                  1    wreg      void 
    86 ;; Registers used:
    87 ;;		wreg, fsr0l, fsr0h, fsr1l, fsr1h, fsr1l, fsr1h, fsr2l, fsr2h, bsr, status,2, status,0, pcl, pclath, pclatu, btemp, b
      +temp+1, btemp+2, btemp+3, btemp+4, btemp+5, btemp+6, btemp+7, btemp+8, btemp+9, btemp+10, btemp+11, btemp+12, btemp+13, 
      +btemp+14, btemp+15, btemp+16, btemp+17, btemp+18, btemp+19, btemp+20, btemp+21, btemp+22, btemp+23, btemp+24, btemp+25, 
      +btemp+26, btemp+27, btemp+28, btemp+29, btemp+30, btemp+31, tosl, structret, tblptrl, tblptrh, tblptru, prodl, prodh, cs
      +tack
    88 ;; Tracked objects:
    89 ;;		On entry : 0/0
    90 ;;		On exit  : 0/0
    91 ;;		Unchanged: 0/0
    92 ;; Data sizes:     COMRAM   BANK0   BANK1   BANK2   BANK3   BANK4   BANK5
    93 ;;      Params:         0       0       0       0       0       0       0
    94 ;;      Locals:         1       0       0       0       0       0       0
    95 ;;      Temps:          0       0       0       0       0       0       0
    96 ;;      Totals:         1       0       0       0       0       0       0
    97 ;;Total ram usage:        1 bytes
    98 ;; Hardware stack levels required when called: 1
    99 ;; This function calls:
   100 ;;		_is_prime
   101 ;; This function is called by:
   102 ;;		Startup code after reset
   103 ;; This function uses a non-reentrant model
   104 ;;
   105                           
   106                           	psect	text0
   107   000602                     __ptext0:
   108                           	callstack 0
   109   000602                     _main:
   110                           	callstack 30
   111   000602                     
   112                           ;main.c: 6:     volatile unsigned char ans = is_prime(2);
   113   000602  0E02               	movlw	2
   114   000604  EC09  F003         	call	_is_prime
   115   000608  6E01               	movwf	main@ans^0,c	;volatile
   116   00060A                     l7:
   117   00060A  EF05  F003         	goto	l7
   118   00060E  EF00  F000         	goto	start
   119   000612                     __end_of_main:
   120                           	callstack 0
   121                           
   122                           	psect	smallconst
   123   000600                     __psmallconst:
   124                           	callstack 0
   125   000600  00                 	db	0
   126   000601  00                 	db	0	; dummy byte at the end
   127   000000                     
   128                           	psect	rparam
   129   000000                     
   130                           	psect	idloc
   131                           
   132                           ;Config register IDLOC0 @ 0x200000
   133                           ;	unspecified, using default values
   134   200000                     	org	2097152
   135   200000  FF                 	db	255
   136                           
   137                           ;Config register IDLOC1 @ 0x200001
   138                           ;	unspecified, using default values
   139   200001                     	org	2097153
   140   200001  FF                 	db	255
   141                           
   142                           ;Config register IDLOC2 @ 0x200002
   143                           ;	unspecified, using default values
   144   200002                     	org	2097154
   145   200002  FF                 	db	255
   146                           
   147                           ;Config register IDLOC3 @ 0x200003
   148                           ;	unspecified, using default values
   149   200003                     	org	2097155
   150   200003  FF                 	db	255
   151                           
   152                           ;Config register IDLOC4 @ 0x200004
   153                           ;	unspecified, using default values
   154   200004                     	org	2097156
   155   200004  FF                 	db	255
   156                           
   157                           ;Config register IDLOC5 @ 0x200005
   158                           ;	unspecified, using default values
   159   200005                     	org	2097157
   160   200005  FF                 	db	255
   161                           
   162                           ;Config register IDLOC6 @ 0x200006
   163                           ;	unspecified, using default values
   164   200006                     	org	2097158
   165   200006  FF                 	db	255
   166                           
   167                           ;Config register IDLOC7 @ 0x200007
   168                           ;	unspecified, using default values
   169   200007                     	org	2097159
   170   200007  FF                 	db	255
   171                           
   172                           	psect	config
   173                           
   174                           ; Padding undefined space
   175   300000                     	org	3145728
   176   300000  FF                 	db	255
   177                           
   178                           ;Config register CONFIG1H @ 0x300001
   179                           ;	unspecified, using default values
   180                           ;	Oscillator Selection bits
   181                           ;	OSC = 0x7, unprogrammed default
   182                           ;	Fail-Safe Clock Monitor Enable bit
   183                           ;	FCMEN = 0x0, unprogrammed default
   184                           ;	Internal/External Oscillator Switchover bit
   185                           ;	IESO = 0x0, unprogrammed default
   186   300001                     	org	3145729
   187   300001  07                 	db	7
   188                           
   189                           ;Config register CONFIG2L @ 0x300002
   190                           ;	unspecified, using default values
   191                           ;	Power-up Timer Enable bit
   192                           ;	PWRT = 0x1, unprogrammed default
   193                           ;	Brown-out Reset Enable bits
   194                           ;	BOREN = 0x3, unprogrammed default
   195                           ;	Brown Out Reset Voltage bits
   196                           ;	BORV = 0x3, unprogrammed default
   197   300002                     	org	3145730
   198   300002  1F                 	db	31
   199                           
   200                           ;Config register CONFIG2H @ 0x300003
   201                           ;	unspecified, using default values
   202                           ;	Watchdog Timer Enable bit
   203                           ;	WDT = 0x1, unprogrammed default
   204                           ;	Watchdog Timer Postscale Select bits
   205                           ;	WDTPS = 0xF, unprogrammed default
   206   300003                     	org	3145731
   207   300003  1F                 	db	31
   208                           
   209                           ; Padding undefined space
   210   300004                     	org	3145732
   211   300004  FF                 	db	255
   212                           
   213                           ;Config register CONFIG3H @ 0x300005
   214                           ;	unspecified, using default values
   215                           ;	CCP2 MUX bit
   216                           ;	CCP2MX = 0x1, unprogrammed default
   217                           ;	PORTB A/D Enable bit
   218                           ;	PBADEN = 0x1, unprogrammed default
   219                           ;	Low-Power Timer1 Oscillator Enable bit
   220                           ;	LPT1OSC = 0x0, unprogrammed default
   221                           ;	MCLR Pin Enable bit
   222                           ;	MCLRE = 0x1, unprogrammed default
   223   300005                     	org	3145733
   224   300005  83                 	db	131
   225                           
   226                           ;Config register CONFIG4L @ 0x300006
   227                           ;	unspecified, using default values
   228                           ;	Stack Full/Underflow Reset Enable bit
   229                           ;	STVREN = 0x1, unprogrammed default
   230                           ;	Single-Supply ICSP Enable bit
   231                           ;	LVP = 0x1, unprogrammed default
   232                           ;	Extended Instruction Set Enable bit
   233                           ;	XINST = 0x0, unprogrammed default
   234                           ;	Background Debugger Enable bit
   235                           ;	DEBUG = 0x1, unprogrammed default
   236   300006                     	org	3145734
   237   300006  85                 	db	133
   238                           
   239                           ; Padding undefined space
   240   300007                     	org	3145735
   241   300007  FF                 	db	255
   242                           
   243                           ;Config register CONFIG5L @ 0x300008
   244                           ;	unspecified, using default values
   245                           ;	Code Protection bit
   246                           ;	CP0 = 0x1, unprogrammed default
   247                           ;	Code Protection bit
   248                           ;	CP1 = 0x1, unprogrammed default
   249                           ;	Code Protection bit
   250                           ;	CP2 = 0x1, unprogrammed default
   251                           ;	Code Protection bit
   252                           ;	CP3 = 0x1, unprogrammed default
   253   300008                     	org	3145736
   254   300008  0F                 	db	15
   255                           
   256                           ;Config register CONFIG5H @ 0x300009
   257                           ;	unspecified, using default values
   258                           ;	Boot Block Code Protection bit
   259                           ;	CPB = 0x1, unprogrammed default
   260                           ;	Data EEPROM Code Protection bit
   261                           ;	CPD = 0x1, unprogrammed default
   262   300009                     	org	3145737
   263   300009  C0                 	db	192
   264                           
   265                           ;Config register CONFIG6L @ 0x30000A
   266                           ;	unspecified, using default values
   267                           ;	Write Protection bit
   268                           ;	WRT0 = 0x1, unprogrammed default
   269                           ;	Write Protection bit
   270                           ;	WRT1 = 0x1, unprogrammed default
   271                           ;	Write Protection bit
   272                           ;	WRT2 = 0x1, unprogrammed default
   273                           ;	Write Protection bit
   274                           ;	WRT3 = 0x1, unprogrammed default
   275   30000A                     	org	3145738
   276   30000A  0F                 	db	15
   277                           
   278                           ;Config register CONFIG6H @ 0x30000B
   279                           ;	unspecified, using default values
   280                           ;	Configuration Register Write Protection bit
   281                           ;	WRTC = 0x1, unprogrammed default
   282                           ;	Boot Block Write Protection bit
   283                           ;	WRTB = 0x1, unprogrammed default
   284                           ;	Data EEPROM Write Protection bit
   285                           ;	WRTD = 0x1, unprogrammed default
   286   30000B                     	org	3145739
   287   30000B  E0                 	db	224
   288                           
   289                           ;Config register CONFIG7L @ 0x30000C
   290                           ;	unspecified, using default values
   291                           ;	Table Read Protection bit
   292                           ;	EBTR0 = 0x1, unprogrammed default
   293                           ;	Table Read Protection bit
   294                           ;	EBTR1 = 0x1, unprogrammed default
   295                           ;	Table Read Protection bit
   296                           ;	EBTR2 = 0x1, unprogrammed default
   297                           ;	Table Read Protection bit
   298                           ;	EBTR3 = 0x1, unprogrammed default
   299   30000C                     	org	3145740
   300   30000C  0F                 	db	15
   301                           
   302                           ;Config register CONFIG7H @ 0x30000D
   303                           ;	unspecified, using default values
   304                           ;	Boot Block Table Read Protection bit
   305                           ;	EBTRB = 0x1, unprogrammed default
   306   30000D                     	org	3145741
   307   30000D  40                 	db	64
   308                           tosu	equ	0xFFF
   309                           tosh	equ	0xFFE
   310                           tosl	equ	0xFFD
   311                           stkptr	equ	0xFFC
   312                           pclatu	equ	0xFFB
   313                           pclath	equ	0xFFA
   314                           pcl	equ	0xFF9
   315                           tblptru	equ	0xFF8
   316                           tblptrh	equ	0xFF7
   317                           tblptrl	equ	0xFF6
   318                           tablat	equ	0xFF5
   319                           prodh	equ	0xFF4
   320                           prodl	equ	0xFF3
   321                           indf0	equ	0xFEF
   322                           postinc0	equ	0xFEE
   323                           postdec0	equ	0xFED
   324                           preinc0	equ	0xFEC
   325                           plusw0	equ	0xFEB
   326                           fsr0h	equ	0xFEA
   327                           fsr0l	equ	0xFE9
   328                           wreg	equ	0xFE8
   329                           indf1	equ	0xFE7
   330                           postinc1	equ	0xFE6
   331                           postdec1	equ	0xFE5
   332                           preinc1	equ	0xFE4
   333                           plusw1	equ	0xFE3
   334                           fsr1h	equ	0xFE2
   335                           fsr1l	equ	0xFE1
   336                           bsr	equ	0xFE0
   337                           indf2	equ	0xFDF
   338                           postinc2	equ	0xFDE
   339                           postdec2	equ	0xFDD
   340                           preinc2	equ	0xFDC
   341                           plusw2	equ	0xFDB
   342                           fsr2h	equ	0xFDA
   343                           fsr2l	equ	0xFD9
   344                           status	equ	0xFD8

Data Sizes:
    Strings     0
    Constant    0
    Data        0
    BSS         0
    Persistent  0
    Stack       0

Auto Spaces:
    Space          Size  Autos    Used
    COMRAM          127      1       1
    BANK0           128      0       0
    BANK1           256      0       0
    BANK2           256      0       0
    BANK3           256      0       0
    BANK4           256      0       0
    BANK5           256      0       0

Pointer List with Targets:

    None.

Critical Paths under _main in COMRAM

    None.

Critical Paths under _main in BANK0

    None.

Critical Paths under _main in BANK1

    None.

Critical Paths under _main in BANK2

    None.

Critical Paths under _main in BANK3

    None.

Critical Paths under _main in BANK4

    None.

Critical Paths under _main in BANK5

    None.

Call Graph Tables:

 ---------------------------------------------------------------------------------
 (Depth) Function   	        Calls       Base Space   Used Autos Params    Refs
 ---------------------------------------------------------------------------------
 (0) _main                                                 1     1      0       0
                                              0 COMRAM     1     1      0
                           _is_prime
 ---------------------------------------------------------------------------------
 (1) _is_prime                                             0     0      0       0
 ---------------------------------------------------------------------------------
 Estimated maximum stack depth 1
 ---------------------------------------------------------------------------------

 Call Graph Graphs:

 _main (ROOT)
   _is_prime

 Address spaces:
Name               Size   Autos  Total    Cost      Usage
BITCOMRAM           7F      0       0       0        0.0%
EEDATA             100      0       0       0        0.0%
NULL                 0      0       0       0        0.0%
CODE                 0      0       0       0        0.0%
COMRAM              7F      1       1       1        0.8%
STACK                0      0       0       2        0.0%
DATA                 0      0       0       3        0.0%
BITBANK0            80      0       0       4        0.0%
BANK0               80      0       0       5        0.0%
BITBANK1           100      0       0       6        0.0%
BANK1              100      0       0       7        0.0%
BITBANK2           100      0       0       8        0.0%
BANK2              100      0       0       9        0.0%
BITBANK3           100      0       0      10        0.0%
BANK3              100      0       0      11        0.0%
BITBANK4           100      0       0      12        0.0%
BANK4              100      0       0      13        0.0%
BITBANK5           100      0       0      14        0.0%
BANK5              100      0       0      15        0.0%
BITBIGSFR           80      0       0      16        0.0%
ABS                  0      0       0      17        0.0%
BIGRAM             5FF      0       0      18        0.0%
BIGSFR               0      0       0     200        0.0%
BITSFR               0      0       0     200        0.0%
SFR                  0      0       0     200        0.0%


Microchip Technology PIC18 Macro Assembler V2.46 build 20240104201356 
Symbol Table                                                                                   Sun Oct 12 14:28:30 2025

                      l7 060A                        l8 060A                      l686 0602  
                   _main 0602                     start 0000             ___param_bank 0000  
                  ?_main 0001          __initialization 0618             __end_of_main 0612  
                 ??_main 0001            __activetblptr 0000                   isa$std 0001  
           __mediumconst 0000               __accesstop 0080  __end_of__initialization 0618  
          ___rparam_used 0001           __pcstackCOMRAM 0001                ?_is_prime 0001  
                __Hparam 0000                  __Lparam 0000             __psmallconst 0600  
                __pcinit 0618                  __ramtop 0600                  __ptext0 0602  
                main@ans 0001     end_of_initialization 0618               ??_is_prime 0001  
    start_initialization 0618              __smallconst 0600                 __Hrparam 0000  
               __Lrparam 0000                 _is_prime 0612                 isa$xinst 0000  
