Microchip MPLAB XC8 Compiler V2.46

Linker command line:

-W-3 \
  --edf=C:\Program Files\Microchip\xc8\v2.46\pic\dat\20240104201356_en.msgs \
  -cn -h+dist/default/production\lab10_hard.X.production.sym \
  --cmf=dist/default/production\lab10_hard.X.production.cmf -z -Q18F4520 \
  -oC:\Users\User\AppData\Local\Temp\xcAs16is.\driver_tmp_3.o \
  --defsym=__MPLAB_BUILD=1 --fixupoverflow=error \
  -Mdist/default/production/lab10_hard.X.production.map \
  --md=C:\Users\User\AppData\Local\Temp\xcAs16is.\driver_tmp_0.dat -E1 \
  -ver=XC8 Compiler --acfsm=1493 -ACODE=00h-07FFFh -ACONST=00h-07FFFh \
  -ASMALLCONST=0600h-06FFhx122 -AMEDIUMCONST=0600h-07FFFh -ACOMRAM=01h-07Fh \
  -AABS1=00h-05FFh -ABIGRAM=01h-05FFh -ARAM=080h-0FFh,0100h-01FFhx5 \
  -ABANK0=080h-0FFh -ABANK1=0100h-01FFh -ABANK2=0200h-02FFh \
  -ABANK3=0300h-03FFh -ABANK4=0400h-04FFh -ABANK5=0500h-05FFh \
  -ASFR=0F80h-0FFFh -ABIGSFR=0F80h-0FFFh -ACONFIG=0300000h-030000Dh \
  -AIDLOC=0200000h-0200007h -AEEDATA=0F00000h-0F000FFh -peeprom_data=EEDATA \
  -preset_vec=00h,intcode=8h,intcodelo=18h,powerup,init -pramtop=0600h \
  -psmallconst=SMALLCONST -pmediumconst=MEDIUMCONST -pconst=CONST \
  -AFARRAM=00h-00h \
  -prdata=COMRAM,nvrram=COMRAM,nvbit=COMRAM,rbss=COMRAM,rbit=COMRAM \
  -pfarbss=FARRAM,fardata=FARRAM,nvFARRAM=FARRAM \
  -pintsave_regs=BIGRAM,bigbss=BIGRAM,bigdata=BIGRAM -pbss=RAM \
  -pidata=CODE,irdata=CODE,ibigdata=CODE,ifardata=CODE -prparam=COMRAM \
  C:\Users\User\AppData\Local\Temp\xcAs16is.\driver_tmp_9.o \
  dist/default/production\lab10_hard.X.production.o 

Object code version is 3.11

Machine type is 18F4520



                Name                               Link     Load   Length Selector   Space Scale
C:\Users\User\AppData\Local\Temp\xcAs16is.\driver_tmp_9.o
                idloc                            200000   200000        8        0       5
                config                           300000   300000        E        0       4
                init                                 98       98        4        C       0
                reset_vec                             0        0        4        0       0
dist/default/production\lab10_hard.X.production.o
                intcodelo                            18       18       80        C       0
                intcode                               8        8        6        4       0
                idloc                            200000   200000        8        0       5
                config                           300000   300000        E        0       4
                temp                                 6B       6B        1        1       1
                smallconst                          600      600       20      300       0
                text22                              B7A      B7A       16      310       0
                text21                              98A      98A       42      310       0
                text20                              72A      72A       C4      310       0
                text19                              7EE      7EE       B0      310       0
                text18                              620      620      10A      310       0
                intcode_body                        91A      91A       70      310       0
                text16                              A48      A48       36      310       0
                text14                              A0A      A0A       3E      310       0
                text13                              BB8      BB8        4      310       0
                text12                              BBE      BBE        2      310       0
                text11                              BBC      BBC        2      310       0
                text10                              AD0      AD0       24      310       0
                text9                               BA2      BA2        C      310       0
                text8                               AAA      AAA       26      310       0
                text7                               B90      B90       12      310       0
                text6                               BAE      BAE        A      310       0
                text5                               B48      B48       1A      310       0
                text4                               B12      B12       1C      310       0
                text3                               AF4      AF4       1E      310       0
                text2                               B62      B62       18      310       0
                text1                               A7E      A7E       2C      310       0
                text0                               89E      89E       7C      310       0
                cstackCOMRAM                         55       55       16        1       1
                cstackBANK0                          80       80        E       80       1
                dataCOMRAM                           3B       3B       1A        1       1
                bssCOMRAM                             1        1       3A        1       1
                cinit                               9CC      9CC       3E      310       0
                idataCOMRAM                         B2E      B2E       1A      310       0

TOTAL           Name                               Link     Load   Length     Space
        CLASS   CODE           
                intcodelo                            18       18       80         0
                intcode                               8        8        6         0
                init                                 98       98        4         0
                reset_vec                             0        0        4         0
                text22                              B7A      B7A       16         0
                text21                              98A      98A       42         0
                text20                              72A      72A       C4         0
                text19                              7EE      7EE       B0         0
                text18                              620      620      10A         0
                intcode_body                        91A      91A       70         0
                text16                              A48      A48       36         0
                text14                              A0A      A0A       3E         0
                text13                              BB8      BB8        4         0
                text12                              BBE      BBE        2         0
                text11                              BBC      BBC        2         0
                text10                              AD0      AD0       24         0
                text9                               BA2      BA2        C         0
                text8                               AAA      AAA       26         0
                text7                               B90      B90       12         0
                text6                               BAE      BAE        A         0
                text5                               B48      B48       1A         0
                text4                               B12      B12       1C         0
                text3                               AF4      AF4       1E         0
                text2                               B62      B62       18         0
                text1                               A7E      A7E       2C         0
                text0                               89E      89E       7C         0
                cinit                               9CC      9CC       3E         0
                idataCOMRAM                         B2E      B2E       1A         0

        CLASS   CONST          

        CLASS   SMALLCONST     
                smallconst                          600      600       20         0

        CLASS   MEDIUMCONST    

        CLASS   COMRAM         
                temp                                 6B       6B        1         1
                cstackCOMRAM                         55       55       16         1
                dataCOMRAM                           3B       3B       1A         1
                bssCOMRAM                             1        1       3A         1

        CLASS   ABS1           

        CLASS   BIGRAM         

        CLASS   RAM            

        CLASS   BANK0          
                cstackBANK0                          80       80        E         1

        CLASS   BANK1          

        CLASS   BANK2          

        CLASS   BANK3          

        CLASS   BANK4          

        CLASS   BANK5          

        CLASS   SFR            

        CLASS   BIGSFR         

        CLASS   CONFIG         
                config                           300000   300000        E         4

        CLASS   IDLOC          
                idloc                            200000   200000        8         5

        CLASS   EEDATA         

        CLASS   FARRAM         

        CLASS   HEAP           

        CLASS   STACK          



SEGMENTS        Name                           Load    Length   Top    Selector   Space  Class

                reset_vec                      000000  000004  000004         0       0  CODE    
                bssCOMRAM                      000001  00006B  00006C         1       1  COMRAM  
                intcode                        000008  000006  00000E         4       0  CODE    
                intcodelo                      000018  000084  00009C         C       0  CODE    
                cstackBANK0                    000080  00000E  00008E        80       1  BANK0   
                smallconst                     000600  000020  000620       300       0  SMALLCON
                text18                         000620  0005A0  000BC0       310       0  CODE    


UNUSED ADDRESS RANGES

        Name                Unused          Largest block    Delta
        BANK0            00008E-0000FF               72
        BANK1            000100-0001FF              100
        BANK2            000200-0002FF              100
        BANK3            000300-0003FF              100
        BANK4            000400-0004FF              100
        BANK5            000500-0005FF              100
        BIGRAM           00006C-00007F               14
                         00008E-0005FF              572
        BIGSFR           000F80-000FFF               80
        CODE             000004-000007                4
                         00000E-000017                A
                         00009C-0005FF              564
                         000BC0-007FFF             7440
        COMRAM           00006C-00007F               14
        CONST            000004-000007                4
                         00000E-000017                A
                         00009C-0005FF              564
                         000BC0-007FFF             7440
        EEDATA           F00000-F000FF              100
        MEDIUMCONST      000BC0-007FFF             7440
        RAM              00008E-0005FF              100
        SFR              000F80-000FFF               80
        SMALLCONST       000BC0-007FFF              100

                                  Symbol Table

?___awdiv                       cstackCOMRAM 00005B
?___awmod                       cstackCOMRAM 000055
?_abs                           cstackCOMRAM 000069
ClearBuffer@i                   cstackBANK0  000089
Hi_ISR@ledShow                  cstackCOMRAM 000067
Lo_ISR@value                    cstackBANK0  000087
UART_DeleteN@i                  cstackCOMRAM 000059
UART_DeleteN@n                  cstackCOMRAM 000056
UART_Write@data                 cstackBANK0  000089
Update@digit                    cstackCOMRAM 000065
Update@num                      cstackCOMRAM 000063
_ADCON0                         (abs)        000FC2
_ADCON0bits                     (abs)        000FC2
_ADCON1                         (abs)        000FC1
_ADCON2                         (abs)        000FC0
_ADCON2bits                     (abs)        000FC0
_ADC_Initialize                 text10       000AD0
_ADFM                           (abs)        007E07
_ADRESH                         (abs)        000FC4
_ADRESL                         (abs)        000FC3
_BAUDCONbits                    (abs)        000FB8
_CCP1CON                        (abs)        000FBD
_CCP1_Initialize                text9        000BA2
_CCP2CON                        (abs)        000FBA
_ClearBuffer                    text14       000A0A
_GetString                      text13       000BB8
_Hi_ISR                         intcode      000008
_INTCON2bits                    (abs)        000FF1
_INTCONbits                     (abs)        000FF2
_INTERRUPT_Initialize           text8        000AAA
_IPR1bits                       (abs)        000F9F
_LATD                           (abs)        000F8C
_Lo_ISR                         intcodelo    000018
_Mode1                          text12       000BBE
_Mode2                          text11       000BBC
_OSCCONbits                     (abs)        000FD3
_OSCILLATOR_Initialize          text7        000B90
_PIE1bits                       (abs)        000F9D
_PIN_MANAGER_Initialize         text6        000BAE
_PIR1bits                       (abs)        000F9E
_PR2                            (abs)        000FCB
_RCONbits                       (abs)        000FD0
_RCREG                          (abs)        000FAE
_RCSTAbits                      (abs)        000FAB
_SPBRG                          (abs)        000FAF
_SYSTEM_Initialize              text3        000AF4
_T0CONbits                      (abs)        000FD5
_T1CONbits                      (abs)        000FCD
_T2CONbits                      (abs)        000FCA
_TMR0H                          (abs)        000FD7
_TMR0L                          (abs)        000FD6
_TMR1H                          (abs)        000FCF
_TMR1L                          (abs)        000FCE
_TMR2_Initialize                text5        000B48
_TRISA                          (abs)        000F92
_TRISCbits                      (abs)        000F94
_TRISD                          (abs)        000F95
_TXREG                          (abs)        000FAD
_TXSTAbits                      (abs)        000FAC
_UART_DeleteN                   text21       00098A
_UART_Initialize                text4        000B12
_UART_Write                     text2        000B62
_Update                         text18       000620
__HRAM                          (abs)        000000
__H__absolute__                 __absolute__ 000000
__Habs1                         abs1         000000
__Hbank0                        bank0        000000
__Hbank1                        bank1        000000
__Hbank2                        bank2        000000
__Hbank3                        bank3        000000
__Hbank4                        bank4        000000
__Hbank5                        bank5        000000
__Hbigbss                       bigbss       000000
__Hbigdata                      bigdata      000000
__Hbigram                       bigram       000000
__Hbigsfr                       bigsfr       000000
__Hbss                          bss          000000
__HbssCOMRAM                    bssCOMRAM    000000
__Hcinit                        cinit        000000
__Hclrtext                      clrtext      000000
__Hcomram                       comram       000000
__Hconfig                       config       30000E
__Hconst                        const        000000
__HcstackBANK0                  cstackBANK0  000000
__HcstackCOMRAM                 cstackCOMRAM 000000
__Hdata                         data         000000
__HdataCOMRAM                   dataCOMRAM   000000
__Heeprom_data                  eeprom_data  000000
__Hfarbss                       farbss       000000
__Hfardata                      fardata      000000
__Hheap                         heap         000000
__Hibigdata                     ibigdata     000000
__Hidata                        idata        000000
__HidataCOMRAM                  idataCOMRAM  000000
__Hidloc                        idloc        200008
__Hifardata                     ifardata     000000
__Hinit                         init         00009C
__Hintcode                      intcode      00000E
__Hintcode_body                 intcode_body 000000
__Hintcodelo                    intcodelo    000098
__Hintentry                     intentry     000000
__Hintret                       intret       000000
__Hintsave_regs                 intsave_regs 000000
__Hirdata                       irdata       000000
__Hmediumconst                  mediumconst  000000
__HnvFARRAM                     nvFARRAM     000000
__Hnvbit                        nvbit        000000
__Hnvrram                       nvrram       000000
__Hparam                        rparam       000000
__Hpowerup                      powerup      000098
__Hram                          ram          000000
__Hramtop                       ramtop       000600
__Hrbit                         rbit         000000
__Hrbss                         rbss         000000
__Hrdata                        rdata        000000
__Hreset_vec                    reset_vec    000004
__Hrparam                       rparam       000000
__Hsfr                          sfr          000000
__Hsivt_hi                      sivt_hi      000000
__Hsivt_lo                      sivt_lo      000000
__Hsmallconst                   smallconst   000620
__Hspace_0                      (abs)        000BC0
__Hspace_1                      (abs)        00008E
__Hspace_2                      (abs)        000000
__Hspace_4                      (abs)        60000E
__Hstack                        stack        000000
__Hstruct                       struct       000000
__Htemp                         temp         00006C
__Htext                         text         000000
__Htext0                        text0        000000
__Htext1                        text1        000000
__Htext10                       text10       000000
__Htext11                       text11       000000
__Htext12                       text12       000000
__Htext13                       text13       000000
__Htext14                       text14       000000
__Htext16                       text16       000000
__Htext18                       text18       000000
__Htext19                       text19       000000
__Htext2                        text2        000000
__Htext20                       text20       000000
__Htext21                       text21       000000
__Htext22                       text22       000000
__Htext3                        text3        000000
__Htext4                        text4        000000
__Htext5                        text5        000000
__Htext6                        text6        000000
__Htext7                        text7        000000
__Htext8                        text8        000000
__Htext9                        text9        000000
__LRAM                          (abs)        000001
__L__absolute__                 __absolute__ 000000
__Labs1                         abs1         000000
__Lbank0                        bank0        000000
__Lbank1                        bank1        000000
__Lbank2                        bank2        000000
__Lbank3                        bank3        000000
__Lbank4                        bank4        000000
__Lbank5                        bank5        000000
__Lbigbss                       bigbss       000000
__Lbigdata                      bigdata      000000
__Lbigram                       bigram       000000
__Lbigsfr                       bigsfr       000000
__Lbss                          bss          000000
__LbssCOMRAM                    bssCOMRAM    000000
__Lcinit                        cinit        000000
__Lclrtext                      clrtext      000000
__Lcomram                       comram       000000
__Lconfig                       config       000000
__Lconst                        const        000000
__LcstackBANK0                  cstackBANK0  000000
__LcstackCOMRAM                 cstackCOMRAM 000000
__Ldata                         data         000000
__LdataCOMRAM                   dataCOMRAM   000000
__Leeprom_data                  eeprom_data  000000
__Lfarbss                       farbss       000000
__Lfardata                      fardata      000000
__Lheap                         heap         000000
__Libigdata                     ibigdata     000000
__Lidata                        idata        000000
__LidataCOMRAM                  idataCOMRAM  000000
__Lidloc                        idloc        000000
__Lifardata                     ifardata     000000
__Linit                         init         000098
__Lintcode                      intcode      000008
__Lintcode_body                 intcode_body 000000
__Lintcodelo                    intcodelo    000018
__Lintentry                     intentry     000000
__Lintret                       intret       000000
__Lintsave_regs                 intsave_regs 000000
__Lirdata                       irdata       000000
__Lmediumconst                  mediumconst  000000
__LnvFARRAM                     nvFARRAM     000000
__Lnvbit                        nvbit        000000
__Lnvrram                       nvrram       000000
__Lparam                        rparam       000000
__Lpowerup                      powerup      000098
__Lram                          ram          000000
__Lramtop                       ramtop       000600
__Lrbit                         rbit         000000
__Lrbss                         rbss         000000
__Lrdata                        rdata        000000
__Lreset_vec                    reset_vec    000000
__Lrparam                       rparam       000000
__Lsfr                          sfr          000000
__Lsivt_hi                      sivt_hi      000000
__Lsivt_lo                      sivt_lo      000000
__Lsmallconst                   smallconst   000600
__Lspace_0                      (abs)        000000
__Lspace_1                      (abs)        000000
__Lspace_2                      (abs)        000000
__Lspace_4                      (abs)        000000
__Lstack                        stack        000000
__Lstruct                       struct       000000
__Ltemp                         temp         00006B
__Ltext                         text         000000
__Ltext0                        text0        000000
__Ltext1                        text1        000000
__Ltext10                       text10       000000
__Ltext11                       text11       000000
__Ltext12                       text12       000000
__Ltext13                       text13       000000
__Ltext14                       text14       000000
__Ltext16                       text16       000000
__Ltext18                       text18       000000
__Ltext19                       text19       000000
__Ltext2                        text2        000000
__Ltext20                       text20       000000
__Ltext21                       text21       000000
__Ltext22                       text22       000000
__Ltext3                        text3        000000
__Ltext4                        text4        000000
__Ltext5                        text5        000000
__Ltext6                        text6        000000
__Ltext7                        text7        000000
__Ltext8                        text8        000000
__Ltext9                        text9        000000
__S0                            (abs)        000BC0
__S1                            (abs)        00008E
__S4                            (abs)        000000
__S5                            (abs)        000000
___awdiv                        text20       00072A
___awdiv@counter                cstackCOMRAM 00005F
___awdiv@dividend               cstackCOMRAM 00005B
___awdiv@divisor                cstackCOMRAM 00005D
___awdiv@quotient               cstackCOMRAM 000061
___awdiv@sign                   cstackCOMRAM 000060
___awmod                        text19       0007EE
___awmod@counter                cstackCOMRAM 000059
___awmod@dividend               cstackCOMRAM 000055
___awmod@divisor                cstackCOMRAM 000057
___awmod@sign                   cstackCOMRAM 00005A
___heap_hi                      (abs)        000000
___heap_lo                      (abs)        000000
___inthi_sp                     stack        000000
___inthi_stack_hi               stack        000000
___inthi_stack_lo               stack        000000
___intlo_sp                     stack        000000
___intlo_stack_hi               stack        000000
___intlo_stack_lo               stack        000000
___param_bank                   (abs)        000000
___rparam_used                  (abs)        000001
___sp                           stack        000000
___stack_hi                     stack        000000
___stack_lo                     stack        000000
__accesstop                     (abs)        000080
__activetblptr                  (abs)        000001
__end_of_ADC_Initialize         text10       000AF4
__end_of_CCP1_Initialize        text9        000BAE
__end_of_ClearBuffer            text14       000A48
__end_of_GetString              text13       000BBC
__end_of_Hi_ISR                 intcode_body 00098A
__end_of_INTERRUPT_Initialize   text8        000AD0
__end_of_Lo_ISR                 intcodelo    000098
__end_of_Mode1                  text12       000BC0
__end_of_Mode2                  text11       000BBE
__end_of_OSCILLATOR_Initialize  text7        000BA2
__end_of_PIN_MANAGER_Initialize text6        000BB8
__end_of_SYSTEM_Initialize      text3        000B12
__end_of_TMR2_Initialize        text5        000B62
__end_of_UART_DeleteN           text21       0009CC
__end_of_UART_Initialize        text4        000B2E
__end_of_UART_Write             text2        000B7A
__end_of_Update                 text18       00072A
__end_of___awdiv                text20       0007EE
__end_of___awmod                text19       00089E
__end_of__initialization        cinit        0009F8
__end_of_abs                    text16       000A7E
__end_of_main                   text0        00091A
__end_of_strcpy                 text1        000AAA
__end_ofi2_UART_Write           text22       000B90
__initialization                cinit        0009CC
__mediumconst                   mediumconst  000000
__pbssCOMRAM                    bssCOMRAM    000001
__pcinit                        cinit        0009CC
__pcstackBANK0                  cstackBANK0  000080
__pcstackCOMRAM                 cstackCOMRAM 000055
__pdataCOMRAM                   dataCOMRAM   00003B
__pidataCOMRAM                  idataCOMRAM  000B2E
__pintcode                      intcode      000008
__pintcode_body                 intcode_body 00091A
__pintcodelo                    intcodelo    000018
__psmallconst                   smallconst   000600
__ptext0                        text0        00089E
__ptext1                        text1        000A7E
__ptext10                       text10       000AD0
__ptext11                       text11       000BBC
__ptext12                       text12       000BBE
__ptext13                       text13       000BB8
__ptext14                       text14       000A0A
__ptext16                       text16       000A48
__ptext18                       text18       000620
__ptext19                       text19       0007EE
__ptext2                        text2        000B62
__ptext20                       text20       00072A
__ptext21                       text21       00098A
__ptext22                       text22       000B7A
__ptext3                        text3        000AF4
__ptext4                        text4        000B12
__ptext5                        text5        000B48
__ptext6                        text6        000BAE
__ptext7                        text7        000B90
__ptext8                        text8        000AAA
__ptext9                        text9        000BA2
__ramtop                        ramtop       000600
__smallconst                    smallconst   000600
_abs                            text16       000A48
_adcIndex                       bssCOMRAM    000009
_adcValue                       bssCOMRAM    000005
_count                          bssCOMRAM    00000B
_errno                          bssCOMRAM    000001
_f                              dataCOMRAM   000053
_laastAdcValue                  bssCOMRAM    000003
_lastAdcIndex                   bssCOMRAM    000007
_lastV                          bssCOMRAM    00000D
_lenStr                         bssCOMRAM    000011
_main                           text0        00089E
_mystring                       bssCOMRAM    000027
_range                          dataCOMRAM   00003B
_str                            bssCOMRAM    000013
_strcpy                         text1        000A7E
_tick                           bssCOMRAM    00000F
abs@a                           cstackCOMRAM 000069
btemp                           temp         00006B
end_of_initialization           cinit        0009F8
i2UART_Write@data               cstackCOMRAM 000055
i2_UART_Write                   text22       000B7A
int$flags                       temp         00006B
int_func                        intcode_body 00091A
intlevel0                       text         000000
intlevel1                       text         000000
intlevel2                       text         000000
intlevel3                       text         000000
isa$std                         (abs)        000001
isa$xinst                       (abs)        000000
stackhi                         (abs)        000000
stacklo                         (abs)        000000
start                           init         000098
start_initialization            cinit        0009CC
strcpy@d                        cstackBANK0  00008D
strcpy@dest                     cstackBANK0  00008B
strcpy@src                      cstackBANK0  00008C
ttemp5                          temp         00006C
ttemp6                          temp         00006F
ttemp7                          temp         000073
wtemp8                          temp         00006C


MODULE INFORMATION

Module		Function		Class		Link	Load	Size
setting_hardaware/interrupt_manager.c
		_INTERRUPT_Initialize		CODE           	0AAA	0000	38

setting_hardaware/interrupt_manager.c estimated size: 38

C:\Program Files\Microchip\xc8\v2.46\pic\sources\c99\common\awdiv.c
		___awdiv       		CODE           	072A	0000	196

C:\Program Files\Microchip\xc8\v2.46\pic\sources\c99\common\awdiv.c estimated size: 196

setting_hardaware/uart.c
		_Lo_ISR        		CODE           	0018	0000	128
		_UART_DeleteN  		CODE           	098A	0000	66
		_GetString     		CODE           	0BB8	0000	4
		_ClearBuffer   		CODE           	0A0A	0000	62
		_Update        		CODE           	0620	0000	266
		_UART_Initialize		CODE           	0B12	0000	28
		_UART_Write    		CODE           	0B62	0000	24

setting_hardaware/uart.c estimated size: 578

C:\Program Files\Microchip\xc8\v2.46\pic\sources\c99\common\strcpy.c
		_strcpy        		CODE           	0A7E	0000	44

C:\Program Files\Microchip\xc8\v2.46\pic\sources\c99\common\strcpy.c estimated size: 44

setting_hardaware/ccp1.c
		_CCP1_Initialize		CODE           	0BA2	0000	12

setting_hardaware/ccp1.c estimated size: 12

setting_hardaware/adc.c
		_ADC_Initialize		CODE           	0AD0	0000	36

setting_hardaware/adc.c estimated size: 36

shared
		i2_UART_Write  		CODE           	0B7A	0000	22
		__initialization		CODE           	09CC	0000	44

shared estimated size: 66

setting_hardaware/setting.c
		_PIN_MANAGER_Initialize		CODE           	0BAE	0000	10
		_TMR2_Initialize		CODE           	0B48	0000	26
		_OSCILLATOR_Initialize		CODE           	0B90	0000	18
		_SYSTEM_Initialize		CODE           	0AF4	0000	30

setting_hardaware/setting.c estimated size: 84

C:\Program Files\Microchip\xc8\v2.46\pic\sources\c99\common\abs.c
		_abs           		CODE           	0A48	0000	54

C:\Program Files\Microchip\xc8\v2.46\pic\sources\c99\common\abs.c estimated size: 54

C:\Program Files\Microchip\xc8\v2.46\pic\sources\c99\common\awmod.c
		___awmod       		CODE           	07EE	0000	176

C:\Program Files\Microchip\xc8\v2.46\pic\sources\c99\common\awmod.c estimated size: 176

main.c
		_main          		CODE           	089E	0000	124
		_Mode1         		CODE           	0BBE	0000	2
		_Mode2         		CODE           	0BBC	0000	2
		_Hi_ISR        		CODE           	0008	0000	118

main.c estimated size: 246

