MPLINK 5.09, LINKER
Linker Map File - Created Wed Oct 22 13:59:06 2025

                                 Section Info
                  Section       Type    Address   Location Size(Bytes)
                ---------  ---------  ---------  ---------  ---------
                   .org_0       code   0x000000    program   0x0000b0
                   .cinit    romdata   0x0000b0    program   0x000002
.config_300001_BUILD/DEFAULT/DEBUG/1B.O    romdata   0x300001    program   0x000001
.config_300003_BUILD/DEFAULT/DEBUG/1B.O    romdata   0x300003    program   0x000001



                              Program Memory Usage 
                               Start         End      
                           ---------   ---------      
                            0x000000    0x0000b1      
                            0x300001    0x300001      
                            0x300003    0x300003      
            180 out of 33048 program addresses used, program memory utilization is 0%



                              Symbols - Sorted by Name
                     Name    Address   Location    Storage File                     
                ---------  ---------  ---------  --------- ---------                
                    CLAST   0x00005a    program     static C:\Users\User\MPLABXProjects\2024mid.X\1b.asm
                 COMPARE2   0x00007c    program     static C:\Users\User\MPLABXProjects\2024mid.X\1b.asm
                    COUNT   0x00001e    program     static C:\Users\User\MPLABXProjects\2024mid.X\1b.asm
                      DIV   0x00006a    program     static C:\Users\User\MPLABXProjects\2024mid.X\1b.asm
                 DIV_DONE   0x00009e    program     static C:\Users\User\MPLABXProjects\2024mid.X\1b.asm
                  DIV_SUB   0x000086    program     static C:\Users\User\MPLABXProjects\2024mid.X\1b.asm
                     MAIN   0x000000    program     static C:\Users\User\MPLABXProjects\2024mid.X\1b.asm
                NDIVKLOOP   0x000014    program     static C:\Users\User\MPLABXProjects\2024mid.X\1b.asm
                NSUBKLOOP   0x00003a    program     static C:\Users\User\MPLABXProjects\2024mid.X\1b.asm



                              Symbols - Sorted by Address
                     Name    Address   Location    Storage File                     
                ---------  ---------  ---------  --------- ---------                
                     MAIN   0x000000    program     static C:\Users\User\MPLABXProjects\2024mid.X\1b.asm
                NDIVKLOOP   0x000014    program     static C:\Users\User\MPLABXProjects\2024mid.X\1b.asm
                    COUNT   0x00001e    program     static C:\Users\User\MPLABXProjects\2024mid.X\1b.asm
                NSUBKLOOP   0x00003a    program     static C:\Users\User\MPLABXProjects\2024mid.X\1b.asm
                    CLAST   0x00005a    program     static C:\Users\User\MPLABXProjects\2024mid.X\1b.asm
                      DIV   0x00006a    program     static C:\Users\User\MPLABXProjects\2024mid.X\1b.asm
                 COMPARE2   0x00007c    program     static C:\Users\User\MPLABXProjects\2024mid.X\1b.asm
                  DIV_SUB   0x000086    program     static C:\Users\User\MPLABXProjects\2024mid.X\1b.asm
                 DIV_DONE   0x00009e    program     static C:\Users\User\MPLABXProjects\2024mid.X\1b.asm


