MPLINK 5.09, LINKER
Linker Map File - Created Tue Oct 21 20:16:12 2025

                                 Section Info
                  Section       Type    Address   Location Size(Bytes)
                ---------  ---------  ---------  ---------  ---------
                   .org_0       code   0x000000    program   0x0000b2
                   .cinit    romdata   0x0000b2    program   0x000002
.config_300001_BUILD/DEFAULT/DEBUG/HARD.O    romdata   0x300001    program   0x000001
.config_300003_BUILD/DEFAULT/DEBUG/HARD.O    romdata   0x300003    program   0x000001



                              Program Memory Usage 
                               Start         End      
                           ---------   ---------      
                            0x000000    0x0000b3      
                            0x300001    0x300001      
                            0x300003    0x300003      
            182 out of 33048 program addresses used, program memory utilization is 0%



                              Symbols - Sorted by Name
                     Name    Address   Location    Storage File                     
                ---------  ---------  ---------  --------- ---------                
                 COMPARE2   0x000080    program     static C:\Users\User\MPLABXProjects\lab04.X\hard.asm
                 DIV_DONE   0x0000a2    program     static C:\Users\User\MPLABXProjects\lab04.X\hard.asm
                  DIV_SUB   0x00008a    program     static C:\Users\User\MPLABXProjects\lab04.X\hard.asm
                     LAST   0x0000b0    program     static C:\Users\User\MPLABXProjects\lab04.X\hard.asm
             SqrtCOMPARE1   0x000040    program     static C:\Users\User\MPLABXProjects\lab04.X\hard.asm
             SqrtCOMPARE2   0x00004c    program     static C:\Users\User\MPLABXProjects\lab04.X\hard.asm
                 SqrtDONE   0x000064    program     static C:\Users\User\MPLABXProjects\lab04.X\hard.asm
                   UPDATE   0x000058    program     static C:\Users\User\MPLABXProjects\lab04.X\hard.asm
                 division   0x00006e    program     static C:\Users\User\MPLABXProjects\lab04.X\hard.asm
                     main   0x000000    program     static C:\Users\User\MPLABXProjects\lab04.X\hard.asm
               newtonSqrt   0x000018    program     static C:\Users\User\MPLABXProjects\lab04.X\hard.asm



                              Symbols - Sorted by Address
                     Name    Address   Location    Storage File                     
                ---------  ---------  ---------  --------- ---------                
                     main   0x000000    program     static C:\Users\User\MPLABXProjects\lab04.X\hard.asm
               newtonSqrt   0x000018    program     static C:\Users\User\MPLABXProjects\lab04.X\hard.asm
             SqrtCOMPARE1   0x000040    program     static C:\Users\User\MPLABXProjects\lab04.X\hard.asm
             SqrtCOMPARE2   0x00004c    program     static C:\Users\User\MPLABXProjects\lab04.X\hard.asm
                   UPDATE   0x000058    program     static C:\Users\User\MPLABXProjects\lab04.X\hard.asm
                 SqrtDONE   0x000064    program     static C:\Users\User\MPLABXProjects\lab04.X\hard.asm
                 division   0x00006e    program     static C:\Users\User\MPLABXProjects\lab04.X\hard.asm
                 COMPARE2   0x000080    program     static C:\Users\User\MPLABXProjects\lab04.X\hard.asm
                  DIV_SUB   0x00008a    program     static C:\Users\User\MPLABXProjects\lab04.X\hard.asm
                 DIV_DONE   0x0000a2    program     static C:\Users\User\MPLABXProjects\lab04.X\hard.asm
                     LAST   0x0000b0    program     static C:\Users\User\MPLABXProjects\lab04.X\hard.asm


