MPLINK 5.09, LINKER
Linker Map File - Created Sun Sep 21 17:28:20 2025

                                 Section Info
                  Section       Type    Address   Location Size(Bytes)
                ---------  ---------  ---------  ---------  ---------
                   .org_0       code   0x000000    program   0x000062
                   .cinit    romdata   0x000062    program   0x000002
.config_300001_BUILD/DEFAULT/PRODUCTION/ADVANCE    romdata   0x300001    program   0x000001
.config_300003_BUILD/DEFAULT/PRODUCTION/ADVANCE    romdata   0x300003    program   0x000001



                              Program Memory Usage 
                               Start         End      
                           ---------   ---------      
                            0x000000    0x000063      
                            0x300001    0x300001      
                            0x300003    0x300003      
            102 out of 33048 program addresses used, program memory utilization is 0%



                              Symbols - Sorted by Name
                     Name    Address   Location    Storage File                     
                ---------  ---------  ---------  --------- ---------                
                   AFIRST   0x000050    program     static C:\Users\User\MPLABXProjects\lab02.X\advance.asm
                   BFIRST   0x000058    program     static C:\Users\User\MPLABXProjects\lab02.X\advance.asm
                     LAST   0x000060    program     static C:\Users\User\MPLABXProjects\lab02.X\advance.asm
                     LOOP   0x00003e    program     static C:\Users\User\MPLABXProjects\lab02.X\advance.asm



                              Symbols - Sorted by Address
                     Name    Address   Location    Storage File                     
                ---------  ---------  ---------  --------- ---------                
                     LOOP   0x00003e    program     static C:\Users\User\MPLABXProjects\lab02.X\advance.asm
                   AFIRST   0x000050    program     static C:\Users\User\MPLABXProjects\lab02.X\advance.asm
                   BFIRST   0x000058    program     static C:\Users\User\MPLABXProjects\lab02.X\advance.asm
                     LAST   0x000060    program     static C:\Users\User\MPLABXProjects\lab02.X\advance.asm


