Microchip MPLAB XC8 Compiler V3.00

Linker command line:

-W-3 \
  --edf=C:\Program Files\Microchip\xc8\v3.00\pic\dat\20241204225717_en.msgs \
  -cn -h+dist/default/production\2024final.X.production.sym \
  --cmf=dist/default/production\2024final.X.production.cmf -z -Q18F4520 \
  -oC:\Users\User\AppData\Local\Temp\xcAseso.\driver_tmp_3.o \
  --defsym=__MPLAB_BUILD=1 --fixupoverflow=error \
  -Mdist/default/production/2024final.X.production.map \
  --md=C:\Users\User\AppData\Local\Temp\xcAseso.\driver_tmp_0.dat -E1 \
  -ver=XC8 Compiler -ACODE=00h-07FFFh -ACONST=00h-07FFFh \
  -ASMALLCONST=0600h-06FFhx122 -AMEDIUMCONST=0600h-07FFFh -ACOMRAM=01h-07Fh \
  -AABS1=00h-05FFh -ABIGRAM=01h-05FFh -ARAM=080h-0FFh,0100h-01FFhx5 \
  -ABANK0=080h-0FFh -ABANK1=0100h-01FFh -ABANK2=0200h-02FFh \
  -ABANK3=0300h-03FFh -ABANK4=0400h-04FFh -ABANK5=0500h-05FFh \
  -ASFR=0F80h-0FFFh -ABIGSFR=0F80h-0FFFh -ACONFIG=0300000h-030000Dh \
  -AIDLOC=0200000h-0200007h -AEEDATA=0F00000h-0F000FFh -peeprom_data=EEDATA \
  -preset_vec=00h,intcode=8h,intcodelo=18h,sivt_lo,sivt_hi=CODE \
  -ppowerup=CODE,init -pramtop=0600h -psmallconst=SMALLCONST \
  -pmediumconst=MEDIUMCONST -pconst=CONST -AFARRAM=00h-00h \
  -prdata=COMRAM,nvrram=COMRAM,nvbit=COMRAM,rbss=COMRAM,rbit=COMRAM \
  -pfarbss=FARRAM,fardata=FARRAM,nvFARRAM=FARRAM \
  -pintsave_regs=BIGRAM,bigbss=BIGRAM,bigdata=BIGRAM -pbss=RAM \
  -pidata=CODE,irdata=CODE,ibigdata=CODE,ifardata=CODE -prparam=COMRAM \
  C:\Users\User\AppData\Local\Temp\xcAseso.\driver_tmp_9.o \
  dist/default/production\2024final.X.production.o 

Object code version is 3.11

Machine type is 18F4520



                Name                               Link     Load   Length Selector   Space Scale
C:\Users\User\AppData\Local\Temp\xcAseso.\driver_tmp_9.o
                idloc                            200000   200000        8        0       5
                config                           300000   300000        E        0       4
                init                                176      176        4        C       0
                reset_vec                             0        0        4        0       0
dist/default/production\2024final.X.production.o
                intcodelo                            18       18      15E        C       0
                intcode                               8        8        6        4       0
                idloc                            200000   200000        8        0       5
                config                           300000   300000        E        0       4
                temp                                 78       78        1        1       1
                smallconst                          600      600       3E      300       0
                text54                             30AA     30AA       3C      31F       0
                text53                             3338     3338       16      31F       0
                text52                             3068     3068       42      31F       0
                text51                             2224     2224      106      31F       0
                text50                             2EA0     2EA0       5E      31F       0
                text49                             31EC     31EC       2E      31F       0
                text48                             197E     197E      390      31F       0
                text47                             2822     2822       AA      31F       0
                text46                             232A     232A      104      31F       0
                text45                             1558     1558      426      31F       0
                text44                             311E     311E       38      31F       0
                text43                             326C     326C       26      31F       0
                text42                             1EDC     1EDC      1B4      31F       0
                text41                             321A     321A       2C      31F       0
                text40                             2EFE     2EFE       54      31F       0
                text39                             32B4     32B4       22      31F       0
                text38                             31BE     31BE       2E      31F       0
                text37                             2DD4     2DD4       6A      31F       0
                text36                              63E      63E      F1A      31F       0
                text35                             2A18     2A18       A4      31F       0
                text34                             25DE     25DE       D0      31F       0
                text33                             3024     3024       44      31F       0
                text32                             2C22     2C22       70      31F       0
                text31                             1D0E     1D0E      1CE      31F       0
                intcode_body                       2ABC     2ABC       82      31F       0
                text29                             330A     330A       18      31F       0
                text28                             2FDE     2FDE       46      31F       0
                text27                             26AE     26AE       C4      31F       0
                text26                             2772     2772       B0      31F       0
                text25                             2090     2090      194      31F       0
                text24                             3156     3156       36      31F       0
                text23                             2972     2972       A6      31F       0
                text22                             2CFE     2CFE       6C      31F       0
                text21                             2506     2506       D8      31F       0
                text20                             2F98     2F98       46      31F       0
                text19                             2BB0     2BB0       72      31F       0
                text17                             30E6     30E6       38      31F       0
                text16                             3292     3292       22      31F       0
                text15                             3360     3360       12      31F       0
                text14                             337E     337E        C      31F       0
                text13                             3246     3246       26      31F       0
                text12                             334E     334E       12      31F       0
                text11                             3394     3394        8      31F       0
                text10                             3322     3322       16      31F       0
                text9                              32F2     32F2       18      31F       0
                text8                              3372     3372        C      31F       0
                text7                              32D6     32D6       1C      31F       0
                text6                              318C     318C       32      31F       0
                text5                              28CC     28CC       A6      31F       0
                text4                              2C92     2C92       6C      31F       0
                text3                              242E     242E       D8      31F       0
                text2                              2F52     2F52       46      31F       0
                text1                              2B3E     2B3E       72      31F       0
                text0                              2D6A     2D6A       6A      31F       0
                cstackCOMRAM                          1        1       47        1       1
                cstackBANK0                          80       80       33       80       1
                cstackBANK1                         100      100       26      100       1
                dataBANK0                            CB       CB        2       80       1
                bssBANK0                             B3       B3       18       80       1
                dataCOMRAM                           6E       6E        A        1       1
                bssCOMRAM                            48       48       26        1       1
                cinit                              2E3E     2E3E       62      31F       0
                idataBANK0                         339C     339C        2      31F       0
                idataCOMRAM                        338A     338A        A      31F       0

TOTAL           Name                               Link     Load   Length     Space
        CLASS   CODE           
                intcodelo                            18       18      15E         0
                intcode                               8        8        6         0
                init                                176      176        4         0
                reset_vec                             0        0        4         0
                text54                             30AA     30AA       3C         0
                text53                             3338     3338       16         0
                text52                             3068     3068       42         0
                text51                             2224     2224      106         0
                text50                             2EA0     2EA0       5E         0
                text49                             31EC     31EC       2E         0
                text48                             197E     197E      390         0
                text47                             2822     2822       AA         0
                text46                             232A     232A      104         0
                text45                             1558     1558      426         0
                text44                             311E     311E       38         0
                text43                             326C     326C       26         0
                text42                             1EDC     1EDC      1B4         0
                text41                             321A     321A       2C         0
                text40                             2EFE     2EFE       54         0
                text39                             32B4     32B4       22         0
                text38                             31BE     31BE       2E         0
                text37                             2DD4     2DD4       6A         0
                text36                              63E      63E      F1A         0
                text35                             2A18     2A18       A4         0
                text34                             25DE     25DE       D0         0
                text33                             3024     3024       44         0
                text32                             2C22     2C22       70         0
                text31                             1D0E     1D0E      1CE         0
                intcode_body                       2ABC     2ABC       82         0
                text29                             330A     330A       18         0
                text28                             2FDE     2FDE       46         0
                text27                             26AE     26AE       C4         0
                text26                             2772     2772       B0         0
                text25                             2090     2090      194         0
                text24                             3156     3156       36         0
                text23                             2972     2972       A6         0
                text22                             2CFE     2CFE       6C         0
                text21                             2506     2506       D8         0
                text20                             2F98     2F98       46         0
                text19                             2BB0     2BB0       72         0
                text17                             30E6     30E6       38         0
                text16                             3292     3292       22         0
                text15                             3360     3360       12         0
                text14                             337E     337E        C         0
                text13                             3246     3246       26         0
                text12                             334E     334E       12         0
                text11                             3394     3394        8         0
                text10                             3322     3322       16         0
                text9                              32F2     32F2       18         0
                text8                              3372     3372        C         0
                text7                              32D6     32D6       1C         0
                text6                              318C     318C       32         0
                text5                              28CC     28CC       A6         0
                text4                              2C92     2C92       6C         0
                text3                              242E     242E       D8         0
                text2                              2F52     2F52       46         0
                text1                              2B3E     2B3E       72         0
                text0                              2D6A     2D6A       6A         0
                cinit                              2E3E     2E3E       62         0
                idataBANK0                         339C     339C        2         0
                idataCOMRAM                        338A     338A        A         0

        CLASS   CONST          

        CLASS   SMALLCONST     
                smallconst                          600      600       3E         0

        CLASS   MEDIUMCONST    

        CLASS   COMRAM         
                temp                                 78       78        1         1
                cstackCOMRAM                          1        1       47         1
                dataCOMRAM                           6E       6E        A         1
                bssCOMRAM                            48       48       26         1

        CLASS   ABS1           

        CLASS   BIGRAM         

        CLASS   RAM            

        CLASS   BANK0          
                cstackBANK0                          80       80       33         1
                dataBANK0                            CB       CB        2         1
                bssBANK0                             B3       B3       18         1

        CLASS   BANK1          
                cstackBANK1                         100      100       26         1

        CLASS   BANK2          

        CLASS   BANK3          

        CLASS   BANK4          

        CLASS   BANK5          

        CLASS   SFR            

        CLASS   BIGSFR         

        CLASS   CONFIG         
                config                           300000   300000        E         4

        CLASS   IDLOC          
                idloc                            200000   200000        8         5

        CLASS   EEDATA         

        CLASS   FARRAM         

        CLASS   HEAP           

        CLASS   STACK          



SEGMENTS        Name                           Load    Length   Top    Selector   Space  Class

                reset_vec                      000000  000004  000004         0       0  CODE    
                cstackCOMRAM                   000001  000078  000079         1       1  COMRAM  
                intcode                        000008  000006  00000E         4       0  CODE    
                intcodelo                      000018  000162  00017A         C       0  CODE    
                cstackBANK0                    000080  00004D  0000CD        80       1  BANK0   
                cstackBANK1                    000100  000026  000126       100       1  BANK1   
                smallconst                     000600  00003E  00063E       300       0  SMALLCON
                text36                         00063E  002D60  00339E       31F       0  CODE    


UNUSED ADDRESS RANGES

        Name                Unused          Largest block    Delta
        BANK0            0000CD-0000FF               33
        BANK1            000126-0001FF               DA
        BANK2            000200-0002FF              100
        BANK3            000300-0003FF              100
        BANK4            000400-0004FF              100
        BANK5            000500-0005FF              100
        BIGRAM           000079-00007F                7
                         0000CD-0000FF               33
                         000126-0005FF              4DA
        BIGSFR           000F80-000FFF               80
        CODE             000004-000007                4
                         00000E-000017                A
                         00017A-0005FF              486
                         00339E-007FFF             4C62
        COMRAM           000079-00007F                7
        CONST            000004-000007                4
                         00000E-000017                A
                         00017A-0005FF              486
                         00339E-007FFF             4C62
        EEDATA           F00000-F000FF              100
        MEDIUMCONST      00339E-007FFF             4C62
        RAM              0000CD-0000FF               33
                         000126-0005FF              100
        SFR              000F80-000FFF               80
        SMALLCONST       00339E-007FFF              100

                                  Symbol Table

?_ADC_Read                      cstackBANK1  000100
?_AngleToDutyCycle              cstackBANK1  000119
?___awdiv                       cstackBANK0  000086
?___awmod                       cstackBANK0  000080
?___fldiv                       cstackCOMRAM 000001
?___flmul                       cstackCOMRAM 000001
?___flneg                       cstackCOMRAM 000001
?___fltol                       cstackCOMRAM 000033
?___lldiv                       cstackBANK1  00010C
?___lmul                        cstackBANK1  000100
?___wmul                        cstackCOMRAM 000001
?___xxtofl                      cstackCOMRAM 000001
?_abs                           cstackBANK0  000080
?_isdigit                       cstackCOMRAM 000001
?_isxdigit                      cstackCOMRAM 000001
?_nanf                          cstackCOMRAM 000001
?_strcmp                        cstackCOMRAM 000001
?_strlen                        cstackCOMRAM 000001
?_strtof                        cstackCOMRAM 00001A
?_toupper                       cstackCOMRAM 000001
?i1_AngleToDutyCycle            cstackBANK0  000099
?i1___lldiv                     cstackBANK0  00008C
?i1___lmul                      cstackBANK0  000080
?i2_AngleToDutyCycle            cstackCOMRAM 00001A
?i2___lldiv                     cstackCOMRAM 00000D
?i2___lmul                      cstackCOMRAM 000001
ADC_Read@channel                cstackBANK1  000100
ADC_Read@digital                cstackBANK1  000104
AngleToDutyCycle@D_value        cstackBANK1  00011C
AngleToDutyCycle@angle          cstackBANK1  00011B
ClearBuffer@i                   cstackCOMRAM 000001
Lo_ISR@change                   cstackBANK0  0000AF
Lo_ISR@limited_range_angle      cstackBANK0  0000AB
Lo_ISR@v                        cstackBANK0  0000B1
MyusartRead@c                   cstackCOMRAM 00003F
MyusartRead@num                 cstackCOMRAM 00003D
SetCCP1DutyCycle@duty_value     cstackBANK1  000100
UART_DeleteLine@i               cstackBANK0  000084
UART_DeleteLine@n               cstackBANK0  000081
UART_PrintHex@F3388             smallconst   000601
UART_Write@data                 cstackBANK0  000080
UART_Write_Text@i               cstackCOMRAM 000004
UART_Write_Text@text            cstackCOMRAM 000002
Update@digit                    cstackBANK0  000090
Update@num                      cstackBANK0  00008E
_ADCON0                         (abs)        000FC2
_ADCON0bits                     (abs)        000FC2
_ADCON1                         (abs)        000FC1
_ADCON1bits                     (abs)        000FC1
_ADCON2                         (abs)        000FC0
_ADCON2bits                     (abs)        000FC0
_ADC_Initialize                 text16       003292
_ADC_Read                       text17       0030E6
_ADFM                           (abs)        007E07
_ADRESH                         (abs)        000FC4
_ADRESL                         (abs)        000FC3
_AngleToDutyCycle               text3        00242E
_BAUDCONbits                    (abs)        000FB8
_CCP1CON                        (abs)        000FBD
_CCP1_Initialize                text15       003360
_CCP2CON                        (abs)        000FBA
_CCP2_Initialize                text14       00337E
_CCPR1L                         (abs)        000FBE
_CREN                           (abs)        007D5C
_ClearBuffer                    text54       0030AA
_Hi_ISR                         intcode      000008
_INTCON2bits                    (abs)        000FF1
_INTCONbits                     (abs)        000FF2
_INTERRUPT_Initialize           text13       003246
_IPR1bits                       (abs)        000F9F
_IPR2bits                       (abs)        000FA2
_LATD                           (abs)        000F8C
_Lo_ISR                         intcodelo    000018
_MyusartRead                    text31       001D0E
_OSCCONbits                     (abs)        000FD3
_OSCILLATOR_Initialize          text12       00334E
_PIE1bits                       (abs)        000F9D
_PIN_MANAGER_Initialize         text11       003394
_PIR1bits                       (abs)        000F9E
_PIR2bits                       (abs)        000FA1
_PR2                            (abs)        000FCB
_RCONbits                       (abs)        000FD0
_RCREG                          (abs)        000FAE
_RCSTAbits                      (abs)        000FAB
_SPBRG                          (abs)        000FAF
_SYSTEM_Initialize              text6        00318C
_SetCCP1DutyCycle               text2        002F52
_T0CONbits                      (abs)        000FD5
_T1CONbits                      (abs)        000FCD
_T2CON                          (abs)        000FCA
_T2CONbits                      (abs)        000FCA
_TMR0H                          (abs)        000FD7
_TMR0L                          (abs)        000FD6
_TMR0_Initialize                text10       003322
_TMR1H                          (abs)        000FCF
_TMR1L                          (abs)        000FCE
_TMR1_Initialize                text9        0032F2
_TMR2                           (abs)        000FCC
_TMR2_Initialize                text8        003372
_TRISA                          (abs)        000F92
_TRISCbits                      (abs)        000F94
_TRISD                          (abs)        000F95
_TXREG                          (abs)        000FAD
_TXSTAbits                      (abs)        000FAC
_UART_DeleteLine                text28       002FDE
_UART_Initialize                text7        0032D6
_UART_Write                     text29       00330A
_UART_Write_Text                text52       003068
_Update                         text25       002090
_X1                             bssCOMRAM    00004E
_X2                             bssCOMRAM    00004C
__HRAM                          (abs)        000000
__H__absolute__                 __absolute__ 000000
__Habs1                         abs1         000000
__Hbank0                        bank0        000000
__Hbank1                        bank1        000000
__Hbank2                        bank2        000000
__Hbank3                        bank3        000000
__Hbank4                        bank4        000000
__Hbank5                        bank5        000000
__Hbigbss                       bigbss       000000
__Hbigdata                      bigdata      000000
__Hbigram                       bigram       000000
__Hbigsfr                       bigsfr       000000
__Hbss                          bss          000000
__HbssBANK0                     bssBANK0     000000
__HbssCOMRAM                    bssCOMRAM    000000
__Hcinit                        cinit        000000
__Hclrtext                      clrtext      000000
__Hcomram                       comram       000000
__Hconfig                       config       30000E
__Hconst                        const        000000
__HcstackBANK0                  cstackBANK0  000000
__HcstackBANK1                  cstackBANK1  000000
__HcstackCOMRAM                 cstackCOMRAM 000000
__Hdata                         data         000000
__HdataBANK0                    dataBANK0    000000
__HdataCOMRAM                   dataCOMRAM   000000
__Heeprom_data                  eeprom_data  000000
__Hfarbss                       farbss       000000
__Hfardata                      fardata      000000
__Hheap                         heap         000000
__Hibigdata                     ibigdata     000000
__Hidata                        idata        000000
__HidataBANK0                   idataBANK0   000000
__HidataCOMRAM                  idataCOMRAM  000000
__Hidloc                        idloc        200008
__Hifardata                     ifardata     000000
__Hinit                         init         00017A
__Hintcode                      intcode      00000E
__Hintcode_body                 intcode_body 000000
__Hintcodelo                    intcodelo    000176
__Hintentry                     intentry     000000
__Hintret                       intret       000000
__Hintsave_regs                 intsave_regs 000000
__Hirdata                       irdata       000000
__Hmediumconst                  mediumconst  000000
__HnvFARRAM                     nvFARRAM     000000
__Hnvbit                        nvbit        000000
__Hnvrram                       nvrram       000000
__Hparam                        rparam       000000
__Hpowerup                      powerup      000000
__Hram                          ram          000000
__Hramtop                       ramtop       000600
__Hrbit                         rbit         000000
__Hrbss                         rbss         000000
__Hrdata                        rdata        000000
__Hreset_vec                    reset_vec    000004
__Hrparam                       rparam       000000
__Hsfr                          sfr          000000
__Hsivt_hi                      sivt_hi      000000
__Hsivt_lo                      sivt_lo      000176
__Hsmallconst                   smallconst   00063E
__Hspace_0                      (abs)        00339E
__Hspace_1                      (abs)        000126
__Hspace_2                      (abs)        000000
__Hspace_4                      (abs)        60000E
__Hstack                        stack        000000
__Hstruct                       struct       000000
__Htemp                         temp         000079
__Htext                         text         000000
__Htext0                        text0        000000
__Htext1                        text1        000000
__Htext10                       text10       000000
__Htext11                       text11       000000
__Htext12                       text12       000000
__Htext13                       text13       000000
__Htext14                       text14       000000
__Htext15                       text15       000000
__Htext16                       text16       000000
__Htext17                       text17       000000
__Htext19                       text19       000000
__Htext2                        text2        000000
__Htext20                       text20       000000
__Htext21                       text21       000000
__Htext22                       text22       000000
__Htext23                       text23       000000
__Htext24                       text24       000000
__Htext25                       text25       000000
__Htext26                       text26       000000
__Htext27                       text27       000000
__Htext28                       text28       000000
__Htext29                       text29       000000
__Htext3                        text3        000000
__Htext31                       text31       000000
__Htext32                       text32       000000
__Htext33                       text33       000000
__Htext34                       text34       000000
__Htext35                       text35       000000
__Htext36                       text36       000000
__Htext37                       text37       000000
__Htext38                       text38       000000
__Htext39                       text39       000000
__Htext4                        text4        000000
__Htext40                       text40       000000
__Htext41                       text41       000000
__Htext42                       text42       000000
__Htext43                       text43       000000
__Htext44                       text44       000000
__Htext45                       text45       000000
__Htext46                       text46       000000
__Htext47                       text47       000000
__Htext48                       text48       000000
__Htext49                       text49       000000
__Htext5                        text5        000000
__Htext50                       text50       000000
__Htext51                       text51       000000
__Htext52                       text52       000000
__Htext53                       text53       000000
__Htext54                       text54       000000
__Htext6                        text6        000000
__Htext7                        text7        000000
__Htext8                        text8        000000
__Htext9                        text9        000000
__LRAM                          (abs)        000001
__L__absolute__                 __absolute__ 000000
__Labs1                         abs1         000000
__Lbank0                        bank0        000000
__Lbank1                        bank1        000000
__Lbank2                        bank2        000000
__Lbank3                        bank3        000000
__Lbank4                        bank4        000000
__Lbank5                        bank5        000000
__Lbigbss                       bigbss       000000
__Lbigdata                      bigdata      000000
__Lbigram                       bigram       000000
__Lbigsfr                       bigsfr       000000
__Lbss                          bss          000000
__LbssBANK0                     bssBANK0     000000
__LbssCOMRAM                    bssCOMRAM    000000
__Lcinit                        cinit        000000
__Lclrtext                      clrtext      000000
__Lcomram                       comram       000000
__Lconfig                       config       000000
__Lconst                        const        000000
__LcstackBANK0                  cstackBANK0  000000
__LcstackBANK1                  cstackBANK1  000000
__LcstackCOMRAM                 cstackCOMRAM 000000
__Ldata                         data         000000
__LdataBANK0                    dataBANK0    000000
__LdataCOMRAM                   dataCOMRAM   000000
__Leeprom_data                  eeprom_data  000000
__Lfarbss                       farbss       000000
__Lfardata                      fardata      000000
__Lheap                         heap         000000
__Libigdata                     ibigdata     000000
__Lidata                        idata        000000
__LidataBANK0                   idataBANK0   000000
__LidataCOMRAM                  idataCOMRAM  000000
__Lidloc                        idloc        000000
__Lifardata                     ifardata     000000
__Linit                         init         000176
__Lintcode                      intcode      000008
__Lintcode_body                 intcode_body 000000
__Lintcodelo                    intcodelo    000018
__Lintentry                     intentry     000000
__Lintret                       intret       000000
__Lintsave_regs                 intsave_regs 000000
__Lirdata                       irdata       000000
__Lmediumconst                  mediumconst  000000
__LnvFARRAM                     nvFARRAM     000000
__Lnvbit                        nvbit        000000
__Lnvrram                       nvrram       000000
__Lparam                        rparam       000000
__Lpowerup                      powerup      000000
__Lram                          ram          000000
__Lramtop                       ramtop       000600
__Lrbit                         rbit         000000
__Lrbss                         rbss         000000
__Lrdata                        rdata        000000
__Lreset_vec                    reset_vec    000000
__Lrparam                       rparam       000000
__Lsfr                          sfr          000000
__Lsivt_hi                      sivt_hi      000000
__Lsivt_lo                      sivt_lo      000176
__Lsmallconst                   smallconst   000600
__Lspace_0                      (abs)        000000
__Lspace_1                      (abs)        000000
__Lspace_2                      (abs)        000000
__Lspace_4                      (abs)        000000
__Lstack                        stack        000000
__Lstruct                       struct       000000
__Ltemp                         temp         000078
__Ltext                         text         000000
__Ltext0                        text0        000000
__Ltext1                        text1        000000
__Ltext10                       text10       000000
__Ltext11                       text11       000000
__Ltext12                       text12       000000
__Ltext13                       text13       000000
__Ltext14                       text14       000000
__Ltext15                       text15       000000
__Ltext16                       text16       000000
__Ltext17                       text17       000000
__Ltext19                       text19       000000
__Ltext2                        text2        000000
__Ltext20                       text20       000000
__Ltext21                       text21       000000
__Ltext22                       text22       000000
__Ltext23                       text23       000000
__Ltext24                       text24       000000
__Ltext25                       text25       000000
__Ltext26                       text26       000000
__Ltext27                       text27       000000
__Ltext28                       text28       000000
__Ltext29                       text29       000000
__Ltext3                        text3        000000
__Ltext31                       text31       000000
__Ltext32                       text32       000000
__Ltext33                       text33       000000
__Ltext34                       text34       000000
__Ltext35                       text35       000000
__Ltext36                       text36       000000
__Ltext37                       text37       000000
__Ltext38                       text38       000000
__Ltext39                       text39       000000
__Ltext4                        text4        000000
__Ltext40                       text40       000000
__Ltext41                       text41       000000
__Ltext42                       text42       000000
__Ltext43                       text43       000000
__Ltext44                       text44       000000
__Ltext45                       text45       000000
__Ltext46                       text46       000000
__Ltext47                       text47       000000
__Ltext48                       text48       000000
__Ltext49                       text49       000000
__Ltext5                        text5        000000
__Ltext50                       text50       000000
__Ltext51                       text51       000000
__Ltext52                       text52       000000
__Ltext53                       text53       000000
__Ltext54                       text54       000000
__Ltext6                        text6        000000
__Ltext7                        text7        000000
__Ltext8                        text8        000000
__Ltext9                        text9        000000
__S0                            (abs)        00339E
__S1                            (abs)        000126
__S4                            (abs)        000000
__S5                            (abs)        000000
___awdiv                        text27       0026AE
___awdiv@counter                cstackBANK0  00008A
___awdiv@dividend               cstackBANK0  000086
___awdiv@divisor                cstackBANK0  000088
___awdiv@quotient               cstackBANK0  00008C
___awdiv@sign                   cstackBANK0  00008B
___awmod                        text26       002772
___awmod@counter                cstackBANK0  000084
___awmod@dividend               cstackBANK0  000080
___awmod@divisor                cstackBANK0  000082
___awmod@sign                   cstackBANK0  000085
___fldiv                        text48       00197E
___fldiv@a                      cstackCOMRAM 000005
___fldiv@aexp                   cstackCOMRAM 000019
___fldiv@b                      cstackCOMRAM 000001
___fldiv@bexp                   cstackCOMRAM 000018
___fldiv@grs                    cstackCOMRAM 000014
___fldiv@new_exp                cstackCOMRAM 000012
___fldiv@rem                    cstackCOMRAM 00000D
___fldiv@sign                   cstackCOMRAM 000011
___fleq                         text47       002822
___fleq@ff1                     cstackCOMRAM 000001
___fleq@ff2                     cstackCOMRAM 000005
___flge                         text46       00232A
___flge@ff1                     cstackCOMRAM 000001
___flge@ff2                     cstackCOMRAM 000005
___flmul                        text45       001558
___flmul@a                      cstackCOMRAM 000005
___flmul@aexp                   cstackCOMRAM 000012
___flmul@b                      cstackCOMRAM 000001
___flmul@bexp                   cstackCOMRAM 000013
___flmul@grs                    cstackCOMRAM 00000E
___flmul@prod                   cstackCOMRAM 000014
___flmul@sign                   cstackCOMRAM 00000D
___flmul@temp                   cstackCOMRAM 000018
___flneg                        text44       00311E
___flneg@f1                     cstackCOMRAM 000001
___fltol                        text51       002224
___fltol@exp1                   cstackCOMRAM 00003C
___fltol@f1                     cstackCOMRAM 000033
___fltol@sign1                  cstackCOMRAM 00003B
___heap_hi                      (abs)        000000
___heap_lo                      (abs)        000000
___inthi_sp                     stack        000000
___inthi_stack_hi               stack        000000
___inthi_stack_lo               stack        000000
___intlo_sp                     stack        000000
___intlo_stack_hi               stack        000000
___intlo_stack_lo               stack        000000
___lldiv                        text5        0028CC
___lldiv@counter                cstackBANK1  000118
___lldiv@dividend               cstackBANK1  00010C
___lldiv@divisor                cstackBANK1  000110
___lldiv@quotient               cstackBANK1  000114
___lmul                         text4        002C92
___lmul@multiplicand            cstackBANK1  000104
___lmul@multiplier              cstackBANK1  000100
___lmul@product                 cstackBANK1  000108
___param_bank                   (abs)        000000
___rparam_used                  (abs)        000001
___sp                           stack        000000
___stack_hi                     stack        000000
___stack_lo                     stack        000000
___wmul                         text43       00326C
___wmul@multiplicand            cstackCOMRAM 000003
___wmul@multiplier              cstackCOMRAM 000001
___wmul@product                 cstackCOMRAM 000005
___xxtofl                       text42       001EDC
___xxtofl@arg                   cstackCOMRAM 00000B
___xxtofl@exp                   cstackCOMRAM 00000A
___xxtofl@sign                  cstackCOMRAM 000009
___xxtofl@val                   cstackCOMRAM 000001
__accesstop                     (abs)        000080
__activetblptr                  (abs)        000001
__end_ofUART_PrintHex@F3388     smallconst   000612
__end_of_ADC_Initialize         text16       0032B4
__end_of_ADC_Read               text17       00311E
__end_of_AngleToDutyCycle       text3        002506
__end_of_CCP1_Initialize        text15       003372
__end_of_CCP2_Initialize        text14       00338A
__end_of_ClearBuffer            text54       0030E6
__end_of_Hi_ISR                 intcode_body 002B3E
__end_of_INTERRUPT_Initialize   text13       00326C
__end_of_Lo_ISR                 intcodelo    000176
__end_of_MyusartRead            text31       001EDC
__end_of_OSCILLATOR_Initialize  text12       003360
__end_of_PIN_MANAGER_Initialize text11       00339C
__end_of_SYSTEM_Initialize      text6        0031BE
__end_of_SetCCP1DutyCycle       text2        002F98
__end_of_TMR0_Initialize        text10       003338
__end_of_TMR1_Initialize        text9        00330A
__end_of_TMR2_Initialize        text8        00337E
__end_of_UART_DeleteLine        text28       003024
__end_of_UART_Initialize        text7        0032F2
__end_of_UART_Write             text29       003322
__end_of_UART_Write_Text        text52       0030AA
__end_of_Update                 text25       002224
__end_of___awdiv                text27       002772
__end_of___awmod                text26       002822
__end_of___fldiv                text48       001D0E
__end_of___fleq                 text47       0028CC
__end_of___flge                 text46       00242E
__end_of___flmul                text45       00197E
__end_of___flneg                text44       003156
__end_of___fltol                text51       00232A
__end_of___lldiv                text5        002972
__end_of___lmul                 text4        002CFE
__end_of___wmul                 text43       003292
__end_of___xxtofl               text42       002090
__end_of__initialization        cinit        002E8E
__end_of_abs                    text24       00318C
__end_of_isdigit                text41       003246
__end_of_isxdigit               text40       002F52
__end_of_main                   text0        002DD4
__end_of_nanf                   text39       0032D6
__end_of_set_servo_angle        text1        002BB0
__end_of_strcmp                 text50       002EFE
__end_of_strlen                 text49       00321A
__end_of_strtof                 text36       001558
__end_of_toupper                text38       0031EC
__end_ofi1_AngleToDutyCycle     text21       0025DE
__end_ofi1_SetCCP1DutyCycle     text20       002FDE
__end_ofi1___lldiv              text23       002A18
__end_ofi1___lmul               text22       002D6A
__end_ofi1_set_servo_angle      text19       002C22
__end_ofi2_AngleToDutyCycle     text34       0026AE
__end_ofi2_SetCCP1DutyCycle     text33       003068
__end_ofi2_UART_Write           text53       00334E
__end_ofi2___lldiv              text35       002ABC
__end_ofi2___lmul               text37       002E3E
__end_ofi2_set_servo_angle      text32       002C92
__initialization                cinit        002E3E
__mediumconst                   smallconst   000600
__pbssBANK0                     bssBANK0     0000B3
__pbssCOMRAM                    bssCOMRAM    000048
__pcinit                        cinit        002E3E
__pcstackBANK0                  cstackBANK0  000080
__pcstackBANK1                  cstackBANK1  000100
__pcstackCOMRAM                 cstackCOMRAM 000001
__pdataBANK0                    dataBANK0    0000CB
__pdataCOMRAM                   dataCOMRAM   00006E
__pidataBANK0                   idataBANK0   00339C
__pidataCOMRAM                  idataCOMRAM  00338A
__pintcode                      intcode      000008
__pintcode_body                 intcode_body 002ABC
__pintcodelo                    intcodelo    000018
__psmallconst                   smallconst   000600
__ptext0                        text0        002D6A
__ptext1                        text1        002B3E
__ptext10                       text10       003322
__ptext11                       text11       003394
__ptext12                       text12       00334E
__ptext13                       text13       003246
__ptext14                       text14       00337E
__ptext15                       text15       003360
__ptext16                       text16       003292
__ptext17                       text17       0030E6
__ptext19                       text19       002BB0
__ptext2                        text2        002F52
__ptext20                       text20       002F98
__ptext21                       text21       002506
__ptext22                       text22       002CFE
__ptext23                       text23       002972
__ptext24                       text24       003156
__ptext25                       text25       002090
__ptext26                       text26       002772
__ptext27                       text27       0026AE
__ptext28                       text28       002FDE
__ptext29                       text29       00330A
__ptext3                        text3        00242E
__ptext31                       text31       001D0E
__ptext32                       text32       002C22
__ptext33                       text33       003024
__ptext34                       text34       0025DE
__ptext35                       text35       002A18
__ptext36                       text36       00063E
__ptext37                       text37       002DD4
__ptext38                       text38       0031BE
__ptext39                       text39       0032B4
__ptext4                        text4        002C92
__ptext40                       text40       002EFE
__ptext41                       text41       00321A
__ptext42                       text42       001EDC
__ptext43                       text43       00326C
__ptext44                       text44       00311E
__ptext45                       text45       001558
__ptext46                       text46       00232A
__ptext47                       text47       002822
__ptext48                       text48       00197E
__ptext49                       text49       0031EC
__ptext5                        text5        0028CC
__ptext50                       text50       002EA0
__ptext51                       text51       002224
__ptext52                       text52       003068
__ptext53                       text53       003338
__ptext54                       text54       0030AA
__ptext6                        text6        00318C
__ptext7                        text7        0032D6
__ptext8                        text8        003372
__ptext9                        text9        0032F2
__ramtop                        ramtop       000600
__smallconst                    smallconst   000600
_a                              bssCOMRAM    000052
_abs                            text24       003156
_angel                          dataBANK0    0000CB
_count                          bssCOMRAM    000058
_direction                      dataCOMRAM   000076
_errno                          bssCOMRAM    000048
_index                          bssCOMRAM    000050
_isdigit                        text41       00321A
_isxdigit                       text40       002EFE
_isxdigit$1899                  cstackCOMRAM 000007
_lastV                          bssBANK0     0000C7
_lastn                          bssCOMRAM    000054
_lenStr                         bssCOMRAM    00004A
_lighttable                     dataCOMRAM   00006E
_main                           text0        002D6A
_mystring                       bssCOMRAM    00005A
_nanf                           text39       0032B4
_num                            bssCOMRAM    000056
_set_servo_angle                text1        002B3E
_state                          bssBANK0     0000C9
_str                            bssBANK0     0000B3
_strcmp                         text50       002EA0
_strlen                         text49       0031EC
_strtof                         text36       00063E
_tick                           dataCOMRAM   000074
_toupper                        text38       0031BE
abs@a                           cstackBANK0  000080
btemp                           temp         000078
end_of_initialization           cinit        002E8E
i1AngleToDutyCycle@D_value      cstackBANK0  00009C
i1AngleToDutyCycle@angle        cstackBANK0  00009B
i1SetCCP1DutyCycle@duty_value   cstackBANK0  000080
i1_AngleToDutyCycle             text21       002506
i1_SetCCP1DutyCycle             text20       002F98
i1___lldiv                      text23       002972
i1___lldiv@counter              cstackBANK0  000098
i1___lldiv@dividend             cstackBANK0  00008C
i1___lldiv@divisor              cstackBANK0  000090
i1___lldiv@quotient             cstackBANK0  000094
i1___lmul                       text22       002CFE
i1___lmul@multiplicand          cstackBANK0  000084
i1___lmul@multiplier            cstackBANK0  000080
i1___lmul@product               cstackBANK0  000088
i1_set_servo_angle              text19       002BB0
i1set_servo_angle@angle         cstackBANK0  0000A0
i1set_servo_angle@angle_0_180   cstackBANK0  0000A2
i1set_servo_angle@duty_val      cstackBANK0  0000A4
i2AngleToDutyCycle@D_value      cstackCOMRAM 00001D
i2AngleToDutyCycle@angle        cstackCOMRAM 00001C
i2SetCCP1DutyCycle@duty_value   cstackCOMRAM 000001
i2UART_Write@data               cstackCOMRAM 000001
i2_AngleToDutyCycle             text34       0025DE
i2_SetCCP1DutyCycle             text33       003024
i2_UART_Write                   text53       003338
i2___lldiv                      text35       002A18
i2___lldiv@counter              cstackCOMRAM 000019
i2___lldiv@dividend             cstackCOMRAM 00000D
i2___lldiv@divisor              cstackCOMRAM 000011
i2___lldiv@quotient             cstackCOMRAM 000015
i2___lmul                       text37       002DD4
i2___lmul@multiplicand          cstackCOMRAM 000005
i2___lmul@multiplier            cstackCOMRAM 000001
i2___lmul@product               cstackCOMRAM 000009
i2_set_servo_angle              text32       002C22
i2set_servo_angle@angle         cstackCOMRAM 000021
i2set_servo_angle@angle_0_180   cstackCOMRAM 000023
i2set_servo_angle@duty_val      cstackCOMRAM 000025
int$flags                       temp         000078
int_func                        intcode_body 002ABC
intlevel0                       text         000000
intlevel1                       text         000000
intlevel2                       text         000000
intlevel3                       text         000000
isa$std                         (abs)        000001
isa$xinst                       (abs)        000000
isdigit@c                       cstackCOMRAM 000001
isxdigit@c                      cstackCOMRAM 000001
nanf@s                          cstackCOMRAM 000001
nanf@u                          cstackCOMRAM 000005
set_servo_angle@angle           cstackBANK1  000120
set_servo_angle@angle_0_180     cstackBANK1  000122
set_servo_angle@duty_val        cstackBANK1  000124
stackhi                         (abs)        000000
stacklo                         (abs)        000000
start                           init         000176
start_initialization            cinit        002E3E
strcmp@l                        cstackCOMRAM 000001
strcmp@r                        cstackCOMRAM 000002
strlen@a                        cstackCOMRAM 000003
strlen@s                        cstackCOMRAM 000001
strtof@_u                       cstackCOMRAM 00002E
strtof@digit                    cstackCOMRAM 000028
strtof@dpos                     cstackCOMRAM 000027
strtof@eexp                     cstackCOMRAM 00002C
strtof@err                      cstackCOMRAM 000024
strtof@expon                    cstackCOMRAM 00002A
strtof@flags                    cstackCOMRAM 000029
strtof@i                        cstackCOMRAM 000032
strtof@res                      cstackCOMRAM 00001B
strtof@s                        cstackCOMRAM 00001A
strtof@xpos                     cstackCOMRAM 000026
toupper@c                       cstackCOMRAM 000001
ttemp5                          temp         000079
ttemp6                          temp         00007C
ttemp7                          temp         000080
wtemp8                          temp         000079


MODULE INFORMATION

Module		Function		Class		Link	Load	Size
C:\Program Files\Microchip\xc8\v3.00\pic\sources\c99\common\flge.c
		___flge        		CODE           	232A	0000	260

C:\Program Files\Microchip\xc8\v3.00\pic\sources\c99\common\flge.c estimated size: 260

C:\Program Files\Microchip\xc8\v3.00\pic\sources\c99\common\strtof.c
		_strtof        		CODE           	063E	0000	3866

C:\Program Files\Microchip\xc8\v3.00\pic\sources\c99\common\strtof.c estimated size: 3866

C:\Program Files\Microchip\xc8\v3.00\pic\sources\c99\common\abs.c
		_abs           		CODE           	3156	0000	54

C:\Program Files\Microchip\xc8\v3.00\pic\sources\c99\common\abs.c estimated size: 54

setting_hardaware/interrupt_manager.c
		_INTERRUPT_Initialize		CODE           	3246	0000	38

setting_hardaware/interrupt_manager.c estimated size: 38

C:\Program Files\Microchip\xc8\v3.00\pic\sources\c99\common\flneg.c
		___flneg       		CODE           	311E	0000	56

C:\Program Files\Microchip\xc8\v3.00\pic\sources\c99\common\flneg.c estimated size: 56

setting_hardaware/uart.c
		_MyusartRead   		CODE           	1D0E	0000	462
		_UART_Write_Text		CODE           	3068	0000	66
		_ClearBuffer   		CODE           	30AA	0000	60
		_Update        		CODE           	2090	0000	404
		_UART_Initialize		CODE           	32D6	0000	28
		_UART_Write    		CODE           	330A	0000	24
		_UART_DeleteLine		CODE           	2FDE	0000	70

setting_hardaware/uart.c estimated size: 1114

C:\Program Files\Microchip\xc8\v3.00\pic\sources\c99\common\isxdigit.c
		_isxdigit      		CODE           	2EFE	0000	84

C:\Program Files\Microchip\xc8\v3.00\pic\sources\c99\common\isxdigit.c estimated size: 84

C:\Program Files\Microchip\xc8\v3.00\pic\sources\c99\common\Umul16.c
		___wmul        		CODE           	326C	0000	38

C:\Program Files\Microchip\xc8\v3.00\pic\sources\c99\common\Umul16.c estimated size: 38

C:\Program Files\Microchip\xc8\v3.00\pic\sources\c99\common\nanf.c
		_nanf          		CODE           	32B4	0000	34

C:\Program Files\Microchip\xc8\v3.00\pic\sources\c99\common\nanf.c estimated size: 34

C:\Program Files\Microchip\xc8\v3.00\pic\sources\c99\common\toupper.c
		_toupper       		CODE           	31BE	0000	46

C:\Program Files\Microchip\xc8\v3.00\pic\sources\c99\common\toupper.c estimated size: 46

setting_hardaware/ccp1.c
		_set_servo_angle		CODE           	2B3E	0000	114
		_CCP1_Initialize		CODE           	3360	0000	18
		_AngleToDutyCycle		CODE           	242E	0000	216
		_CCP2_Initialize		CODE           	337E	0000	12
		_SetCCP1DutyCycle		CODE           	2F52	0000	70

setting_hardaware/ccp1.c estimated size: 430

setting_hardaware/adc.c
		_ADC_Initialize		CODE           	3292	0000	34
		_ADC_Read      		CODE           	30E6	0000	56

setting_hardaware/adc.c estimated size: 90

C:\Program Files\Microchip\xc8\v3.00\pic\sources\c99\common\awmod.c
		___awmod       		CODE           	2772	0000	176

C:\Program Files\Microchip\xc8\v3.00\pic\sources\c99\common\awmod.c estimated size: 176

C:\Program Files\Microchip\xc8\v3.00\pic\sources\c99\common\fleq.c
		___fleq        		CODE           	2822	0000	170

C:\Program Files\Microchip\xc8\v3.00\pic\sources\c99\common\fleq.c estimated size: 170

C:\Program Files\Microchip\xc8\v3.00\pic\sources\c99\common\sprcmul.c
		___flmul       		CODE           	1558	0000	1062

C:\Program Files\Microchip\xc8\v3.00\pic\sources\c99\common\sprcmul.c estimated size: 1062

C:\Program Files\Microchip\xc8\v3.00\pic\sources\c99\common\Umul32.c
		___lmul        		CODE           	2C92	0000	108

C:\Program Files\Microchip\xc8\v3.00\pic\sources\c99\common\Umul32.c estimated size: 108

C:\Program Files\Microchip\xc8\v3.00\pic\sources\c99\common\__lldiv.c
		___lldiv       		CODE           	28CC	0000	166

C:\Program Files\Microchip\xc8\v3.00\pic\sources\c99\common\__lldiv.c estimated size: 166

C:\Program Files\Microchip\xc8\v3.00\pic\sources\c99\common\sprcdiv.c
		___fldiv       		CODE           	197E	0000	912

C:\Program Files\Microchip\xc8\v3.00\pic\sources\c99\common\sprcdiv.c estimated size: 912

shared
		i1_set_servo_angle		CODE           	2BB0	0000	114
		i2_set_servo_angle		CODE           	2C22	0000	112
		i2_UART_Write  		CODE           	3338	0000	22
		i1_SetCCP1DutyCycle		CODE           	2F98	0000	70
		i1___lldiv     		CODE           	2972	0000	166
		i2_SetCCP1DutyCycle		CODE           	3024	0000	68
		i2___lldiv     		CODE           	2A18	0000	164
		__initialization		CODE           	2E3E	0000	80
		i1___lmul      		CODE           	2CFE	0000	108
		i2___lmul      		CODE           	2DD4	0000	106
		i1_AngleToDutyCycle		CODE           	2506	0000	216
		i2_AngleToDutyCycle		CODE           	25DE	0000	208
		UART_PrintHex@F3388		SMALLCONST     	0601	0000	17

shared estimated size: 1451

C:\Program Files\Microchip\xc8\v3.00\pic\sources\c99\common\xxtofl.c
		___xxtofl      		CODE           	1EDC	0000	436

C:\Program Files\Microchip\xc8\v3.00\pic\sources\c99\common\xxtofl.c estimated size: 436

C:\Program Files\Microchip\xc8\v3.00\pic\sources\c99\common\strlen.c
		_strlen        		CODE           	31EC	0000	46

C:\Program Files\Microchip\xc8\v3.00\pic\sources\c99\common\strlen.c estimated size: 46

setting_hardaware/setting.c
		_PIN_MANAGER_Initialize		CODE           	3394	0000	8
		_TMR1_Initialize		CODE           	32F2	0000	24
		_TMR2_Initialize		CODE           	3372	0000	12
		_OSCILLATOR_Initialize		CODE           	334E	0000	18
		_SYSTEM_Initialize		CODE           	318C	0000	50
		_TMR0_Initialize		CODE           	3322	0000	22

setting_hardaware/setting.c estimated size: 134

C:\Program Files\Microchip\xc8\v3.00\pic\sources\c99\common\strcmp.c
		_strcmp        		CODE           	2EA0	0000	94

C:\Program Files\Microchip\xc8\v3.00\pic\sources\c99\common\strcmp.c estimated size: 94

C:\Program Files\Microchip\xc8\v3.00\pic\sources\c99\common\awdiv.c
		___awdiv       		CODE           	26AE	0000	196

C:\Program Files\Microchip\xc8\v3.00\pic\sources\c99\common\awdiv.c estimated size: 196

C:\Program Files\Microchip\xc8\v3.00\pic\sources\c99\common\fltol.c
		___fltol       		CODE           	2224	0000	262

C:\Program Files\Microchip\xc8\v3.00\pic\sources\c99\common\fltol.c estimated size: 262

main.c
		_Lo_ISR        		CODE           	0018	0000	350
		_main          		CODE           	2D6A	0000	106
		_Hi_ISR        		CODE           	0008	0000	136

main.c estimated size: 592

C:\Program Files\Microchip\xc8\v3.00\pic\sources\c99\common\isdigit.c
		_isdigit       		CODE           	321A	0000	44

C:\Program Files\Microchip\xc8\v3.00\pic\sources\c99\common\isdigit.c estimated size: 44

