MPLINK 5.09, LINKER
Linker Map File - Created Thu Nov 06 13:54:08 2025

                                 Section Info
                  Section       Type    Address   Location Size(Bytes)
                ---------  ---------  ---------  ---------  ---------
                   .org_0       code   0x000000    program   0x000004
                   .cinit    romdata   0x000004    program   0x000002
                   .org_1       code   0x000008    program   0x00000c
                   .org_2       code   0x000018    program   0x0000b8
                    dbgP0       code   0x007dc0    program   0x000240
.config_300001_BUILD/DEFAULT/DEBUG/HARD.O    romdata   0x300001    program   0x000001
.config_300002_BUILD/DEFAULT/DEBUG/HARD.O    romdata   0x300002    program   0x000001
.config_300003_BUILD/DEFAULT/DEBUG/HARD.O    romdata   0x300003    program   0x000001
.config_300005_BUILD/DEFAULT/DEBUG/HARD.O    romdata   0x300005    program   0x000001
.config_300006_BUILD/DEFAULT/DEBUG/HARD.O    romdata   0x300006    program   0x000001
.config_300008_BUILD/DEFAULT/DEBUG/HARD.O    romdata   0x300008    program   0x000001
.config_300009_BUILD/DEFAULT/DEBUG/HARD.O    romdata   0x300009    program   0x000001
.config_30000A_BUILD/DEFAULT/DEBUG/HARD.O    romdata   0x30000a    program   0x000001
.config_30000B_BUILD/DEFAULT/DEBUG/HARD.O    romdata   0x30000b    program   0x000001
.config_30000C_BUILD/DEFAULT/DEBUG/HARD.O    romdata   0x30000c    program   0x000001
.config_30000D_BUILD/DEFAULT/DEBUG/HARD.O    romdata   0x30000d    program   0x000001
                    dbgD0      udata   0x0005f4       data   0x00000c



                              Program Memory Usage 
                               Start         End      
                           ---------   ---------      
                            0x000000    0x000005      
                            0x000008    0x000013      
                            0x000018    0x0000cf      
                            0x007dc0    0x007fff      
                            0x300001    0x300003      
                            0x300005    0x300006      
                            0x300008    0x30000d      
            789 out of 33048 program addresses used, program memory utilization is 2%



                              Symbols - Sorted by Name
                     Name    Address   Location    Storage File                     
                ---------  ---------  ---------  --------- ---------                
                 ADD_EVEN   0x000024    program     static C:\Users\User\MPLABXProjects\lab07.X\hard.asm
                  ADD_ODD   0x00004c    program     static C:\Users\User\MPLABXProjects\lab07.X\hard.asm
                     BACK   0x000074    program     static C:\Users\User\MPLABXProjects\lab07.X\hard.asm
               Delay500ms   0x000078    program     static C:\Users\User\MPLABXProjects\lab07.X\hard.asm
                 High_ISR   0x000008    program     static C:\Users\User\MPLABXProjects\lab07.X\hard.asm
                  Initial   0x000094    program     static C:\Users\User\MPLABXProjects\lab07.X\hard.asm
                    Loop1   0x000080    program     static C:\Users\User\MPLABXProjects\lab07.X\hard.asm
                    Loop2   0x00007c    program     static C:\Users\User\MPLABXProjects\lab07.X\hard.asm
                  Low_ISR   0x000018    program     static C:\Users\User\MPLABXProjects\lab07.X\hard.asm
                 MainLoop   0x0000ce    program     static C:\Users\User\MPLABXProjects\lab07.X\hard.asm



                              Symbols - Sorted by Address
                     Name    Address   Location    Storage File                     
                ---------  ---------  ---------  --------- ---------                
                 High_ISR   0x000008    program     static C:\Users\User\MPLABXProjects\lab07.X\hard.asm
                  Low_ISR   0x000018    program     static C:\Users\User\MPLABXProjects\lab07.X\hard.asm
                 ADD_EVEN   0x000024    program     static C:\Users\User\MPLABXProjects\lab07.X\hard.asm
                  ADD_ODD   0x00004c    program     static C:\Users\User\MPLABXProjects\lab07.X\hard.asm
                     BACK   0x000074    program     static C:\Users\User\MPLABXProjects\lab07.X\hard.asm
               Delay500ms   0x000078    program     static C:\Users\User\MPLABXProjects\lab07.X\hard.asm
                    Loop2   0x00007c    program     static C:\Users\User\MPLABXProjects\lab07.X\hard.asm
                    Loop1   0x000080    program     static C:\Users\User\MPLABXProjects\lab07.X\hard.asm
                  Initial   0x000094    program     static C:\Users\User\MPLABXProjects\lab07.X\hard.asm
                 MainLoop   0x0000ce    program     static C:\Users\User\MPLABXProjects\lab07.X\hard.asm


