Warning[205] C:\USERS\USER\MPLABXPROJECTS\LAB03.X\HARD.ASM 1 : Found directive in column 1. (List)
Warning[207] C:\USERS\USER\MPLABXPROJECTS\LAB03.X\HARD.ASM 13 : Found label after column 1. (CHECKNEGATIVE0)
Warning[207] C:\USERS\USER\MPLABXPROJECTS\LAB03.X\HARD.ASM 18 : Found label after column 1. (CHECKNEGATIVE1)
Warning[207] C:\USERS\USER\MPLABXPROJECTS\LAB03.X\HARD.ASM 24 : Found label after column 1. (COMPLENT0)
Warning[207] C:\USERS\USER\MPLABXPROJECTS\LAB03.X\HARD.ASM 30 : Found label after column 1. (COMPLENT1)
Warning[207] C:\USERS\USER\MPLABXPROJECTS\LAB03.X\HARD.ASM 39 : Found label after column 1. (POSITIVE)
Warning[207] C:\USERS\USER\MPLABXPROJECTS\LAB03.X\HARD.ASM 44 : Found label after column 1. (NEGATIVE)
Warning[207] C:\USERS\USER\MPLABXPROJECTS\LAB03.X\HARD.ASM 49 : Found label after column 1. (SHIFTADD1)
Warning[207] C:\USERS\USER\MPLABXPROJECTS\LAB03.X\HARD.ASM 53 : Found label after column 1. (SHIFTADD2)
Warning[207] C:\USERS\USER\MPLABXPROJECTS\LAB03.X\HARD.ASM 58 : Found label after column 1. (SHIFTADD3)
Warning[207] C:\USERS\USER\MPLABXPROJECTS\LAB03.X\HARD.ASM 63 : Found label after column 1. (SHIFTADD4)
Warning[207] C:\USERS\USER\MPLABXPROJECTS\LAB03.X\HARD.ASM 69 : Found label after column 1. (ADD1)
Warning[207] C:\USERS\USER\MPLABXPROJECTS\LAB03.X\HARD.ASM 73 : Found label after column 1. (ADD2)
Warning[207] C:\USERS\USER\MPLABXPROJECTS\LAB03.X\HARD.ASM 77 : Found label after column 1. (ADD3)
Warning[207] C:\USERS\USER\MPLABXPROJECTS\LAB03.X\HARD.ASM 81 : Found label after column 1. (ADD4)
Warning[207] C:\USERS\USER\MPLABXPROJECTS\LAB03.X\HARD.ASM 86 : Found label after column 1. (LAST)
Warning[207] C:\USERS\USER\MPLABXPROJECTS\LAB03.X\HARD.ASM 92 : Found label after column 1. (POSITIVERESULT)
Warning[207] C:\USERS\USER\MPLABXPROJECTS\LAB03.X\HARD.ASM 95 : Found label after column 1. (NEGATIVERESULT)
Warning[207] C:\USERS\USER\MPLABXPROJECTS\LAB03.X\HARD.ASM 98 : Found label after column 1. (ALLEND)
Warning[205] C:\USERS\USER\MPLABXPROJECTS\LAB03.X\HARD.ASM 102 : Found directive in column 1. (end)
