Microchip MPLAB XC8 Compiler V2.46

Linker command line:

-W-3 \
  --edf=C:\Program Files\Microchip\xc8\v2.46\pic\dat\20240104201356_en.msgs \
  -cn -h+dist/default/debug\lab10_test2.X.debug.sym \
  --cmf=dist/default/debug\lab10_test2.X.debug.cmf -z -Q18F4520 \
  -oC:\Users\User\AppData\Local\Temp\xcAs15ng.\driver_tmp_3.o \
  --defsym=__MPLAB_BUILD=1 --fixupoverflow=error \
  -Mdist/default/debug/lab10_test2.X.debug.map \
  --md=C:\Users\User\AppData\Local\Temp\xcAs15ng.\driver_tmp_0.dat -E1 \
  -ver=XC8 Compiler --acfsm=1493 -ACODE=00h-07DBFh -ACONST=00h-07DBFh \
  -ASMALLCONST=0600h-06FFhx119,07D00h-07DBFh -AMEDIUMCONST=0600h-07DBFh \
  -ACOMRAM=01h-07Fh -AABS1=00h-05F3h -ABIGRAM=01h-05F3h \
  -ARAM=080h-0FFh,0100h-01FFhx4,0500h-05F3h -ABANK0=080h-0FFh \
  -ABANK1=0100h-01FFh -ABANK2=0200h-02FFh -ABANK3=0300h-03FFh \
  -ABANK4=0400h-04FFh -ABANK5=0500h-05F3h \
  -ASFR=0F80h-0F9Bh,0F9Dh-0FD3h,0FD5h-0FDAh,0FE0h-0FE2h,0FE8h-0FEAh,0FF0h-0FFCh \
  -ABIGSFR=0F80h-0F9Bh,0F9Dh-0FD3h,0FD5h-0FDAh,0FE0h-0FE2h,0FE8h-0FEAh,0FF0h-0FFCh \
  -ACONFIG=0300000h-030000Dh -AIDLOC=0200000h-0200007h \
  -AEEDATA=0F00000h-0F000FFh -peeprom_data=EEDATA \
  -preset_vec=00h,intcode=8h,intcodelo=18h,powerup,init -pramtop=0600h \
  -psmallconst=SMALLCONST -pmediumconst=MEDIUMCONST -pconst=CONST \
  -AFARRAM=00h-00h \
  -prdata=COMRAM,nvrram=COMRAM,nvbit=COMRAM,rbss=COMRAM,rbit=COMRAM \
  -pfarbss=FARRAM,fardata=FARRAM,nvFARRAM=FARRAM \
  -pintsave_regs=BIGRAM,bigbss=BIGRAM,bigdata=BIGRAM -pbss=RAM \
  -pidata=CODE,irdata=CODE,ibigdata=CODE,ifardata=CODE -prparam=COMRAM \
  C:\Users\User\AppData\Local\Temp\xcAs15ng.\driver_tmp_9.o \
  dist/default/debug\lab10_test2.X.debug.o 

Object code version is 3.11

Machine type is 18F4520



                Name                               Link     Load   Length Selector   Space Scale
C:\Users\User\AppData\Local\Temp\xcAs15ng.\driver_tmp_9.o
                idloc                            200000   200000        8        0       5
                config                           300000   300000        E        0       4
                init                                 A0       A0        4        C       0
                reset_vec                             0        0        4        0       0
dist/default/debug\lab10_test2.X.debug.o
                intcodelo                            18       18       88        C       0
                intcode                               8        8        6        4       0
                idloc                            200000   200000        8        0       5
                config                           300000   300000        E        0       4
                temp                                 4D       4D        1        1       1
                smallconst                          600      600       20      300       0
                text38                             2940     2940       16      310       0
                text37                             27B8     27B8       38      310       0
                text36                             1ECE     1ECE      106      310       0
                text35                             1980     1980      39A      310       0
                text34                             2418     2418       AA      310       0
                text33                             1FD4     1FD4      104      310       0
                text32                             1556     1556      42A      310       0
                text31                             2780     2780       38      310       0
                text30                             25C2     25C2       6A      310       0
                text29                             2876     2876       26      310       0
                text28                             1D1A     1D1A      1B4      310       0
                text27                             284A     284A       2C      310       0
                text26                             262C     262C       56      310       0
                text25                             289C     289C       22      310       0
                text24                             27F0     27F0       2E      310       0
                text23                              620      620      F36      310       0
                text22                             2744     2744       3C      310       0
                text21                             20D8     20D8       F4      310       0
                text20                             26C4     26C4       42      310       0
                text19                             22A4     22A4       C4      310       0
                text18                             2368     2368       B0      310       0
                text17                             24C2     24C2       82      310       0
                intcode_body                       21CC     21CC       D8      310       0
                text14                             2706     2706       3E      310       0
                text13                             298C     298C        4      310       0
                text12                             2994     2994        2      310       0
                text11                             2992     2992        2      310       0
                text10                             292A     292A       16      310       0
                text9                              2976     2976        C      310       0
                text8                              2968     2968        E      310       0
                text7                              2956     2956       12      310       0
                text6                              2982     2982        A      310       0
                text5                              28F8     28F8       1A      310       0
                text4                              28DC     28DC       1C      310       0
                text3                              28BE     28BE       1E      310       0
                text2                              2912     2912       18      310       0
                text1                              281E     281E       2C      310       0
                text0                              2544     2544       7E      310       0
                cstackCOMRAM                          1        1       42        1       1
                cstackBANK0                          A8       A8        9       80       1
                bssBANK0                             80       80       28       80       1
                dataCOMRAM                           4B       4B        2        1       1
                bssCOMRAM                            43       43        8        1       1
                cinit                              2682     2682       42      310       0
                idataCOMRAM                        2990     2990        2      310       0

TOTAL           Name                               Link     Load   Length     Space
        CLASS   CODE           
                intcodelo                            18       18       88         0
                intcode                               8        8        6         0
                init                                 A0       A0        4         0
                reset_vec                             0        0        4         0
                text38                             2940     2940       16         0
                text37                             27B8     27B8       38         0
                text36                             1ECE     1ECE      106         0
                text35                             1980     1980      39A         0
                text34                             2418     2418       AA         0
                text33                             1FD4     1FD4      104         0
                text32                             1556     1556      42A         0
                text31                             2780     2780       38         0
                text30                             25C2     25C2       6A         0
                text29                             2876     2876       26         0
                text28                             1D1A     1D1A      1B4         0
                text27                             284A     284A       2C         0
                text26                             262C     262C       56         0
                text25                             289C     289C       22         0
                text24                             27F0     27F0       2E         0
                text23                              620      620      F36         0
                text22                             2744     2744       3C         0
                text21                             20D8     20D8       F4         0
                text20                             26C4     26C4       42         0
                text19                             22A4     22A4       C4         0
                text18                             2368     2368       B0         0
                text17                             24C2     24C2       82         0
                intcode_body                       21CC     21CC       D8         0
                text14                             2706     2706       3E         0
                text13                             298C     298C        4         0
                text12                             2994     2994        2         0
                text11                             2992     2992        2         0
                text10                             292A     292A       16         0
                text9                              2976     2976        C         0
                text8                              2968     2968        E         0
                text7                              2956     2956       12         0
                text6                              2982     2982        A         0
                text5                              28F8     28F8       1A         0
                text4                              28DC     28DC       1C         0
                text3                              28BE     28BE       1E         0
                text2                              2912     2912       18         0
                text1                              281E     281E       2C         0
                text0                              2544     2544       7E         0
                cinit                              2682     2682       42         0
                idataCOMRAM                        2990     2990        2         0

        CLASS   CONST          

        CLASS   SMALLCONST     
                smallconst                          600      600       20         0

        CLASS   MEDIUMCONST    

        CLASS   COMRAM         
                temp                                 4D       4D        1         1
                cstackCOMRAM                          1        1       42         1
                dataCOMRAM                           4B       4B        2         1
                bssCOMRAM                            43       43        8         1

        CLASS   ABS1           

        CLASS   BIGRAM         

        CLASS   RAM            

        CLASS   BANK0          
                cstackBANK0                          A8       A8        9         1
                bssBANK0                             80       80       28         1

        CLASS   BANK1          

        CLASS   BANK2          

        CLASS   BANK3          

        CLASS   BANK4          

        CLASS   BANK5          

        CLASS   SFR            

        CLASS   BIGSFR         

        CLASS   CONFIG         
                config                           300000   300000        E         4

        CLASS   IDLOC          
                idloc                            200000   200000        8         5

        CLASS   EEDATA         

        CLASS   FARRAM         

        CLASS   HEAP           

        CLASS   STACK          



SEGMENTS        Name                           Load    Length   Top    Selector   Space  Class

                reset_vec                      000000  000004  000004         0       0  CODE    
                cstackCOMRAM                   000001  00004D  00004E         1       1  COMRAM  
                intcode                        000008  000006  00000E         4       0  CODE    
                intcodelo                      000018  00008C  0000A4         C       0  CODE    
                bssBANK0                       000080  000031  0000B1        80       1  BANK0   
                smallconst                     000600  000020  000620       300       0  SMALLCON
                text23                         000620  002376  002996       310       0  CODE    


UNUSED ADDRESS RANGES

        Name                Unused          Largest block    Delta
        BANK0            0000B1-0000FF               4F
        BANK1            000100-0001FF              100
        BANK2            000200-0002FF              100
        BANK3            000300-0003FF              100
        BANK4            000400-0004FF              100
        BANK5            000500-0005F3               F4
        BIGRAM           00004E-00007F               32
                         0000B1-0005F3              543
        BIGSFR           000F80-000F9B               1C
                         000F9D-000FD3               37
                         000FD5-000FDA                6
                         000FE0-000FE2                3
                         000FE8-000FEA                3
                         000FF0-000FFC                D
        CODE             000004-000007                4
                         00000E-000017                A
                         0000A4-0005FF              55C
                         002996-007DBF             542A
        COMRAM           00004E-00007F               32
        CONST            000004-000007                4
                         00000E-000017                A
                         0000A4-0005FF              55C
                         002996-007DBF             542A
        EEDATA           F00000-F000FF              100
        MEDIUMCONST      002996-007DBF             542A
        RAM              0000B1-0005F3              100
        SFR              000F80-000F9B               1C
                         000F9D-000FD3               37
                         000FD5-000FDA                6
                         000FE0-000FE2                3
                         000FE8-000FEA                3
                         000FF0-000FFC                D
        SMALLCONST       002996-007DBF              100

                                  Symbol Table

?___awdiv                       cstackCOMRAM 000007
?___awmod                       cstackCOMRAM 000001
?___fldiv                       cstackCOMRAM 000001
?___flmul                       cstackCOMRAM 000001
?___flneg                       cstackCOMRAM 000001
?___fltol                       cstackCOMRAM 00001A
?___lmul                        cstackCOMRAM 000001
?___wmul                        cstackCOMRAM 000001
?___xxtofl                      cstackCOMRAM 000001
?_isdigit                       cstackCOMRAM 000001
?_isxdigit                      cstackCOMRAM 000001
?_nanf                          cstackCOMRAM 000001
?_strtof                        cstackCOMRAM 00001A
?_toupper                       cstackCOMRAM 000001
ClearBuffer@i                   cstackBANK0  0000AC
Hi_ISR@ledShow                  cstackCOMRAM 000041
MyusartRead@c                   cstackCOMRAM 000037
MyusartRead@num                 cstackCOMRAM 000033
UART_DeleteN@i                  cstackCOMRAM 000005
UART_DeleteN@n                  cstackCOMRAM 000002
UART_Write@data                 cstackBANK0  0000AC
UART_Write_Text@i               cstackCOMRAM 000003
UART_Write_Text@text            cstackCOMRAM 000002
Update@digit                    cstackCOMRAM 000011
Update@num                      cstackCOMRAM 00000F
_ADCON0bits                     (abs)        000FC2
_ADCON1                         (abs)        000FC1
_ADCON2bits                     (abs)        000FC0
_ADC_Initialize                 text10       00292A
_ADFM                           (abs)        007E07
_ADRESH                         (abs)        000FC4
_ADRESL                         (abs)        000FC3
_BAUDCONbits                    (abs)        000FB8
_CCP1CON                        (abs)        000FBD
_CCP1_Initialize                text9        002976
_CREN                           (abs)        007D5C
_ClearBuffer                    text14       002706
_GetString                      text13       00298C
_Hi_ISR                         intcode      000008
_INTCON2bits                    (abs)        000FF1
_INTCONbits                     (abs)        000FF2
_INTERRUPT_Initialize           text8        002968
_IPR1bits                       (abs)        000F9F
_LATD                           (abs)        000F8C
_Lo_ISR                         intcodelo    000018
_Mode1                          text12       002994
_Mode2                          text11       002992
_MyusartRead                    text21       0020D8
_OSCCONbits                     (abs)        000FD3
_OSCILLATOR_Initialize          text7        002956
_PIE1bits                       (abs)        000F9D
_PIN_MANAGER_Initialize         text6        002982
_PIR1bits                       (abs)        000F9E
_PR2                            (abs)        000FCB
_RCONbits                       (abs)        000FD0
_RCREG                          (abs)        000FAE
_RCSTAbits                      (abs)        000FAB
_SPBRG                          (abs)        000FAF
_SYSTEM_Initialize              text3        0028BE
_T2CONbits                      (abs)        000FCA
_TMR2_Initialize                text5        0028F8
_TRISA                          (abs)        000F92
_TRISCbits                      (abs)        000F94
_TRISD                          (abs)        000F95
_TXREG                          (abs)        000FAD
_TXSTAbits                      (abs)        000FAC
_UART_DeleteN                   text20       0026C4
_UART_Initialize                text4        0028DC
_UART_Write                     text2        002912
_UART_Write_Text                text37       0027B8
_Update                         text17       0024C2
__HRAM                          (abs)        000000
__H__absolute__                 __absolute__ 000000
__Habs1                         abs1         000000
__Hbank0                        bank0        000000
__Hbank1                        bank1        000000
__Hbank2                        bank2        000000
__Hbank3                        bank3        000000
__Hbank4                        bank4        000000
__Hbank5                        bank5        000000
__Hbigbss                       bigbss       000000
__Hbigdata                      bigdata      000000
__Hbigram                       bigram       000000
__Hbigsfr                       bigsfr       000000
__Hbss                          bss          000000
__HbssBANK0                     bssBANK0     000000
__HbssCOMRAM                    bssCOMRAM    000000
__Hcinit                        cinit        000000
__Hclrtext                      clrtext      000000
__Hcomram                       comram       000000
__Hconfig                       config       30000E
__Hconst                        const        000000
__HcstackBANK0                  cstackBANK0  000000
__HcstackCOMRAM                 cstackCOMRAM 000000
__Hdata                         data         000000
__HdataCOMRAM                   dataCOMRAM   000000
__Heeprom_data                  eeprom_data  000000
__Hfarbss                       farbss       000000
__Hfardata                      fardata      000000
__Hheap                         heap         000000
__Hibigdata                     ibigdata     000000
__Hidata                        idata        000000
__HidataCOMRAM                  idataCOMRAM  000000
__Hidloc                        idloc        200008
__Hifardata                     ifardata     000000
__Hinit                         init         0000A4
__Hintcode                      intcode      00000E
__Hintcode_body                 intcode_body 000000
__Hintcodelo                    intcodelo    0000A0
__Hintentry                     intentry     000000
__Hintret                       intret       000000
__Hintsave_regs                 intsave_regs 000000
__Hirdata                       irdata       000000
__Hmediumconst                  mediumconst  000000
__HnvFARRAM                     nvFARRAM     000000
__Hnvbit                        nvbit        000000
__Hnvrram                       nvrram       000000
__Hparam                        rparam       000000
__Hpowerup                      powerup      0000A0
__Hram                          ram          000000
__Hramtop                       ramtop       000600
__Hrbit                         rbit         000000
__Hrbss                         rbss         000000
__Hrdata                        rdata        000000
__Hreset_vec                    reset_vec    000004
__Hrparam                       rparam       000000
__Hsfr                          sfr          000000
__Hsivt_hi                      sivt_hi      000000
__Hsivt_lo                      sivt_lo      000000
__Hsmallconst                   smallconst   000620
__Hspace_0                      (abs)        002996
__Hspace_1                      (abs)        0000B1
__Hspace_2                      (abs)        000000
__Hspace_4                      (abs)        60000E
__Hstack                        stack        000000
__Hstruct                       struct       000000
__Htemp                         temp         00004E
__Htext                         text         000000
__Htext0                        text0        000000
__Htext1                        text1        000000
__Htext10                       text10       000000
__Htext11                       text11       000000
__Htext12                       text12       000000
__Htext13                       text13       000000
__Htext14                       text14       000000
__Htext17                       text17       000000
__Htext18                       text18       000000
__Htext19                       text19       000000
__Htext2                        text2        000000
__Htext20                       text20       000000
__Htext21                       text21       000000
__Htext22                       text22       000000
__Htext23                       text23       000000
__Htext24                       text24       000000
__Htext25                       text25       000000
__Htext26                       text26       000000
__Htext27                       text27       000000
__Htext28                       text28       000000
__Htext29                       text29       000000
__Htext3                        text3        000000
__Htext30                       text30       000000
__Htext31                       text31       000000
__Htext32                       text32       000000
__Htext33                       text33       000000
__Htext34                       text34       000000
__Htext35                       text35       000000
__Htext36                       text36       000000
__Htext37                       text37       000000
__Htext38                       text38       000000
__Htext4                        text4        000000
__Htext5                        text5        000000
__Htext6                        text6        000000
__Htext7                        text7        000000
__Htext8                        text8        000000
__Htext9                        text9        000000
__LRAM                          (abs)        000001
__L__absolute__                 __absolute__ 000000
__Labs1                         abs1         000000
__Lbank0                        bank0        000000
__Lbank1                        bank1        000000
__Lbank2                        bank2        000000
__Lbank3                        bank3        000000
__Lbank4                        bank4        000000
__Lbank5                        bank5        000000
__Lbigbss                       bigbss       000000
__Lbigdata                      bigdata      000000
__Lbigram                       bigram       000000
__Lbigsfr                       bigsfr       000000
__Lbss                          bss          000000
__LbssBANK0                     bssBANK0     000000
__LbssCOMRAM                    bssCOMRAM    000000
__Lcinit                        cinit        000000
__Lclrtext                      clrtext      000000
__Lcomram                       comram       000000
__Lconfig                       config       000000
__Lconst                        const        000000
__LcstackBANK0                  cstackBANK0  000000
__LcstackCOMRAM                 cstackCOMRAM 000000
__Ldata                         data         000000
__LdataCOMRAM                   dataCOMRAM   000000
__Leeprom_data                  eeprom_data  000000
__Lfarbss                       farbss       000000
__Lfardata                      fardata      000000
__Lheap                         heap         000000
__Libigdata                     ibigdata     000000
__Lidata                        idata        000000
__LidataCOMRAM                  idataCOMRAM  000000
__Lidloc                        idloc        000000
__Lifardata                     ifardata     000000
__Linit                         init         0000A0
__Lintcode                      intcode      000008
__Lintcode_body                 intcode_body 000000
__Lintcodelo                    intcodelo    000018
__Lintentry                     intentry     000000
__Lintret                       intret       000000
__Lintsave_regs                 intsave_regs 000000
__Lirdata                       irdata       000000
__Lmediumconst                  mediumconst  000000
__LnvFARRAM                     nvFARRAM     000000
__Lnvbit                        nvbit        000000
__Lnvrram                       nvrram       000000
__Lparam                        rparam       000000
__Lpowerup                      powerup      0000A0
__Lram                          ram          000000
__Lramtop                       ramtop       000600
__Lrbit                         rbit         000000
__Lrbss                         rbss         000000
__Lrdata                        rdata        000000
__Lreset_vec                    reset_vec    000000
__Lrparam                       rparam       000000
__Lsfr                          sfr          000000
__Lsivt_hi                      sivt_hi      000000
__Lsivt_lo                      sivt_lo      000000
__Lsmallconst                   smallconst   000600
__Lspace_0                      (abs)        000000
__Lspace_1                      (abs)        000000
__Lspace_2                      (abs)        000000
__Lspace_4                      (abs)        000000
__Lstack                        stack        000000
__Lstruct                       struct       000000
__Ltemp                         temp         00004D
__Ltext                         text         000000
__Ltext0                        text0        000000
__Ltext1                        text1        000000
__Ltext10                       text10       000000
__Ltext11                       text11       000000
__Ltext12                       text12       000000
__Ltext13                       text13       000000
__Ltext14                       text14       000000
__Ltext17                       text17       000000
__Ltext18                       text18       000000
__Ltext19                       text19       000000
__Ltext2                        text2        000000
__Ltext20                       text20       000000
__Ltext21                       text21       000000
__Ltext22                       text22       000000
__Ltext23                       text23       000000
__Ltext24                       text24       000000
__Ltext25                       text25       000000
__Ltext26                       text26       000000
__Ltext27                       text27       000000
__Ltext28                       text28       000000
__Ltext29                       text29       000000
__Ltext3                        text3        000000
__Ltext30                       text30       000000
__Ltext31                       text31       000000
__Ltext32                       text32       000000
__Ltext33                       text33       000000
__Ltext34                       text34       000000
__Ltext35                       text35       000000
__Ltext36                       text36       000000
__Ltext37                       text37       000000
__Ltext38                       text38       000000
__Ltext4                        text4        000000
__Ltext5                        text5        000000
__Ltext6                        text6        000000
__Ltext7                        text7        000000
__Ltext8                        text8        000000
__Ltext9                        text9        000000
__S0                            (abs)        002996
__S1                            (abs)        0000B1
__S4                            (abs)        000000
__S5                            (abs)        000000
___awdiv                        text19       0022A4
___awdiv@counter                cstackCOMRAM 00000B
___awdiv@dividend               cstackCOMRAM 000007
___awdiv@divisor                cstackCOMRAM 000009
___awdiv@quotient               cstackCOMRAM 00000D
___awdiv@sign                   cstackCOMRAM 00000C
___awmod                        text18       002368
___awmod@counter                cstackCOMRAM 000005
___awmod@dividend               cstackCOMRAM 000001
___awmod@divisor                cstackCOMRAM 000003
___awmod@sign                   cstackCOMRAM 000006
___fldiv                        text35       001980
___fldiv@a                      cstackCOMRAM 000005
___fldiv@aexp                   cstackCOMRAM 000019
___fldiv@b                      cstackCOMRAM 000001
___fldiv@bexp                   cstackCOMRAM 000018
___fldiv@grs                    cstackCOMRAM 000014
___fldiv@new_exp                cstackCOMRAM 000012
___fldiv@rem                    cstackCOMRAM 00000D
___fldiv@sign                   cstackCOMRAM 000011
___fleq                         text34       002418
___fleq@ff1                     cstackCOMRAM 000001
___fleq@ff2                     cstackCOMRAM 000005
___flge                         text33       001FD4
___flge@ff1                     cstackCOMRAM 000001
___flge@ff2                     cstackCOMRAM 000005
___flmul                        text32       001556
___flmul@a                      cstackCOMRAM 000005
___flmul@aexp                   cstackCOMRAM 000012
___flmul@b                      cstackCOMRAM 000001
___flmul@bexp                   cstackCOMRAM 000013
___flmul@grs                    cstackCOMRAM 00000E
___flmul@prod                   cstackCOMRAM 000014
___flmul@sign                   cstackCOMRAM 00000D
___flmul@temp                   cstackCOMRAM 000018
___flneg                        text31       002780
___flneg@f1                     cstackCOMRAM 000001
___fltol                        text36       001ECE
___fltol@exp1                   cstackCOMRAM 000023
___fltol@f1                     cstackCOMRAM 00001A
___fltol@sign1                  cstackCOMRAM 000022
___heap_hi                      (abs)        000000
___heap_lo                      (abs)        000000
___inthi_sp                     stack        000000
___inthi_stack_hi               stack        000000
___inthi_stack_lo               stack        000000
___intlo_sp                     stack        000000
___intlo_stack_hi               stack        000000
___intlo_stack_lo               stack        000000
___lmul                         text30       0025C2
___lmul@multiplicand            cstackCOMRAM 000005
___lmul@multiplier              cstackCOMRAM 000001
___lmul@product                 cstackCOMRAM 000009
___param_bank                   (abs)        000000
___rparam_used                  (abs)        000001
___sp                           stack        000000
___stack_hi                     stack        000000
___stack_lo                     stack        000000
___wmul                         text29       002876
___wmul@multiplicand            cstackCOMRAM 000003
___wmul@multiplier              cstackCOMRAM 000001
___wmul@product                 cstackCOMRAM 000005
___xxtofl                       text28       001D1A
___xxtofl@arg                   cstackCOMRAM 00000B
___xxtofl@exp                   cstackCOMRAM 00000A
___xxtofl@sign                  cstackCOMRAM 000009
___xxtofl@val                   cstackCOMRAM 000001
__accesstop                     (abs)        000080
__activetblptr                  (abs)        000001
__end_of_ADC_Initialize         text10       002940
__end_of_CCP1_Initialize        text9        002982
__end_of_ClearBuffer            text14       002744
__end_of_GetString              text13       002990
__end_of_Hi_ISR                 intcode_body 0022A4
__end_of_INTERRUPT_Initialize   text8        002976
__end_of_Lo_ISR                 intcodelo    0000A0
__end_of_Mode1                  text12       002996
__end_of_Mode2                  text11       002994
__end_of_MyusartRead            text21       0021CC
__end_of_OSCILLATOR_Initialize  text7        002968
__end_of_PIN_MANAGER_Initialize text6        00298C
__end_of_SYSTEM_Initialize      text3        0028DC
__end_of_TMR2_Initialize        text5        002912
__end_of_UART_DeleteN           text20       002706
__end_of_UART_Initialize        text4        0028F8
__end_of_UART_Write             text2        00292A
__end_of_UART_Write_Text        text37       0027F0
__end_of_Update                 text17       002544
__end_of___awdiv                text19       002368
__end_of___awmod                text18       002418
__end_of___fldiv                text35       001D1A
__end_of___fleq                 text34       0024C2
__end_of___flge                 text33       0020D8
__end_of___flmul                text32       001980
__end_of___flneg                text31       0027B8
__end_of___fltol                text36       001FD4
__end_of___lmul                 text30       00262C
__end_of___wmul                 text29       00289C
__end_of___xxtofl               text28       001ECE
__end_of__initialization        cinit        0026B2
__end_of_isdigit                text27       002876
__end_of_isxdigit               text26       002682
__end_of_main                   text0        0025C2
__end_of_nanf                   text25       0028BE
__end_of_strcpy                 text1        00284A
__end_of_strtof                 text23       001556
__end_of_toupper                text24       00281E
__end_ofi2_ClearBuffer          text22       002780
__end_ofi2_UART_Write           text38       002956
__initialization                cinit        002682
__mediumconst                   mediumconst  000000
__pbssBANK0                     bssBANK0     000080
__pbssCOMRAM                    bssCOMRAM    000043
__pcinit                        cinit        002682
__pcstackBANK0                  cstackBANK0  0000A8
__pcstackCOMRAM                 cstackCOMRAM 000001
__pdataCOMRAM                   dataCOMRAM   00004B
__pidataCOMRAM                  idataCOMRAM  002990
__pintcode                      intcode      000008
__pintcode_body                 intcode_body 0021CC
__pintcodelo                    intcodelo    000018
__psmallconst                   smallconst   000600
__ptext0                        text0        002544
__ptext1                        text1        00281E
__ptext10                       text10       00292A
__ptext11                       text11       002992
__ptext12                       text12       002994
__ptext13                       text13       00298C
__ptext14                       text14       002706
__ptext17                       text17       0024C2
__ptext18                       text18       002368
__ptext19                       text19       0022A4
__ptext2                        text2        002912
__ptext20                       text20       0026C4
__ptext21                       text21       0020D8
__ptext22                       text22       002744
__ptext23                       text23       000620
__ptext24                       text24       0027F0
__ptext25                       text25       00289C
__ptext26                       text26       00262C
__ptext27                       text27       00284A
__ptext28                       text28       001D1A
__ptext29                       text29       002876
__ptext3                        text3        0028BE
__ptext30                       text30       0025C2
__ptext31                       text31       002780
__ptext32                       text32       001556
__ptext33                       text33       001FD4
__ptext34                       text34       002418
__ptext35                       text35       001980
__ptext36                       text36       001ECE
__ptext37                       text37       0027B8
__ptext38                       text38       002940
__ptext4                        text4        0028DC
__ptext5                        text5        0028F8
__ptext6                        text6        002982
__ptext7                        text7        002956
__ptext8                        text8        002968
__ptext9                        text9        002976
__ramtop                        ramtop       000600
__smallconst                    smallconst   000600
_count                          bssCOMRAM    000049
_errno                          bssCOMRAM    000043
_f                              dataCOMRAM   00004B
_isdigit                        text27       00284A
_isxdigit                       text26       00262C
_isxdigit$1576                  cstackCOMRAM 000007
_lenStr                         bssCOMRAM    000047
_main                           text0        002544
_mystring                       bssBANK0     000080
_nanf                           text25       00289C
_str                            bssBANK0     000094
_strcpy                         text1        00281E
_strtof                         text23       000620
_tick                           bssCOMRAM    000045
_toupper                        text24       0027F0
btemp                           temp         00004D
end_of_initialization           cinit        0026B2
i2ClearBuffer@i                 cstackCOMRAM 000001
i2UART_Write@data               cstackCOMRAM 000001
i2_ClearBuffer                  text22       002744
i2_UART_Write                   text38       002940
int$flags                       temp         00004D
int_func                        intcode_body 0021CC
intlevel0                       text         000000
intlevel1                       text         000000
intlevel2                       text         000000
intlevel3                       text         000000
isa$std                         (abs)        000001
isa$xinst                       (abs)        000000
isdigit@c                       cstackCOMRAM 000001
isxdigit@c                      cstackCOMRAM 000001
nanf@s                          cstackCOMRAM 000001
nanf@u                          cstackCOMRAM 000005
stackhi                         (abs)        000000
stacklo                         (abs)        000000
start                           init         0000A0
start_initialization            cinit        002682
strcpy@d                        cstackBANK0  0000B0
strcpy@dest                     cstackBANK0  0000AE
strcpy@src                      cstackBANK0  0000AF
strtof@_u                       cstackCOMRAM 00002E
strtof@digit                    cstackCOMRAM 000028
strtof@dpos                     cstackCOMRAM 000027
strtof@eexp                     cstackCOMRAM 00002C
strtof@err                      cstackCOMRAM 000024
strtof@expon                    cstackCOMRAM 00002A
strtof@flags                    cstackCOMRAM 000029
strtof@i                        cstackCOMRAM 000032
strtof@res                      cstackCOMRAM 00001B
strtof@s                        cstackCOMRAM 00001A
strtof@xpos                     cstackCOMRAM 000026
toupper@c                       cstackCOMRAM 000001
ttemp5                          temp         00004E
ttemp6                          temp         000051
ttemp7                          temp         000055
wtemp8                          temp         00004E


MODULE INFORMATION

Module		Function		Class		Link	Load	Size
C:\Program Files\Microchip\xc8\v2.46\pic\sources\c99\common\fltol.c
		___fltol       		CODE           	1ECE	0000	262

C:\Program Files\Microchip\xc8\v2.46\pic\sources\c99\common\fltol.c estimated size: 262

setting_hardaware/interrupt_manager.c
		_INTERRUPT_Initialize		CODE           	2968	0000	14

setting_hardaware/interrupt_manager.c estimated size: 14

C:\Program Files\Microchip\xc8\v2.46\pic\sources\c99\common\awdiv.c
		___awdiv       		CODE           	22A4	0000	196

C:\Program Files\Microchip\xc8\v2.46\pic\sources\c99\common\awdiv.c estimated size: 196

C:\Program Files\Microchip\xc8\v2.46\pic\sources\c99\common\toupper.c
		_toupper       		CODE           	27F0	0000	46

C:\Program Files\Microchip\xc8\v2.46\pic\sources\c99\common\toupper.c estimated size: 46

setting_hardaware/uart.c
		_Lo_ISR        		CODE           	0018	0000	136
		_MyusartRead   		CODE           	20D8	0000	244
		_UART_DeleteN  		CODE           	26C4	0000	66
		_UART_Write_Text		CODE           	27B8	0000	56
		_GetString     		CODE           	298C	0000	4
		_ClearBuffer   		CODE           	2706	0000	62
		_Update        		CODE           	24C2	0000	130
		_UART_Initialize		CODE           	28DC	0000	28
		_UART_Write    		CODE           	2912	0000	24

setting_hardaware/uart.c estimated size: 750

C:\Program Files\Microchip\xc8\v2.46\pic\sources\c99\common\xxtofl.c
		___xxtofl      		CODE           	1D1A	0000	436

C:\Program Files\Microchip\xc8\v2.46\pic\sources\c99\common\xxtofl.c estimated size: 436

C:\Program Files\Microchip\xc8\v2.46\pic\sources\c99\common\nanf.c
		_nanf          		CODE           	289C	0000	34

C:\Program Files\Microchip\xc8\v2.46\pic\sources\c99\common\nanf.c estimated size: 34

C:\Program Files\Microchip\xc8\v2.46\pic\sources\c99\common\isxdigit.c
		_isxdigit      		CODE           	262C	0000	86

C:\Program Files\Microchip\xc8\v2.46\pic\sources\c99\common\isxdigit.c estimated size: 86

C:\Program Files\Microchip\xc8\v2.46\pic\sources\c99\common\flneg.c
		___flneg       		CODE           	2780	0000	56

C:\Program Files\Microchip\xc8\v2.46\pic\sources\c99\common\flneg.c estimated size: 56

C:\Program Files\Microchip\xc8\v2.46\pic\sources\c99\common\sprcmul.c
		___flmul       		CODE           	1556	0000	1066

C:\Program Files\Microchip\xc8\v2.46\pic\sources\c99\common\sprcmul.c estimated size: 1066

C:\Program Files\Microchip\xc8\v2.46\pic\sources\c99\common\strcpy.c
		_strcpy        		CODE           	281E	0000	44

C:\Program Files\Microchip\xc8\v2.46\pic\sources\c99\common\strcpy.c estimated size: 44

C:\Program Files\Microchip\xc8\v2.46\pic\sources\c99\common\sprcdiv.c
		___fldiv       		CODE           	1980	0000	922

C:\Program Files\Microchip\xc8\v2.46\pic\sources\c99\common\sprcdiv.c estimated size: 922

setting_hardaware/ccp1.c
		_CCP1_Initialize		CODE           	2976	0000	12

setting_hardaware/ccp1.c estimated size: 12

setting_hardaware/adc.c
		_ADC_Initialize		CODE           	292A	0000	22

setting_hardaware/adc.c estimated size: 22

C:\Program Files\Microchip\xc8\v2.46\pic\sources\c99\common\fleq.c
		___fleq        		CODE           	2418	0000	170

C:\Program Files\Microchip\xc8\v2.46\pic\sources\c99\common\fleq.c estimated size: 170

shared
		i2_ClearBuffer 		CODE           	2744	0000	60
		i2_UART_Write  		CODE           	2940	0000	22
		__initialization		CODE           	2682	0000	48

shared estimated size: 130

C:\Program Files\Microchip\xc8\v2.46\pic\sources\c99\common\Umul16.c
		___wmul        		CODE           	2876	0000	38

C:\Program Files\Microchip\xc8\v2.46\pic\sources\c99\common\Umul16.c estimated size: 38

C:\Program Files\Microchip\xc8\v2.46\pic\sources\c99\common\strtof.c
		_strtof        		CODE           	0620	0000	3894

C:\Program Files\Microchip\xc8\v2.46\pic\sources\c99\common\strtof.c estimated size: 3894

setting_hardaware/setting.c
		_PIN_MANAGER_Initialize		CODE           	2982	0000	10
		_TMR2_Initialize		CODE           	28F8	0000	26
		_OSCILLATOR_Initialize		CODE           	2956	0000	18
		_SYSTEM_Initialize		CODE           	28BE	0000	30

setting_hardaware/setting.c estimated size: 84

C:\Program Files\Microchip\xc8\v2.46\pic\sources\c99\common\isdigit.c
		_isdigit       		CODE           	284A	0000	44

C:\Program Files\Microchip\xc8\v2.46\pic\sources\c99\common\isdigit.c estimated size: 44

C:\Program Files\Microchip\xc8\v2.46\pic\sources\c99\common\awmod.c
		___awmod       		CODE           	2368	0000	176

C:\Program Files\Microchip\xc8\v2.46\pic\sources\c99\common\awmod.c estimated size: 176

main.c
		_main          		CODE           	2544	0000	126
		_Mode1         		CODE           	2994	0000	2
		_Mode2         		CODE           	2992	0000	2
		_Hi_ISR        		CODE           	0008	0000	222

main.c estimated size: 352

C:\Program Files\Microchip\xc8\v2.46\pic\sources\c99\common\Umul32.c
		___lmul        		CODE           	25C2	0000	106

C:\Program Files\Microchip\xc8\v2.46\pic\sources\c99\common\Umul32.c estimated size: 106

C:\Program Files\Microchip\xc8\v2.46\pic\sources\c99\common\flge.c
		___flge        		CODE           	1FD4	0000	260

C:\Program Files\Microchip\xc8\v2.46\pic\sources\c99\common\flge.c estimated size: 260

