Warning[205] C:\USERS\USER\MPLABXPROJECTS\LAB03.X\HARD.ASM 1 : Found directive in column 1. (List)
Warning[207] C:\USERS\USER\MPLABXPROJECTS\LAB03.X\HARD.ASM 12 : Found label after column 1. (CHECKNEGATIVE0)
Warning[207] C:\USERS\USER\MPLABXPROJECTS\LAB03.X\HARD.ASM 17 : Found label after column 1. (CHECKNEGATIVE1)
Warning[207] C:\USERS\USER\MPLABXPROJECTS\LAB03.X\HARD.ASM 23 : Found label after column 1. (COMPLENT0)
Warning[207] C:\USERS\USER\MPLABXPROJECTS\LAB03.X\HARD.ASM 29 : Found label after column 1. (COMPLENT1)
Warning[207] C:\USERS\USER\MPLABXPROJECTS\LAB03.X\HARD.ASM 36 : Found label after column 1. (POSITIVE)
Warning[207] C:\USERS\USER\MPLABXPROJECTS\LAB03.X\HARD.ASM 41 : Found label after column 1. (NEGATIVE)
Warning[207] C:\USERS\USER\MPLABXPROJECTS\LAB03.X\HARD.ASM 46 : Found label after column 1. (SHIFTADD1)
Warning[207] C:\USERS\USER\MPLABXPROJECTS\LAB03.X\HARD.ASM 50 : Found label after column 1. (SHIFTADD2)
Warning[207] C:\USERS\USER\MPLABXPROJECTS\LAB03.X\HARD.ASM 55 : Found label after column 1. (SHIFTADD3)
Warning[207] C:\USERS\USER\MPLABXPROJECTS\LAB03.X\HARD.ASM 60 : Found label after column 1. (SHIFTADD4)
Warning[207] C:\USERS\USER\MPLABXPROJECTS\LAB03.X\HARD.ASM 66 : Found label after column 1. (ADD1)
Warning[207] C:\USERS\USER\MPLABXPROJECTS\LAB03.X\HARD.ASM 70 : Found label after column 1. (ADD2)
Warning[207] C:\USERS\USER\MPLABXPROJECTS\LAB03.X\HARD.ASM 74 : Found label after column 1. (ADD3)
Warning[207] C:\USERS\USER\MPLABXPROJECTS\LAB03.X\HARD.ASM 78 : Found label after column 1. (ADD4)
Warning[207] C:\USERS\USER\MPLABXPROJECTS\LAB03.X\HARD.ASM 83 : Found label after column 1. (LAST)
Warning[207] C:\USERS\USER\MPLABXPROJECTS\LAB03.X\HARD.ASM 89 : Found label after column 1. (POSITIVERESULT)
Warning[207] C:\USERS\USER\MPLABXPROJECTS\LAB03.X\HARD.ASM 92 : Found label after column 1. (NEGATIVERESULT)
Warning[207] C:\USERS\USER\MPLABXPROJECTS\LAB03.X\HARD.ASM 95 : Found label after column 1. (ALLEND)
Warning[205] C:\USERS\USER\MPLABXPROJECTS\LAB03.X\HARD.ASM 99 : Found directive in column 1. (end)
