MPLINK 5.09, LINKER
Linker Map File - Created Wed Oct 22 21:20:59 2025

                                 Section Info
                  Section       Type    Address   Location Size(Bytes)
                ---------  ---------  ---------  ---------  ---------
                   .org_0       code   0x000000    program   0x0000b4
                   .cinit    romdata   0x0000b4    program   0x000002
.config_300001_BUILD/DEFAULT/DEBUG/1C.O    romdata   0x300001    program   0x000001
.config_300003_BUILD/DEFAULT/DEBUG/1C.O    romdata   0x300003    program   0x000001



                              Program Memory Usage 
                               Start         End      
                           ---------   ---------      
                            0x000000    0x0000b5      
                            0x300001    0x300001      
                            0x300003    0x300003      
            184 out of 33048 program addresses used, program memory utilization is 0%



                              Symbols - Sorted by Name
                     Name    Address   Location    Storage File                     
                ---------  ---------  ---------  --------- ---------                
                   ADDER1   0x00003a    program     static C:\Users\User\MPLABXProjects\2025mid.X\1C.asm
                   ADDER2   0x00005a    program     static C:\Users\User\MPLABXProjects\2025mid.X\1C.asm
                 FINDPAIR   0x0000ae    program     static C:\Users\User\MPLABXProjects\2025mid.X\1C.asm
                     MAIN   0x000000    program     static C:\Users\User\MPLABXProjects\2025mid.X\1C.asm
                   UPDATE   0x000094    program     static C:\Users\User\MPLABXProjects\2025mid.X\1C.asm



                              Symbols - Sorted by Address
                     Name    Address   Location    Storage File                     
                ---------  ---------  ---------  --------- ---------                
                     MAIN   0x000000    program     static C:\Users\User\MPLABXProjects\2025mid.X\1C.asm
                   ADDER1   0x00003a    program     static C:\Users\User\MPLABXProjects\2025mid.X\1C.asm
                   ADDER2   0x00005a    program     static C:\Users\User\MPLABXProjects\2025mid.X\1C.asm
                   UPDATE   0x000094    program     static C:\Users\User\MPLABXProjects\2025mid.X\1C.asm
                 FINDPAIR   0x0000ae    program     static C:\Users\User\MPLABXProjects\2025mid.X\1C.asm


