MPLINK 5.09, LINKER
Linker Map File - Created Thu Sep 18 15:17:22 2025

                                 Section Info
                  Section       Type    Address   Location Size(Bytes)
                ---------  ---------  ---------  ---------  ---------
                   .org_0       code   0x000000    program   0x000048
                   .cinit    romdata   0x000048    program   0x000002
.config_300001_BUILD/DEFAULT/DEBUG/HARD.O    romdata   0x300001    program   0x000001
.config_300003_BUILD/DEFAULT/DEBUG/HARD.O    romdata   0x300003    program   0x000001



                              Program Memory Usage 
                               Start         End      
                           ---------   ---------      
                            0x000000    0x000049      
                            0x300001    0x300001      
                            0x300003    0x300003      
            76 out of 33048 program addresses used, program memory utilization is 0%



                              Symbols - Sorted by Name
                     Name    Address   Location    Storage File                     
                ---------  ---------  ---------  --------- ---------                
                 FOURZERO   0x000006    program     static C:\Users\User\MPLABXProjects\lab01.X\hard.asm
                  ONEZERO   0x00002e    program     static C:\Users\User\MPLABXProjects\lab01.X\hard.asm
                  TWOZERO   0x00001e    program     static C:\Users\User\MPLABXProjects\lab01.X\hard.asm
                     ZERO   0x00003a    program     static C:\Users\User\MPLABXProjects\lab01.X\hard.asm
                     lAST   0x000046    program     static C:\Users\User\MPLABXProjects\lab01.X\hard.asm



                              Symbols - Sorted by Address
                     Name    Address   Location    Storage File                     
                ---------  ---------  ---------  --------- ---------                
                 FOURZERO   0x000006    program     static C:\Users\User\MPLABXProjects\lab01.X\hard.asm
                  TWOZERO   0x00001e    program     static C:\Users\User\MPLABXProjects\lab01.X\hard.asm
                  ONEZERO   0x00002e    program     static C:\Users\User\MPLABXProjects\lab01.X\hard.asm
                     ZERO   0x00003a    program     static C:\Users\User\MPLABXProjects\lab01.X\hard.asm
                     lAST   0x000046    program     static C:\Users\User\MPLABXProjects\lab01.X\hard.asm


