MPLINK 5.09, LINKER
Linker Map File - Created Thu Oct 30 13:49:52 2025

                                 Section Info
                  Section       Type    Address   Location Size(Bytes)
                ---------  ---------  ---------  ---------  ---------
                   .org_0       code   0x000000    program   0x000294
                   .cinit    romdata   0x000294    program   0x000002
.config_300001_BUILD/DEFAULT/PRODUCTION/HARD.O    romdata   0x300001    program   0x000001
.config_300003_BUILD/DEFAULT/PRODUCTION/HARD.O    romdata   0x300003    program   0x000001
.config_300006_BUILD/DEFAULT/PRODUCTION/HARD.O    romdata   0x300006    program   0x000001



                              Program Memory Usage 
                               Start         End      
                           ---------   ---------      
                            0x000000    0x000295      
                            0x300001    0x300001      
                            0x300003    0x300003      
                            0x300006    0x300006      
            665 out of 33048 program addresses used, program memory utilization is 2%



                              Symbols - Sorted by Name
                     Name    Address   Location    Storage File                     
                ---------  ---------  ---------  --------- ---------                
                 _10LOOP1   0x000174    program     static C:\Users\User\MPLABXProjects\lab06.X\hard.asm
                 _10LOOP2   0x000170    program     static C:\Users\User\MPLABXProjects\lab06.X\hard.asm
                 _11LOOP1   0x000192    program     static C:\Users\User\MPLABXProjects\lab06.X\hard.asm
                 _11LOOP2   0x00018e    program     static C:\Users\User\MPLABXProjects\lab06.X\hard.asm
                 _12LOOP1   0x0001b8    program     static C:\Users\User\MPLABXProjects\lab06.X\hard.asm
                 _12LOOP2   0x0001b4    program     static C:\Users\User\MPLABXProjects\lab06.X\hard.asm
                 _13LOOP1   0x0001da    program     static C:\Users\User\MPLABXProjects\lab06.X\hard.asm
                 _13LOOP2   0x0001d6    program     static C:\Users\User\MPLABXProjects\lab06.X\hard.asm
                 _14LOOP1   0x0001f8    program     static C:\Users\User\MPLABXProjects\lab06.X\hard.asm
                 _14LOOP2   0x0001f4    program     static C:\Users\User\MPLABXProjects\lab06.X\hard.asm
                 _15LOOP1   0x00021a    program     static C:\Users\User\MPLABXProjects\lab06.X\hard.asm
                 _15LOOP2   0x000216    program     static C:\Users\User\MPLABXProjects\lab06.X\hard.asm
                 _16LOOP1   0x00023c    program     static C:\Users\User\MPLABXProjects\lab06.X\hard.asm
                 _16LOOP2   0x000238    program     static C:\Users\User\MPLABXProjects\lab06.X\hard.asm
                 _17LOOP1   0x00025a    program     static C:\Users\User\MPLABXProjects\lab06.X\hard.asm
                 _17LOOP2   0x000256    program     static C:\Users\User\MPLABXProjects\lab06.X\hard.asm
                 _18LOOP1   0x00027c    program     static C:\Users\User\MPLABXProjects\lab06.X\hard.asm
                 _18LOOP2   0x000278    program     static C:\Users\User\MPLABXProjects\lab06.X\hard.asm
                  _1LOOP1   0x00001e    program     static C:\Users\User\MPLABXProjects\lab06.X\hard.asm
                  _1LOOP2   0x00001a    program     static C:\Users\User\MPLABXProjects\lab06.X\hard.asm
                  _2LOOP1   0x00006e    program     static C:\Users\User\MPLABXProjects\lab06.X\hard.asm
                  _2LOOP2   0x00006a    program     static C:\Users\User\MPLABXProjects\lab06.X\hard.asm
                  _3LOOP1   0x00008c    program     static C:\Users\User\MPLABXProjects\lab06.X\hard.asm
                  _3LOOP2   0x000088    program     static C:\Users\User\MPLABXProjects\lab06.X\hard.asm
                  _4LOOP1   0x0000ae    program     static C:\Users\User\MPLABXProjects\lab06.X\hard.asm
                  _4LOOP2   0x0000aa    program     static C:\Users\User\MPLABXProjects\lab06.X\hard.asm
                  _5LOOP1   0x0000cc    program     static C:\Users\User\MPLABXProjects\lab06.X\hard.asm
                  _5LOOP2   0x0000c8    program     static C:\Users\User\MPLABXProjects\lab06.X\hard.asm
                  _6LOOP1   0x0000ee    program     static C:\Users\User\MPLABXProjects\lab06.X\hard.asm
                  _6LOOP2   0x0000ea    program     static C:\Users\User\MPLABXProjects\lab06.X\hard.asm
                  _7LOOP1   0x00010c    program     static C:\Users\User\MPLABXProjects\lab06.X\hard.asm
                  _7LOOP2   0x000108    program     static C:\Users\User\MPLABXProjects\lab06.X\hard.asm
                  _8LOOP1   0x000134    program     static C:\Users\User\MPLABXProjects\lab06.X\hard.asm
                  _8LOOP2   0x000130    program     static C:\Users\User\MPLABXProjects\lab06.X\hard.asm
                  _9LOOP1   0x000152    program     static C:\Users\User\MPLABXProjects\lab06.X\hard.asm
                  _9LOOP2   0x00014e    program     static C:\Users\User\MPLABXProjects\lab06.X\hard.asm
               check_mode   0x00003e    program     static C:\Users\User\MPLABXProjects\lab06.X\hard.asm
              check_mode1   0x000048    program     static C:\Users\User\MPLABXProjects\lab06.X\hard.asm
              check_mode2   0x000050    program     static C:\Users\User\MPLABXProjects\lab06.X\hard.asm
            check_process   0x000010    program     static C:\Users\User\MPLABXProjects\lab06.X\hard.asm
                      int   0x000000    program     static C:\Users\User\MPLABXProjects\lab06.X\hard.asm
                 lightup0   0x000058    program     static C:\Users\User\MPLABXProjects\lab06.X\hard.asm
                 lightup1   0x00005e    program     static C:\Users\User\MPLABXProjects\lab06.X\hard.asm
                 lightup2   0x000124    program     static C:\Users\User\MPLABXProjects\lab06.X\hard.asm
                    start   0x000000    program     static C:\Users\User\MPLABXProjects\lab06.X\hard.asm
             wait_release   0x000016    program     static C:\Users\User\MPLABXProjects\lab06.X\hard.asm



                              Symbols - Sorted by Address
                     Name    Address   Location    Storage File                     
                ---------  ---------  ---------  --------- ---------                
                    start   0x000000    program     static C:\Users\User\MPLABXProjects\lab06.X\hard.asm
                      int   0x000000    program     static C:\Users\User\MPLABXProjects\lab06.X\hard.asm
            check_process   0x000010    program     static C:\Users\User\MPLABXProjects\lab06.X\hard.asm
             wait_release   0x000016    program     static C:\Users\User\MPLABXProjects\lab06.X\hard.asm
                  _1LOOP2   0x00001a    program     static C:\Users\User\MPLABXProjects\lab06.X\hard.asm
                  _1LOOP1   0x00001e    program     static C:\Users\User\MPLABXProjects\lab06.X\hard.asm
               check_mode   0x00003e    program     static C:\Users\User\MPLABXProjects\lab06.X\hard.asm
              check_mode1   0x000048    program     static C:\Users\User\MPLABXProjects\lab06.X\hard.asm
              check_mode2   0x000050    program     static C:\Users\User\MPLABXProjects\lab06.X\hard.asm
                 lightup0   0x000058    program     static C:\Users\User\MPLABXProjects\lab06.X\hard.asm
                 lightup1   0x00005e    program     static C:\Users\User\MPLABXProjects\lab06.X\hard.asm
                  _2LOOP2   0x00006a    program     static C:\Users\User\MPLABXProjects\lab06.X\hard.asm
                  _2LOOP1   0x00006e    program     static C:\Users\User\MPLABXProjects\lab06.X\hard.asm
                  _3LOOP2   0x000088    program     static C:\Users\User\MPLABXProjects\lab06.X\hard.asm
                  _3LOOP1   0x00008c    program     static C:\Users\User\MPLABXProjects\lab06.X\hard.asm
                  _4LOOP2   0x0000aa    program     static C:\Users\User\MPLABXProjects\lab06.X\hard.asm
                  _4LOOP1   0x0000ae    program     static C:\Users\User\MPLABXProjects\lab06.X\hard.asm
                  _5LOOP2   0x0000c8    program     static C:\Users\User\MPLABXProjects\lab06.X\hard.asm
                  _5LOOP1   0x0000cc    program     static C:\Users\User\MPLABXProjects\lab06.X\hard.asm
                  _6LOOP2   0x0000ea    program     static C:\Users\User\MPLABXProjects\lab06.X\hard.asm
                  _6LOOP1   0x0000ee    program     static C:\Users\User\MPLABXProjects\lab06.X\hard.asm
                  _7LOOP2   0x000108    program     static C:\Users\User\MPLABXProjects\lab06.X\hard.asm
                  _7LOOP1   0x00010c    program     static C:\Users\User\MPLABXProjects\lab06.X\hard.asm
                 lightup2   0x000124    program     static C:\Users\User\MPLABXProjects\lab06.X\hard.asm
                  _8LOOP2   0x000130    program     static C:\Users\User\MPLABXProjects\lab06.X\hard.asm
                  _8LOOP1   0x000134    program     static C:\Users\User\MPLABXProjects\lab06.X\hard.asm
                  _9LOOP2   0x00014e    program     static C:\Users\User\MPLABXProjects\lab06.X\hard.asm
                  _9LOOP1   0x000152    program     static C:\Users\User\MPLABXProjects\lab06.X\hard.asm
                 _10LOOP2   0x000170    program     static C:\Users\User\MPLABXProjects\lab06.X\hard.asm
                 _10LOOP1   0x000174    program     static C:\Users\User\MPLABXProjects\lab06.X\hard.asm
                 _11LOOP2   0x00018e    program     static C:\Users\User\MPLABXProjects\lab06.X\hard.asm
                 _11LOOP1   0x000192    program     static C:\Users\User\MPLABXProjects\lab06.X\hard.asm
                 _12LOOP2   0x0001b4    program     static C:\Users\User\MPLABXProjects\lab06.X\hard.asm
                 _12LOOP1   0x0001b8    program     static C:\Users\User\MPLABXProjects\lab06.X\hard.asm
                 _13LOOP2   0x0001d6    program     static C:\Users\User\MPLABXProjects\lab06.X\hard.asm
                 _13LOOP1   0x0001da    program     static C:\Users\User\MPLABXProjects\lab06.X\hard.asm
                 _14LOOP2   0x0001f4    program     static C:\Users\User\MPLABXProjects\lab06.X\hard.asm
                 _14LOOP1   0x0001f8    program     static C:\Users\User\MPLABXProjects\lab06.X\hard.asm
                 _15LOOP2   0x000216    program     static C:\Users\User\MPLABXProjects\lab06.X\hard.asm
                 _15LOOP1   0x00021a    program     static C:\Users\User\MPLABXProjects\lab06.X\hard.asm
                 _16LOOP2   0x000238    program     static C:\Users\User\MPLABXProjects\lab06.X\hard.asm
                 _16LOOP1   0x00023c    program     static C:\Users\User\MPLABXProjects\lab06.X\hard.asm
                 _17LOOP2   0x000256    program     static C:\Users\User\MPLABXProjects\lab06.X\hard.asm
                 _17LOOP1   0x00025a    program     static C:\Users\User\MPLABXProjects\lab06.X\hard.asm
                 _18LOOP2   0x000278    program     static C:\Users\User\MPLABXProjects\lab06.X\hard.asm
                 _18LOOP1   0x00027c    program     static C:\Users\User\MPLABXProjects\lab06.X\hard.asm


