Microchip MPLAB XC8 Compiler V2.46

Linker command line:

-W-3 \
  --edf=C:\Program Files\Microchip\xc8\v2.46\pic\dat\20240104201356_en.msgs \
  -cn -h+dist/default/debug\lab10.X.debug.sym \
  --cmf=dist/default/debug\lab10.X.debug.cmf -z -Q18F4520 \
  -oC:\Users\User\AppData\Local\Temp\xcAscng.\driver_tmp_3.o \
  --defsym=__MPLAB_BUILD=1 --fixupoverflow=error \
  -Mdist/default/debug/lab10.X.debug.map \
  --md=C:\Users\User\AppData\Local\Temp\xcAscng.\driver_tmp_0.dat -E1 \
  -ver=XC8 Compiler --acfsm=1493 -ACODE=00h-07DBFh -ACONST=00h-07DBFh \
  -ASMALLCONST=0600h-06FFhx119,07D00h-07DBFh -AMEDIUMCONST=0600h-07DBFh \
  -ACOMRAM=01h-07Fh -AABS1=00h-05F3h -ABIGRAM=01h-05F3h \
  -ARAM=080h-0FFh,0100h-01FFhx4,0500h-05F3h -ABANK0=080h-0FFh \
  -ABANK1=0100h-01FFh -ABANK2=0200h-02FFh -ABANK3=0300h-03FFh \
  -ABANK4=0400h-04FFh -ABANK5=0500h-05F3h \
  -ASFR=0F80h-0F9Bh,0F9Dh-0FD3h,0FD5h-0FDAh,0FE0h-0FE2h,0FE8h-0FEAh,0FF0h-0FFCh \
  -ABIGSFR=0F80h-0F9Bh,0F9Dh-0FD3h,0FD5h-0FDAh,0FE0h-0FE2h,0FE8h-0FEAh,0FF0h-0FFCh \
  -ACONFIG=0300000h-030000Dh -AIDLOC=0200000h-0200007h \
  -AEEDATA=0F00000h-0F000FFh -peeprom_data=EEDATA \
  -preset_vec=00h,intcode=8h,intcodelo=18h,powerup,init -pramtop=0600h \
  -psmallconst=SMALLCONST -pmediumconst=MEDIUMCONST -pconst=CONST \
  -AFARRAM=00h-00h \
  -prdata=COMRAM,nvrram=COMRAM,nvbit=COMRAM,rbss=COMRAM,rbit=COMRAM \
  -pfarbss=FARRAM,fardata=FARRAM,nvFARRAM=FARRAM \
  -pintsave_regs=BIGRAM,bigbss=BIGRAM,bigdata=BIGRAM -pbss=RAM \
  -pidata=CODE,irdata=CODE,ibigdata=CODE,ifardata=CODE -prparam=COMRAM \
  C:\Users\User\AppData\Local\Temp\xcAscng.\driver_tmp_9.o \
  dist/default/debug\lab10.X.debug.o 

Object code version is 3.11

Machine type is 18F4520



                Name                               Link     Load   Length Selector   Space Scale
C:\Users\User\AppData\Local\Temp\xcAscng.\driver_tmp_9.o
                idloc                            200000   200000        8        0       5
                config                           300000   300000        E        0       4
                init                                 6C       6C        4        C       0
                reset_vec                             0        0        4        0       0
dist/default/debug\lab10.X.debug.o
                intcodelo                            18       18       54        C       0
                intcode                               8        8        6        4       0
                idloc                            200000   200000        8        0       5
                config                           300000   300000        E        0       4
                temp                                 4D       4D        1        1       1
                smallconst                          600      600        2      300       0
                text22                              A66      A66       16      301       0
                text21                              934      934       42      301       0
                text20                              602      602       C4      301       0
                text19                              6C6      6C6       B0      301       0
                text18                              776      776       82      301       0
                intcode_body                        870      870       70      301       0
                text16                              A50      A50       16      301       0
                text15                              8E0      8E0       54      301       0
                text13                              976      976       3C      301       0
                text12                              AB2      AB2        4      301       0
                text11                              AB8      AB8        2      301       0
                text10                              AB6      AB6        2      301       0
                text9                               A3A      A3A       16      301       0
                text8                               A9C      A9C        C      301       0
                text7                               A8E      A8E        E      301       0
                text6                               A7C      A7C       12      301       0
                text5                               AA8      AA8        A      301       0
                text4                               9F6      9F6       18      301       0
                text3                               9DC      9DC       1A      301       0
                text2                               A24      A24       16      301       0
                text1                               9B2      9B2       2A      301       0
                text0                               7F8      7F8       78      301       0
                cstackCOMRAM                         2D       2D       20        1       1
                bssCOMRAM                             1        1       2C        1       1
                cinit                               A0E      A0E       16      301       0

TOTAL           Name                               Link     Load   Length     Space
        CLASS   CODE           
                intcodelo                            18       18       54         0
                intcode                               8        8        6         0
                init                                 6C       6C        4         0
                reset_vec                             0        0        4         0
                text22                              A66      A66       16         0
                text21                              934      934       42         0
                text20                              602      602       C4         0
                text19                              6C6      6C6       B0         0
                text18                              776      776       82         0
                intcode_body                        870      870       70         0
                text16                              A50      A50       16         0
                text15                              8E0      8E0       54         0
                text13                              976      976       3C         0
                text12                              AB2      AB2        4         0
                text11                              AB8      AB8        2         0
                text10                              AB6      AB6        2         0
                text9                               A3A      A3A       16         0
                text8                               A9C      A9C        C         0
                text7                               A8E      A8E        E         0
                text6                               A7C      A7C       12         0
                text5                               AA8      AA8        A         0
                text4                               9F6      9F6       18         0
                text3                               9DC      9DC       1A         0
                text2                               A24      A24       16         0
                text1                               9B2      9B2       2A         0
                text0                               7F8      7F8       78         0
                cinit                               A0E      A0E       16         0

        CLASS   CONST          

        CLASS   SMALLCONST     
                smallconst                          600      600        2         0

        CLASS   MEDIUMCONST    

        CLASS   COMRAM         
                temp                                 4D       4D        1         1
                cstackCOMRAM                         2D       2D       20         1
                bssCOMRAM                             1        1       2C         1

        CLASS   ABS1           

        CLASS   BIGRAM         

        CLASS   RAM            

        CLASS   BANK0          

        CLASS   BANK1          

        CLASS   BANK2          

        CLASS   BANK3          

        CLASS   BANK4          

        CLASS   BANK5          

        CLASS   SFR            

        CLASS   BIGSFR         

        CLASS   CONFIG         
                config                           300000   300000        E         4

        CLASS   IDLOC          
                idloc                            200000   200000        8         5

        CLASS   EEDATA         

        CLASS   FARRAM         

        CLASS   HEAP           

        CLASS   STACK          



SEGMENTS        Name                           Load    Length   Top    Selector   Space  Class

                reset_vec                      000000  000004  000004         0       0  CODE    
                bssCOMRAM                      000001  00004D  00004E         1       1  COMRAM  
                intcode                        000008  000006  00000E         4       0  CODE    
                intcodelo                      000018  000058  000070         C       0  CODE    
                smallconst                     000600  000002  000602       300       0  SMALLCON
                text20                         000602  0004B8  000ABA       301       0  CODE    


UNUSED ADDRESS RANGES

        Name                Unused          Largest block    Delta
        BANK0            000080-0000FF               80
        BANK1            000100-0001FF              100
        BANK2            000200-0002FF              100
        BANK3            000300-0003FF              100
        BANK4            000400-0004FF              100
        BANK5            000500-0005F3               F4
        BIGRAM           00004E-0005F3              5A6
        BIGSFR           000F80-000F9B               1C
                         000F9D-000FD3               37
                         000FD5-000FDA                6
                         000FE0-000FE2                3
                         000FE8-000FEA                3
                         000FF0-000FFC                D
        CODE             000004-000007                4
                         00000E-000017                A
                         000070-0005FF              590
                         000ABA-007DBF             7306
        COMRAM           00004E-00007F               32
        CONST            000004-000007                4
                         00000E-000017                A
                         000070-0005FF              590
                         000ABA-007DBF             7306
        EEDATA           F00000-F000FF              100
        MEDIUMCONST      000ABA-007DBF             7306
        RAM              000080-0005F3              100
        SFR              000F80-000F9B               1C
                         000F9D-000FD3               37
                         000FD5-000FDA                6
                         000FE0-000FE2                3
                         000FE8-000FEA                3
                         000FF0-000FFC                D
        SMALLCONST       000ABA-007DBF              100

                                  Symbol Table

?___awdiv                       cstackCOMRAM 000033
?___awmod                       cstackCOMRAM 00002D
ClearBuffer@i                   cstackCOMRAM 000048
Hi_ISR@ledShow                  cstackCOMRAM 00003F
MyusartRead@c                   cstackCOMRAM 000042
UART_DeleteN@i                  cstackCOMRAM 000031
UART_DeleteN@n                  cstackCOMRAM 00002E
UART_Write@data                 cstackCOMRAM 000048
Update@digit                    cstackCOMRAM 00003D
Update@num                      cstackCOMRAM 00003B
_ADCON0bits                     (abs)        000FC2
_ADCON1                         (abs)        000FC1
_ADCON2bits                     (abs)        000FC0
_ADC_Initialize                 text9        000A3A
_ADFM                           (abs)        007E07
_ADRESH                         (abs)        000FC4
_ADRESL                         (abs)        000FC3
_BAUDCONbits                    (abs)        000FB8
_CCP1CON                        (abs)        000FBD
_CCP1_Initialize                text8        000A9C
_CREN                           (abs)        007D5C
_ClearBuffer                    text13       000976
_GetString                      text12       000AB2
_Hi_ISR                         intcode      000008
_INTCON2bits                    (abs)        000FF1
_INTCONbits                     (abs)        000FF2
_INTERRUPT_Initialize           text7        000A8E
_IPR1bits                       (abs)        000F9F
_LATD                           (abs)        000F8C
_Lo_ISR                         intcodelo    000018
_Mode1                          text11       000AB8
_Mode2                          text10       000AB6
_MyusartRead                    text15       0008E0
_OSCCONbits                     (abs)        000FD3
_OSCILLATOR_Initialize          text6        000A7C
_PIE1bits                       (abs)        000F9D
_PIN_MANAGER_Initialize         text5        000AA8
_PIR1bits                       (abs)        000F9E
_RCIF                           (abs)        007CF5
_RCONbits                       (abs)        000FD0
_RCREG                          (abs)        000FAE
_RCSTAbits                      (abs)        000FAB
_SPBRG                          (abs)        000FAF
_SYSTEM_Initialize              text3        0009DC
_TRISA                          (abs)        000F92
_TRISCbits                      (abs)        000F94
_TRISD                          (abs)        000F95
_TXREG                          (abs)        000FAD
_TXSTAbits                      (abs)        000FAC
_UART_DeleteN                   text21       000934
_UART_Initialize                text4        0009F6
_UART_Write                     text2        000A24
_Update                         text18       000776
__HRAM                          (abs)        000000
__H__absolute__                 __absolute__ 000000
__Habs1                         abs1         000000
__Hbank0                        bank0        000000
__Hbank1                        bank1        000000
__Hbank2                        bank2        000000
__Hbank3                        bank3        000000
__Hbank4                        bank4        000000
__Hbank5                        bank5        000000
__Hbigbss                       bigbss       000000
__Hbigdata                      bigdata      000000
__Hbigram                       bigram       000000
__Hbigsfr                       bigsfr       000000
__Hbss                          bss          000000
__HbssCOMRAM                    bssCOMRAM    000000
__Hcinit                        cinit        000000
__Hclrtext                      clrtext      000000
__Hcomram                       comram       000000
__Hconfig                       config       30000E
__Hconst                        const        000000
__HcstackCOMRAM                 cstackCOMRAM 000000
__Hdata                         data         000000
__Heeprom_data                  eeprom_data  000000
__Hfarbss                       farbss       000000
__Hfardata                      fardata      000000
__Hheap                         heap         000000
__Hibigdata                     ibigdata     000000
__Hidata                        idata        000000
__Hidloc                        idloc        200008
__Hifardata                     ifardata     000000
__Hinit                         init         000070
__Hintcode                      intcode      00000E
__Hintcode_body                 intcode_body 000000
__Hintcodelo                    intcodelo    00006C
__Hintentry                     intentry     000000
__Hintret                       intret       000000
__Hintsave_regs                 intsave_regs 000000
__Hirdata                       irdata       000000
__Hmediumconst                  mediumconst  000000
__HnvFARRAM                     nvFARRAM     000000
__Hnvbit                        nvbit        000000
__Hnvrram                       nvrram       000000
__Hparam                        rparam       000000
__Hpowerup                      powerup      00006C
__Hram                          ram          000000
__Hramtop                       ramtop       000600
__Hrbit                         rbit         000000
__Hrbss                         rbss         000000
__Hrdata                        rdata        000000
__Hreset_vec                    reset_vec    000004
__Hrparam                       rparam       000000
__Hsfr                          sfr          000000
__Hsivt_hi                      sivt_hi      000000
__Hsivt_lo                      sivt_lo      000000
__Hsmallconst                   smallconst   000602
__Hspace_0                      (abs)        000ABA
__Hspace_1                      (abs)        00004E
__Hspace_2                      (abs)        000000
__Hspace_4                      (abs)        60000E
__Hstack                        stack        000000
__Hstruct                       struct       000000
__Htemp                         temp         00004E
__Htext                         text         000000
__Htext0                        text0        000000
__Htext1                        text1        000000
__Htext10                       text10       000000
__Htext11                       text11       000000
__Htext12                       text12       000000
__Htext13                       text13       000000
__Htext15                       text15       000000
__Htext16                       text16       000000
__Htext18                       text18       000000
__Htext19                       text19       000000
__Htext2                        text2        000000
__Htext20                       text20       000000
__Htext21                       text21       000000
__Htext22                       text22       000000
__Htext3                        text3        000000
__Htext4                        text4        000000
__Htext5                        text5        000000
__Htext6                        text6        000000
__Htext7                        text7        000000
__Htext8                        text8        000000
__Htext9                        text9        000000
__LRAM                          (abs)        000001
__L__absolute__                 __absolute__ 000000
__Labs1                         abs1         000000
__Lbank0                        bank0        000000
__Lbank1                        bank1        000000
__Lbank2                        bank2        000000
__Lbank3                        bank3        000000
__Lbank4                        bank4        000000
__Lbank5                        bank5        000000
__Lbigbss                       bigbss       000000
__Lbigdata                      bigdata      000000
__Lbigram                       bigram       000000
__Lbigsfr                       bigsfr       000000
__Lbss                          bss          000000
__LbssCOMRAM                    bssCOMRAM    000000
__Lcinit                        cinit        000000
__Lclrtext                      clrtext      000000
__Lcomram                       comram       000000
__Lconfig                       config       000000
__Lconst                        const        000000
__LcstackCOMRAM                 cstackCOMRAM 000000
__Ldata                         data         000000
__Leeprom_data                  eeprom_data  000000
__Lfarbss                       farbss       000000
__Lfardata                      fardata      000000
__Lheap                         heap         000000
__Libigdata                     ibigdata     000000
__Lidata                        idata        000000
__Lidloc                        idloc        000000
__Lifardata                     ifardata     000000
__Linit                         init         00006C
__Lintcode                      intcode      000008
__Lintcode_body                 intcode_body 000000
__Lintcodelo                    intcodelo    000018
__Lintentry                     intentry     000000
__Lintret                       intret       000000
__Lintsave_regs                 intsave_regs 000000
__Lirdata                       irdata       000000
__Lmediumconst                  mediumconst  000000
__LnvFARRAM                     nvFARRAM     000000
__Lnvbit                        nvbit        000000
__Lnvrram                       nvrram       000000
__Lparam                        rparam       000000
__Lpowerup                      powerup      00006C
__Lram                          ram          000000
__Lramtop                       ramtop       000600
__Lrbit                         rbit         000000
__Lrbss                         rbss         000000
__Lrdata                        rdata        000000
__Lreset_vec                    reset_vec    000000
__Lrparam                       rparam       000000
__Lsfr                          sfr          000000
__Lsivt_hi                      sivt_hi      000000
__Lsivt_lo                      sivt_lo      000000
__Lsmallconst                   smallconst   000600
__Lspace_0                      (abs)        000000
__Lspace_1                      (abs)        000000
__Lspace_2                      (abs)        000000
__Lspace_4                      (abs)        000000
__Lstack                        stack        000000
__Lstruct                       struct       000000
__Ltemp                         temp         00004D
__Ltext                         text         000000
__Ltext0                        text0        000000
__Ltext1                        text1        000000
__Ltext10                       text10       000000
__Ltext11                       text11       000000
__Ltext12                       text12       000000
__Ltext13                       text13       000000
__Ltext15                       text15       000000
__Ltext16                       text16       000000
__Ltext18                       text18       000000
__Ltext19                       text19       000000
__Ltext2                        text2        000000
__Ltext20                       text20       000000
__Ltext21                       text21       000000
__Ltext22                       text22       000000
__Ltext3                        text3        000000
__Ltext4                        text4        000000
__Ltext5                        text5        000000
__Ltext6                        text6        000000
__Ltext7                        text7        000000
__Ltext8                        text8        000000
__Ltext9                        text9        000000
__S0                            (abs)        000ABA
__S1                            (abs)        00004E
__S4                            (abs)        000000
__S5                            (abs)        000000
___awdiv                        text20       000602
___awdiv@counter                cstackCOMRAM 000037
___awdiv@dividend               cstackCOMRAM 000033
___awdiv@divisor                cstackCOMRAM 000035
___awdiv@quotient               cstackCOMRAM 000039
___awdiv@sign                   cstackCOMRAM 000038
___awmod                        text19       0006C6
___awmod@counter                cstackCOMRAM 000031
___awmod@dividend               cstackCOMRAM 00002D
___awmod@divisor                cstackCOMRAM 00002F
___awmod@sign                   cstackCOMRAM 000032
___heap_hi                      (abs)        000000
___heap_lo                      (abs)        000000
___inthi_sp                     stack        000000
___inthi_stack_hi               stack        000000
___inthi_stack_lo               stack        000000
___intlo_sp                     stack        000000
___intlo_stack_hi               stack        000000
___intlo_stack_lo               stack        000000
___param_bank                   (abs)        000000
___rparam_used                  (abs)        000001
___sp                           stack        000000
___stack_hi                     stack        000000
___stack_lo                     stack        000000
__accesstop                     (abs)        000080
__activetblptr                  (abs)        000000
__end_of_ADC_Initialize         text9        000A50
__end_of_CCP1_Initialize        text8        000AA8
__end_of_ClearBuffer            text13       0009B2
__end_of_GetString              text12       000AB6
__end_of_Hi_ISR                 intcode_body 0008E0
__end_of_INTERRUPT_Initialize   text7        000A9C
__end_of_Lo_ISR                 intcodelo    00006C
__end_of_Mode1                  text11       000ABA
__end_of_Mode2                  text10       000AB8
__end_of_MyusartRead            text15       000934
__end_of_OSCILLATOR_Initialize  text6        000A8E
__end_of_PIN_MANAGER_Initialize text5        000AB2
__end_of_SYSTEM_Initialize      text3        0009F6
__end_of_UART_DeleteN           text21       000976
__end_of_UART_Initialize        text4        000A0E
__end_of_UART_Write             text2        000A3A
__end_of_Update                 text18       0007F8
__end_of___awdiv                text20       0006C6
__end_of___awmod                text19       000776
__end_of__initialization        cinit        000A1A
__end_of_main                   text0        000870
__end_of_strcpy                 text1        0009DC
__end_ofi1_UART_Write           text16       000A66
__end_ofi2_UART_Write           text22       000A7C
__initialization                cinit        000A0E
__mediumconst                   mediumconst  000000
__pbssCOMRAM                    bssCOMRAM    000001
__pcinit                        cinit        000A0E
__pcstackCOMRAM                 cstackCOMRAM 00002D
__pintcode                      intcode      000008
__pintcode_body                 intcode_body 000870
__pintcodelo                    intcodelo    000018
__psmallconst                   smallconst   000600
__ptext0                        text0        0007F8
__ptext1                        text1        0009B2
__ptext10                       text10       000AB6
__ptext11                       text11       000AB8
__ptext12                       text12       000AB2
__ptext13                       text13       000976
__ptext15                       text15       0008E0
__ptext16                       text16       000A50
__ptext18                       text18       000776
__ptext19                       text19       0006C6
__ptext2                        text2        000A24
__ptext20                       text20       000602
__ptext21                       text21       000934
__ptext22                       text22       000A66
__ptext3                        text3        0009DC
__ptext4                        text4        0009F6
__ptext5                        text5        000AA8
__ptext6                        text6        000A7C
__ptext7                        text7        000A8E
__ptext8                        text8        000A9C
__ptext9                        text9        000A3A
__ramtop                        ramtop       000600
__smallconst                    smallconst   000600
_count                          bssCOMRAM    000003
_lenStr                         bssCOMRAM    000001
_main                           text0        0007F8
_mystring                       bssCOMRAM    000005
_str                            bssCOMRAM    000019
_strcpy                         text1        0009B2
btemp                           temp         00004D
end_of_initialization           cinit        000A1A
i1UART_Write@data               cstackCOMRAM 000041
i1_UART_Write                   text16       000A50
i2UART_Write@data               cstackCOMRAM 00002D
i2_UART_Write                   text22       000A66
int$flags                       temp         00004D
int_func                        intcode_body 000870
intlevel0                       text         000000
intlevel1                       text         000000
intlevel2                       text         000000
intlevel3                       text         000000
isa$std                         (abs)        000001
isa$xinst                       (abs)        000000
stackhi                         (abs)        000000
stacklo                         (abs)        000000
start                           init         00006C
start_initialization            cinit        000A0E
strcpy@d                        cstackCOMRAM 00004C
strcpy@dest                     cstackCOMRAM 00004A
strcpy@src                      cstackCOMRAM 00004B
ttemp5                          temp         00004E
ttemp6                          temp         000051
ttemp7                          temp         000055
wtemp8                          temp         00004E


MODULE INFORMATION

Module		Function		Class		Link	Load	Size
setting_hardaware/interrupt_manager.c
		_INTERRUPT_Initialize		CODE           	0A8E	0000	14

setting_hardaware/interrupt_manager.c estimated size: 14

C:\Program Files\Microchip\xc8\v2.46\pic\sources\c99\common\awdiv.c
		___awdiv       		CODE           	0602	0000	196

C:\Program Files\Microchip\xc8\v2.46\pic\sources\c99\common\awdiv.c estimated size: 196

setting_hardaware/uart.c
		_Lo_ISR        		CODE           	0018	0000	84
		_MyusartRead   		CODE           	08E0	0000	84
		_UART_DeleteN  		CODE           	0934	0000	66
		_GetString     		CODE           	0AB2	0000	4
		_ClearBuffer   		CODE           	0976	0000	60
		_Update        		CODE           	0776	0000	130
		_UART_Initialize		CODE           	09F6	0000	24
		_UART_Write    		CODE           	0A24	0000	22

setting_hardaware/uart.c estimated size: 474

C:\Program Files\Microchip\xc8\v2.46\pic\sources\c99\common\strcpy.c
		_strcpy        		CODE           	09B2	0000	42

C:\Program Files\Microchip\xc8\v2.46\pic\sources\c99\common\strcpy.c estimated size: 42

setting_hardaware/ccp1.c
		_CCP1_Initialize		CODE           	0A9C	0000	12

setting_hardaware/ccp1.c estimated size: 12

setting_hardaware/adc.c
		_ADC_Initialize		CODE           	0A3A	0000	22

setting_hardaware/adc.c estimated size: 22

shared
		i1_UART_Write  		CODE           	0A50	0000	22
		i2_UART_Write  		CODE           	0A66	0000	22
		__initialization		CODE           	0A0E	0000	12

shared estimated size: 56

setting_hardaware/setting.c
		_PIN_MANAGER_Initialize		CODE           	0AA8	0000	10
		_OSCILLATOR_Initialize		CODE           	0A7C	0000	18
		_SYSTEM_Initialize		CODE           	09DC	0000	26

setting_hardaware/setting.c estimated size: 54

C:\Program Files\Microchip\xc8\v2.46\pic\sources\c99\common\awmod.c
		___awmod       		CODE           	06C6	0000	176

C:\Program Files\Microchip\xc8\v2.46\pic\sources\c99\common\awmod.c estimated size: 176

main.c
		_main          		CODE           	07F8	0000	120
		_Mode1         		CODE           	0AB8	0000	2
		_Mode2         		CODE           	0AB6	0000	2
		_Hi_ISR        		CODE           	0008	0000	118

main.c estimated size: 242

