

Microchip MPLAB XC8 Assembler V2.46 build 20240104201356 
                                                                                               Thu Nov 27 13:40:13 2025

Microchip MPLAB XC8 C Compiler v2.46 (Free license) build 20240104201356 Og1 
     1                           	processor	18F4520
     2                           	fnconf	rparam,??,?,0
     3                           	pagewidth 120
     4                           	opt	flic
     5                           	psect	idataCOMRAM,global,class=CODE,delta=1,noexec
     6                           	psect	smallconst,global,reloc=2,class=SMALLCONST,delta=1,noexec
     7                           	psect	cinit,global,reloc=2,class=CODE,delta=1
     8                           	psect	bssCOMRAM,global,class=COMRAM,space=1,delta=1,lowdata,noexec
     9                           	psect	dataCOMRAM,global,class=COMRAM,space=1,delta=1,lowdata,noexec
    10                           	psect	cstackCOMRAM,global,class=COMRAM,space=1,delta=1,lowdata,noexec
    11                           	psect	text0,global,reloc=2,class=CODE,delta=1
    12                           	psect	intcode,global,reloc=2,class=CODE,delta=1
    13                           	psect	intcode_body,global,reloc=2,class=CODE,delta=1
    14                           	psect	text2,global,reloc=2,class=CODE,delta=1
    15                           	psect	text3,global,reloc=2,class=CODE,delta=1
    16                           	psect	text4,global,reloc=2,class=CODE,delta=1,group=1
    17                           	psect	text5,global,reloc=2,class=CODE,delta=1,group=1
    18                           	psect	intsave_regs,global,class=BIGRAM,space=1,delta=1,noexec
    19                           	psect	rparam,global,class=COMRAM,space=1,delta=1,noexec
    20                           	psect	temp,global,ovrld,common,class=COMRAM,space=1,delta=1,lowdata
    21                           	psect	idloc,global,abs,ovrld,class=IDLOC,space=5,delta=1,noexec
    22                           	psect	config,global,abs,ovrld,class=CONFIG,space=4,delta=1,noexec
    23   000000                     
    24                           ; Generated 05/01/2024 GMT
    25                           ; 
    26                           ; Copyright © 2024, Microchip Technology Inc. and its subsidiaries ("Microchip")
    27                           ; All rights reserved.
    28                           ; 
    29                           ; This software is developed by Microchip Technology Inc. and its subsidiaries ("Microch
      +                          ip").
    30                           ; 
    31                           ; Redistribution and use in source and binary forms, with or without modification, are
    32                           ; permitted provided that the following conditions are met:
    33                           ; 
    34                           ;     1. Redistributions of source code must retain the above copyright notice, this lis
      +                          t of
    35                           ;        conditions and the following disclaimer.
    36                           ; 
    37                           ;     2. Redistributions in binary form must reproduce the above copyright notice, this 
      +                          list
    38                           ;        of conditions and the following disclaimer in the documentation and/or other
    39                           ;        materials provided with the distribution. Publication is not required when
    40                           ;        this file is used in an embedded application.
    41                           ; 
    42                           ;     3. Microchip's name may not be used to endorse or promote products derived from th
      +                          is
    43                           ;        software without specific prior written permission.
    44                           ; 
    45                           ; THIS SOFTWARE IS PROVIDED BY MICROCHIP "AS IS" AND ANY EXPRESS OR IMPLIED WARRANTIES,
    46                           ; INCLUDING, BUT NOT LIMITED TO, THE IMPLIED WARRANTIES OF MERCHANTABILITY AND FITNESS F
      +                          OR
    47                           ; PURPOSE ARE DISCLAIMED.  IN NO EVENT SHALL MICROCHIP BE LIABLE FOR ANY DIRECT, INDIREC
      +                          T,
    48                           ; INCIDENTAL, SPECIAL, EXEMPLARY, OR CONSEQUENTIAL DAMAGES (INCLUDING BUT NOT LIMITED TO
    49                           ; PROCUREMENT OF SUBSTITUTE GOODS OR SERVICES; LOSS OF USE, DATA OR PROFITS; OR BUSINESS
    50                           ; INTERRUPTION) HOWSOEVER CAUSED AND ON ANY THEORY OF LIABILITY, WHETHER IN CONTRACT, ST
      +                          RICT
    51                           ; LIABILITY, OR TORT (INCLUDING NEGLIGENCE OR OTHERWISE) ARISING IN ANY WAY OUT OF THE U
      +                          SE OF
    52                           ; THIS SOFTWARE, EVEN IF ADVISED OF THE POSSIBILITY OF SUCH DAMAGE.
    53                           ; 
    54                           ; 
    55                           ; Code-generator required, PIC18F4520 Definitions
    56                           ; 
    57                           ; SFR Addresses
    58   000000                     
    59                           	psect	idataCOMRAM
    60   000A9A                     __pidataCOMRAM:
    61                           	callstack 0
    62                           
    63                           ;initializer for _direction
    64   000A9A  0001               	dw	1
    65                           
    66                           ;initializer for _angle
    67   000A9C  FFA6               	dw	65446
    68                           
    69                           	psect	smallconst
    70   000600                     __psmallconst:
    71                           	callstack 0
    72   000600  00                 	db	0
    73   000601                     set_servo_angle@angle_table:
    74                           	callstack 0
    75   000601  04                 	db	4
    76   000602  00                 	db	0
    77   000603  04                 	db	4
    78   000604  01                 	db	1
    79   000605  04                 	db	4
    80   000606  03                 	db	3
    81   000607  05                 	db	5
    82   000608  01                 	db	1
    83   000609  05                 	db	5
    84   00060A  02                 	db	2
    85   00060B  06                 	db	6
    86   00060C  00                 	db	0
    87   00060D  06                 	db	6
    88   00060E  02                 	db	2
    89   00060F  06                 	db	6
    90   000610  03                 	db	3
    91   000611  07                 	db	7
    92   000612  01                 	db	1
    93   000613  07                 	db	7
    94   000614  02                 	db	2
    95   000615  08                 	db	8
    96   000616  00                 	db	0
    97   000617  08                 	db	8
    98   000618  02                 	db	2
    99   000619  08                 	db	8
   100   00061A  03                 	db	3
   101   00061B  09                 	db	9
   102   00061C  01                 	db	1
   103   00061D  09                 	db	9
   104   00061E  03                 	db	3
   105   00061F  0A                 	db	10
   106   000620  00                 	db	0
   107   000621  0A                 	db	10
   108   000622  02                 	db	2
   109   000623  0B                 	db	11
   110   000624  00                 	db	0
   111   000625  0B                 	db	11
   112   000626  01                 	db	1
   113   000627  0B                 	db	11
   114   000628  03                 	db	3
   115   000629  0C                 	db	12
   116   00062A  01                 	db	1
   117   00062B  0C                 	db	12
   118   00062C  02                 	db	2
   119   00062D  0D                 	db	13
   120   00062E  00                 	db	0
   121   00062F  0D                 	db	13
   122   000630  02                 	db	2
   123   000631  0D                 	db	13
   124   000632  03                 	db	3
   125   000633  0E                 	db	14
   126   000634  01                 	db	1
   127   000635  0E                 	db	14
   128   000636  03                 	db	3
   129   000637  0F                 	db	15
   130   000638  00                 	db	0
   131   000639  0F                 	db	15
   132   00063A  02                 	db	2
   133   00063B  0F                 	db	15
   134   00063C  03                 	db	3
   135   00063D  10                 	db	16
   136   00063E  01                 	db	1
   137   00063F  10                 	db	16
   138   000640  03                 	db	3
   139   000641  11                 	db	17
   140   000642  00                 	db	0
   141   000643  11                 	db	17
   142   000644  02                 	db	2
   143   000645  12                 	db	18
   144   000646  00                 	db	0
   145   000647  12                 	db	18
   146   000648  01                 	db	1
   147   000649  12                 	db	18
   148   00064A  03                 	db	3
   149   00064B                     __end_ofset_servo_angle@angle_table:
   150                           	callstack 0
   151   000000                     _PIE1bits	set	3997
   152   000000                     _PIR1bits	set	3998
   153   000000                     _GIE	set	32663
   154   000000                     _PEIE	set	32662
   155   000000                     _INT0IE	set	32660
   156   000000                     _PORTBbits	set	3969
   157   000000                     _INTEDG0	set	32654
   158   000000                     _INT0IF	set	32657
   159   000000                     _LATDbits	set	3980
   160   000000                     _TRISBbits	set	3987
   161   000000                     _CCP2CONbits	set	4026
   162   000000                     _CCP1CONbits	set	4029
   163   000000                     _PR2	set	4043
   164   000000                     _T1CONbits	set	4045
   165   000000                     _TMR1L	set	4046
   166   000000                     _TMR1H	set	4047
   167   000000                     _OSCCONbits	set	4051
   168   000000                     _TRISCbits	set	3988
   169   000000                     _T2CONbits	set	4042
   170   000000                     _CCPR1L	set	4030
   171   000000                     _CCPR2L	set	4027
   172   00064B  00                 	db	0	; dummy byte at the end
   173   000000                     
   174                           ; #config settings
   175                           
   176                           	psect	cinit
   177   000A3E                     __pcinit:
   178                           	callstack 0
   179   000A3E                     start_initialization:
   180                           	callstack 0
   181   000A3E                     __initialization:
   182                           	callstack 0
   183                           
   184                           ; Initialize objects allocated to COMRAM (4 bytes)
   185                           ; load TBLPTR registers with __pidataCOMRAM
   186   000A3E  0E9A               	movlw	low __pidataCOMRAM
   187   000A40  6EF6               	movwf	tblptrl,c
   188   000A42  0E0A               	movlw	high __pidataCOMRAM
   189   000A44  6EF7               	movwf	tblptrh,c
   190   000A46  0E00               	movlw	low (__pidataCOMRAM shr (0+16))
   191   000A48  6EF8               	movwf	tblptru,c
   192   000A4A  EE00  F021         	lfsr	0,__pdataCOMRAM
   193   000A4E  EE10 F004          	lfsr	1,4
   194   000A52                     copy_data0:
   195   000A52  0009               	tblrd		*+
   196   000A54  CFF5 FFEE          	movff	tablat,postinc0
   197   000A58  50E5               	movf	postdec1,w,c
   198   000A5A  50E1               	movf	fsr1l,w,c
   199   000A5C  E1FA               	bnz	copy_data0
   200                           
   201                           ; Clear objects allocated to COMRAM (2 bytes)
   202   000A5E  6A26               	clrf	(__pbssCOMRAM+1)& (0+255),c
   203   000A60  6A25               	clrf	__pbssCOMRAM& (0+255),c
   204   000A62                     end_of_initialization:
   205                           	callstack 0
   206   000A62                     __end_of__initialization:
   207                           	callstack 0
   208   000A62  9027               	bcf	int$flags,0,c	;clear compiler interrupt flag (level 1)
   209   000A64  9227               	bcf	int$flags,1,c	;clear compiler interrupt flag (level 2)
   210   000A66  0E00               	movlw	low (__Lsmallconst shr (0+16))
   211   000A68  6EF8               	movwf	tblptru,c
   212   000A6A  0E06               	movlw	high __Lsmallconst
   213   000A6C  6EF7               	movwf	tblptrh,c
   214   000A6E  0100               	movlb	0
   215   000A70  EFB7  F004         	goto	_main	;jump to C main() function
   216                           
   217                           	psect	bssCOMRAM
   218   000025                     __pbssCOMRAM:
   219                           	callstack 0
   220   000025                     _state:
   221                           	callstack 0
   222   000025                     	ds	2
   223                           
   224                           	psect	dataCOMRAM
   225   000021                     __pdataCOMRAM:
   226                           	callstack 0
   227   000021                     _direction:
   228                           	callstack 0
   229   000021                     	ds	2
   230   000023                     _angle:
   231                           	callstack 0
   232   000023                     	ds	2
   233                           
   234                           	psect	cstackCOMRAM
   235   000001                     __pcstackCOMRAM:
   236                           	callstack 0
   237   000001                     ?_clamp:
   238                           	callstack 0
   239   000001                     ?___wmul:
   240                           	callstack 0
   241   000001                     clamp@val:
   242                           	callstack 0
   243   000001                     ___wmul@multiplier:
   244                           	callstack 0
   245                           
   246                           ; 2 bytes @ 0x0
   247   000001                     	ds	2
   248   000003                     clamp@min:
   249                           	callstack 0
   250   000003                     ___wmul@multiplicand:
   251                           	callstack 0
   252                           
   253                           ; 2 bytes @ 0x2
   254   000003                     	ds	2
   255   000005                     clamp@max:
   256                           	callstack 0
   257   000005                     ___wmul@product:
   258                           	callstack 0
   259                           
   260                           ; 2 bytes @ 0x4
   261   000005                     	ds	2
   262   000007                     ??_clamp:
   263   000007                     ?___awdiv:
   264                           	callstack 0
   265   000007                     ___awdiv@dividend:
   266                           	callstack 0
   267                           
   268                           ; 2 bytes @ 0x6
   269   000007                     	ds	2
   270   000009                     ___awdiv@divisor:
   271                           	callstack 0
   272                           
   273                           ; 2 bytes @ 0x8
   274   000009                     	ds	2
   275   00000B                     ___awdiv@counter:
   276                           	callstack 0
   277                           
   278                           ; 1 bytes @ 0xA
   279   00000B                     	ds	1
   280   00000C                     ___awdiv@sign:
   281                           	callstack 0
   282                           
   283                           ; 1 bytes @ 0xB
   284   00000C                     	ds	1
   285   00000D                     ___awdiv@quotient:
   286                           	callstack 0
   287                           
   288                           ; 2 bytes @ 0xC
   289   00000D                     	ds	2
   290   00000F                     set_servo_angle@angle:
   291                           	callstack 0
   292                           
   293                           ; 2 bytes @ 0xE
   294   00000F                     	ds	2
   295   000011                     ??_set_servo_angle:
   296                           
   297                           ; 1 bytes @ 0x10
   298   000011                     	ds	4
   299   000015                     set_servo_angle@led_duty:
   300                           	callstack 0
   301                           
   302                           ; 4 bytes @ 0x14
   303   000015                     	ds	4
   304   000019                     set_servo_angle@index:
   305                           	callstack 0
   306                           
   307                           ; 2 bytes @ 0x18
   308   000019                     	ds	2
   309   00001B                     ??_ISR:
   310                           
   311                           ; 1 bytes @ 0x1A
   312   00001B                     	ds	6
   313   000021                     
   314                           ; 1 bytes @ 0x20
   315 ;;
   316 ;;Main: autosize = 0, tempsize = 0, incstack = 0, save=0
   317 ;;
   318 ;; *************** function _main *****************
   319 ;; Defined at:
   320 ;;		line 61 in file "hard.c"
   321 ;; Parameters:    Size  Location     Type
   322 ;;		None
   323 ;; Auto vars:     Size  Location     Type
   324 ;;  timer1_val      2    0        unsigned int 
   325 ;; Return value:  Size  Location     Type
   326 ;;                  1    wreg      void 
   327 ;; Registers used:
   328 ;;		wreg, status,2
   329 ;; Tracked objects:
   330 ;;		On entry : 0/0
   331 ;;		On exit  : 0/0
   332 ;;		Unchanged: 0/0
   333 ;; Data sizes:     COMRAM   BANK0   BANK1   BANK2   BANK3   BANK4   BANK5
   334 ;;      Params:         0       0       0       0       0       0       0
   335 ;;      Locals:         0       0       0       0       0       0       0
   336 ;;      Temps:          0       0       0       0       0       0       0
   337 ;;      Totals:         0       0       0       0       0       0       0
   338 ;;Total ram usage:        0 bytes
   339 ;; Hardware stack levels required when called: 3
   340 ;; This function calls:
   341 ;;		Nothing
   342 ;; This function is called by:
   343 ;;		Startup code after reset
   344 ;; This function uses a non-reentrant model
   345 ;;
   346                           
   347                           	psect	text0
   348   00096E                     __ptext0:
   349                           	callstack 0
   350   00096E                     _main:
   351                           	callstack 28
   352   00096E                     
   353                           ;hard.c: 63:     OSCCONbits.IRCF = 0b001;
   354   00096E  50D3               	movf	211,w,c	;volatile
   355   000970  0B8F               	andlw	-113
   356   000972  0910               	iorlw	16
   357   000974  6ED3               	movwf	211,c	;volatile
   358   000976                     
   359                           ;hard.c: 64:     TRISBbits.TRISB0 = 1;
   360   000976  8093               	bsf	147,0,c	;volatile
   361   000978                     
   362                           ;hard.c: 65:     TRISCbits.TRISC2 = 0;
   363   000978  9494               	bcf	148,2,c	;volatile
   364   00097A                     
   365                           ;hard.c: 66:     LATDbits.LATD7 = 0;
   366   00097A  9E8C               	bcf	140,7,c	;volatile
   367   00097C                     
   368                           ;hard.c: 69:     T1CONbits.TMR1CS = 0;
   369   00097C  92CD               	bcf	205,1,c	;volatile
   370                           
   371                           ;hard.c: 70:     T1CONbits.T1CKPS = 0b11;
   372   00097E  0E30               	movlw	48
   373   000980  12CD               	iorwf	205,f,c	;volatile
   374                           
   375                           ;hard.c: 73:     TMR1H = timer1_val >> 8;
   376   000982  0EFE               	movlw	254
   377   000984  6ECF               	movwf	207,c	;volatile
   378   000986                     
   379                           ;hard.c: 74:     TMR1L = timer1_val & 0xFF;
   380   000986  0EF1               	movlw	241
   381   000988  6ECE               	movwf	206,c	;volatile
   382   00098A                     
   383                           ;hard.c: 76:     PIR1bits.TMR1IF = 0;
   384   00098A  909E               	bcf	158,0,c	;volatile
   385   00098C                     
   386                           ;hard.c: 77:     PIE1bits.TMR1IE = 1;
   387   00098C  809D               	bsf	157,0,c	;volatile
   388   00098E                     
   389                           ;hard.c: 78:     T1CONbits.TMR1ON = 1;
   390   00098E  80CD               	bsf	205,0,c	;volatile
   391   000990                     
   392                           ;hard.c: 81:     TRISCbits.TRISC2 = 0;
   393   000990  9494               	bcf	148,2,c	;volatile
   394   000992                     
   395                           ;hard.c: 82:     TRISCbits.TRISC1 = 0;
   396   000992  9294               	bcf	148,1,c	;volatile
   397                           
   398                           ;hard.c: 83:     PR2 = 0x9B;
   399   000994  0E9B               	movlw	155
   400   000996  6ECB               	movwf	203,c	;volatile
   401                           
   402                           ;hard.c: 86:     CCP1CONbits.CCP1M = 0b1100;
   403   000998  50BD               	movf	189,w,c	;volatile
   404   00099A  0BF0               	andlw	-16
   405   00099C  090C               	iorlw	12
   406   00099E  6EBD               	movwf	189,c	;volatile
   407                           
   408                           ;hard.c: 87:     CCPR1L = 0x0B;
   409   0009A0  0E0B               	movlw	11
   410   0009A2  6EBE               	movwf	190,c	;volatile
   411                           
   412                           ;hard.c: 88:     CCP1CONbits.DC1B = 0b01;
   413   0009A4  50BD               	movf	189,w,c	;volatile
   414   0009A6  0BCF               	andlw	-49
   415   0009A8  0910               	iorlw	16
   416   0009AA  6EBD               	movwf	189,c	;volatile
   417                           
   418                           ;hard.c: 91:     CCP2CONbits.CCP2M = 0b1100;
   419   0009AC  50BA               	movf	186,w,c	;volatile
   420   0009AE  0BF0               	andlw	-16
   421   0009B0  090C               	iorlw	12
   422   0009B2  6EBA               	movwf	186,c	;volatile
   423                           
   424                           ;hard.c: 92:     CCPR2L = 0x00;
   425   0009B4  0E00               	movlw	0
   426   0009B6  6EBB               	movwf	187,c	;volatile
   427                           
   428                           ;hard.c: 93:     CCP2CONbits.DC2B = 0b00;
   429   0009B8  0ECF               	movlw	-49
   430   0009BA  16BA               	andwf	186,f,c	;volatile
   431                           
   432                           ;hard.c: 96:     T2CONbits.T2CKPS = 0b01;
   433   0009BC  50CA               	movf	202,w,c	;volatile
   434   0009BE  0BFC               	andlw	-4
   435   0009C0  0901               	iorlw	1
   436   0009C2  6ECA               	movwf	202,c	;volatile
   437   0009C4                     
   438                           ;hard.c: 97:     T2CONbits.TMR2ON = 1;
   439   0009C4  84CA               	bsf	202,2,c	;volatile
   440   0009C6                     
   441                           ;hard.c: 102:     INT0IF = 0;
   442   0009C6  92F2               	bcf	4082,1,c	;volatile
   443   0009C8                     
   444                           ;hard.c: 103:     INT0IE = 1;
   445   0009C8  88F2               	bsf	4082,4,c	;volatile
   446   0009CA                     
   447                           ;hard.c: 104:     INTEDG0 = 0;
   448   0009CA  9CF1               	bcf	4081,6,c	;volatile
   449   0009CC                     
   450                           ;hard.c: 105:     PEIE = 1;
   451   0009CC  8CF2               	bsf	4082,6,c	;volatile
   452   0009CE                     
   453                           ;hard.c: 106:     GIE = 1;
   454   0009CE  8EF2               	bsf	4082,7,c	;volatile
   455                           
   456                           ;hard.c: 108:     CCPR1L = 0x04;
   457   0009D0  0E04               	movlw	4
   458   0009D2  6EBE               	movwf	190,c	;volatile
   459                           
   460                           ;hard.c: 109:     CCP1CONbits.DC1B = 0b00;
   461   0009D4  0ECF               	movlw	-49
   462   0009D6  16BD               	andwf	189,f,c	;volatile
   463   0009D8                     l71:
   464   0009D8  EFEC  F004         	goto	l71
   465   0009DC  EF07  F000         	goto	start
   466   0009E0                     __end_of_main:
   467                           	callstack 0
   468                           
   469 ;; *************** function _ISR *****************
   470 ;; Defined at:
   471 ;;		line 30 in file "hard.c"
   472 ;; Parameters:    Size  Location     Type
   473 ;;		None
   474 ;; Auto vars:     Size  Location     Type
   475 ;;  timer1_val      2    0        unsigned int 
   476 ;; Return value:  Size  Location     Type
   477 ;;                  1    wreg      void 
   478 ;; Registers used:
   479 ;;		wreg, status,2, status,0, tblptrl, tblptrh, tblptru, prodl, prodh, cstack
   480 ;; Tracked objects:
   481 ;;		On entry : 0/0
   482 ;;		On exit  : 0/0
   483 ;;		Unchanged: 0/0
   484 ;; Data sizes:     COMRAM   BANK0   BANK1   BANK2   BANK3   BANK4   BANK5
   485 ;;      Params:         0       0       0       0       0       0       0
   486 ;;      Locals:         0       0       0       0       0       0       0
   487 ;;      Temps:          6       0       0       0       0       0       0
   488 ;;      Totals:         6       0       0       0       0       0       0
   489 ;;Total ram usage:        6 bytes
   490 ;; Hardware stack levels used: 1
   491 ;; Hardware stack levels required when called: 2
   492 ;; This function calls:
   493 ;;		___wmul
   494 ;;		_set_servo_angle
   495 ;; This function is called by:
   496 ;;		Interrupt level 2
   497 ;; This function uses a non-reentrant model
   498 ;;
   499                           
   500                           	psect	intcode
   501   000008                     __pintcode:
   502                           	callstack 0
   503   000008                     _ISR:
   504                           	callstack 28
   505                           
   506                           ;incstack = 0
   507   000008  8227               	bsf	int$flags,1,c	;set compiler interrupt flag (level 2)
   508   00000A  EDC1  F003         	call	int_func,f	;refresh shadow registers
   509                           
   510                           	psect	intcode_body
   511   000782                     __pintcode_body:
   512                           	callstack 28
   513   000782                     int_func:
   514                           	callstack 28
   515   000782  0006               	pop		; remove dummy address from shadow register refresh
   516   000784  CFF3 F01B          	movff	prodl,??_ISR
   517   000788  CFF4 F01C          	movff	prodh,??_ISR+1
   518   00078C  CFF6 F01D          	movff	tblptrl,??_ISR+2
   519   000790  CFF7 F01E          	movff	tblptrh,??_ISR+3
   520   000794  CFF8 F01F          	movff	tblptru,??_ISR+4
   521   000798  CFF5 F020          	movff	tablat,??_ISR+5
   522   00079C                     
   523                           ;hard.c: 32:     if(INT0IF){
   524   00079C  A2F2               	btfss	4082,1,c	;volatile
   525   00079E  EFD3  F003         	goto	i2u34_41
   526   0007A2  EFD5  F003         	goto	i2u34_40
   527   0007A6                     i2u34_41:
   528   0007A6  EFF2  F003         	goto	i2l1035
   529   0007AA                     i2u34_40:
   530   0007AA                     
   531                           ;hard.c: 33:         INT0IF = 0;
   532   0007AA  92F2               	bcf	4082,1,c	;volatile
   533   0007AC                     
   534                           ;hard.c: 34:         _delay((unsigned long)((50)*(125000/4000.0)));
   535   0007AC  0EDF               	movlw	223
   536   0007AE                     i2u45_47:
   537   0007AE  D000               	nop2	
   538   0007B0  D000               	nop2	
   539   0007B2  2EE8               	decfsz	wreg,f,c
   540   0007B4  D7FC               	bra	i2u45_47
   541   0007B6  0000               	nop	
   542   0007B8                     
   543                           ;hard.c: 35:         if(PORTBbits.RB0 == 1) return;
   544   0007B8  A081               	btfss	129,0,c	;volatile
   545   0007BA  EFE1  F003         	goto	i2u35_41
   546   0007BE  EFE3  F003         	goto	i2u35_40
   547   0007C2                     i2u35_41:
   548   0007C2  EFE5  F003         	goto	i2l1033
   549   0007C6                     i2u35_40:
   550   0007C6  EF47  F004         	goto	i2l61
   551   0007CA                     i2l1033:
   552                           
   553                           ;hard.c: 36:         state = !state;
   554   0007CA  5025               	movf	_state^0,w,c	;volatile
   555   0007CC  1026               	iorwf	(_state+1)^0,w,c	;volatile
   556   0007CE  B4D8               	btfsc	status,2,c
   557   0007D0  EFEC  F003         	goto	i2u36_41
   558   0007D4  EFEF  F003         	goto	i2u36_40
   559   0007D8                     i2u36_41:
   560   0007D8  0E01               	movlw	1
   561   0007DA  EFF0  F003         	goto	i2u37_40
   562   0007DE                     i2u36_40:
   563   0007DE  0E00               	movlw	0
   564   0007E0                     i2u37_40:
   565   0007E0  6E25               	movwf	_state^0,c	;volatile
   566   0007E2  6A26               	clrf	(_state+1)^0,c	;volatile
   567   0007E4                     i2l1035:
   568                           
   569                           ;hard.c: 40:     if(PIR1bits.TMR1IF){
   570   0007E4  A09E               	btfss	158,0,c	;volatile
   571   0007E6  EFF7  F003         	goto	i2u38_41
   572   0007EA  EFF9  F003         	goto	i2u38_40
   573   0007EE                     i2u38_41:
   574   0007EE  EF47  F004         	goto	i2l61
   575   0007F2                     i2u38_40:
   576   0007F2                     
   577                           ;hard.c: 41:         PIR1bits.TMR1IF = 0;
   578   0007F2  909E               	bcf	158,0,c	;volatile
   579   0007F4                     
   580                           ;hard.c: 44:         TMR1H = timer1_val >> 8;
   581   0007F4  0EFE               	movlw	254
   582   0007F6  6ECF               	movwf	207,c	;volatile
   583   0007F8                     
   584                           ;hard.c: 45:         TMR1L = timer1_val & 0xFF;
   585   0007F8  0EF1               	movlw	241
   586   0007FA  6ECE               	movwf	206,c	;volatile
   587   0007FC                     
   588                           ;hard.c: 47:         if(state){
   589   0007FC  5025               	movf	_state^0,w,c	;volatile
   590   0007FE  1026               	iorwf	(_state+1)^0,w,c	;volatile
   591   000800  B4D8               	btfsc	status,2,c
   592   000802  EF05  F004         	goto	i2u39_41
   593   000806  EF07  F004         	goto	i2u39_40
   594   00080A                     i2u39_41:
   595   00080A  EF47  F004         	goto	i2l61
   596   00080E                     i2u39_40:
   597   00080E                     
   598                           ;hard.c: 48:             angle += direction*5;
   599   00080E  C021  F001         	movff	_direction,___wmul@multiplier	;volatile
   600   000812  C022  F002         	movff	_direction+1,___wmul@multiplier+1	;volatile
   601   000816  0E00               	movlw	0
   602   000818  6E04               	movwf	(___wmul@multiplicand+1)^0,c
   603   00081A  0E05               	movlw	5
   604   00081C  6E03               	movwf	___wmul@multiplicand^0,c
   605   00081E  EC3A  F005         	call	___wmul	;wreg free
   606   000822  5001               	movf	?___wmul^0,w,c
   607   000824  2623               	addwf	_angle^0,f,c	;volatile
   608   000826  5002               	movf	(?___wmul+1)^0,w,c
   609   000828  2224               	addwfc	(_angle+1)^0,f,c	;volatile
   610   00082A                     
   611                           ;hard.c: 49:             if(angle >= 90){
   612   00082A  BE24               	btfsc	(_angle+1)^0,7,c	;volatile
   613   00082C  EF21  F004         	goto	i2u40_41
   614   000830  5024               	movf	(_angle+1)^0,w,c	;volatile
   615   000832  E109               	bnz	i2u40_40
   616   000834  0E5A               	movlw	90
   617   000836  5C23               	subwf	_angle^0,w,c	;volatile
   618   000838  A0D8               	btfss	status,0,c
   619   00083A  EF21  F004         	goto	i2u40_41
   620   00083E  EF23  F004         	goto	i2u40_40
   621   000842                     i2u40_41:
   622   000842  EF2B  F004         	goto	i2l1053
   623   000846                     i2u40_40:
   624   000846                     
   625                           ;hard.c: 50:                 angle = 90;
   626   000846  0E00               	movlw	0
   627   000848  6E24               	movwf	(_angle+1)^0,c	;volatile
   628   00084A  0E5A               	movlw	90
   629   00084C  6E23               	movwf	_angle^0,c	;volatile
   630   00084E                     
   631                           ;hard.c: 51:                 direction = -1;
   632   00084E  6821               	setf	_direction^0,c	;volatile
   633   000850  6822               	setf	(_direction+1)^0,c	;volatile
   634                           
   635                           ;hard.c: 52:             }else if(angle <= -90){
   636   000852  EF41  F004         	goto	i2l1057
   637   000856                     i2l1053:
   638   000856  AE24               	btfss	(_angle+1)^0,7,c	;volatile
   639   000858  EF37  F004         	goto	i2u41_41
   640   00085C  0EA7               	movlw	167
   641   00085E  5C23               	subwf	_angle^0,w,c	;volatile
   642   000860  0EFF               	movlw	255
   643   000862  5824               	subwfb	(_angle+1)^0,w,c	;volatile
   644   000864  B0D8               	btfsc	status,0,c
   645   000866  EF37  F004         	goto	i2u41_41
   646   00086A  EF39  F004         	goto	i2u41_40
   647   00086E                     i2u41_41:
   648   00086E  EF41  F004         	goto	i2l1057
   649   000872                     i2u41_40:
   650   000872                     
   651                           ;hard.c: 53:                 angle = -90;
   652   000872  0EFF               	movlw	255
   653   000874  6E24               	movwf	(_angle+1)^0,c	;volatile
   654   000876  0EA6               	movlw	166
   655   000878  6E23               	movwf	_angle^0,c	;volatile
   656                           
   657                           ;hard.c: 54:                 direction = 1;
   658   00087A  0E00               	movlw	0
   659   00087C  6E22               	movwf	(_direction+1)^0,c	;volatile
   660   00087E  0E01               	movlw	1
   661   000880  6E21               	movwf	_direction^0,c	;volatile
   662   000882                     i2l1057:
   663                           
   664                           ;hard.c: 56:             set_servo_angle(angle);
   665   000882  C023  F00F         	movff	_angle,set_servo_angle@angle	;volatile
   666   000886  C024  F010         	movff	_angle+1,set_servo_angle@angle+1	;volatile
   667   00088A  EC26  F003         	call	_set_servo_angle	;wreg free
   668   00088E                     i2l61:
   669   00088E  C020  FFF5         	movff	??_ISR+5,tablat
   670   000892  C01F  FFF8         	movff	??_ISR+4,tblptru
   671   000896  C01E  FFF7         	movff	??_ISR+3,tblptrh
   672   00089A  C01D  FFF6         	movff	??_ISR+2,tblptrl
   673   00089E  C01C  FFF4         	movff	??_ISR+1,prodh
   674   0008A2  C01B  FFF3         	movff	??_ISR,prodl
   675   0008A6  9227               	bcf	int$flags,1,c	;clear compiler interrupt flag (level 2)
   676   0008A8  0011               	retfie		f
   677   0008AA                     __end_of_ISR:
   678                           	callstack 0
   679                           
   680 ;; *************** function _set_servo_angle *****************
   681 ;; Defined at:
   682 ;;		line 131 in file "hard.c"
   683 ;; Parameters:    Size  Location     Type
   684 ;;  angle           2   14[COMRAM] int 
   685 ;; Auto vars:     Size  Location     Type
   686 ;;  led_duty        4   20[COMRAM] unsigned long 
   687 ;;  index           2   24[COMRAM] int 
   688 ;; Return value:  Size  Location     Type
   689 ;;                  1    wreg      void 
   690 ;; Registers used:
   691 ;;		wreg, status,2, status,0, tblptrl, tblptrh, tblptru, prodl, prodh, cstack
   692 ;; Tracked objects:
   693 ;;		On entry : 0/0
   694 ;;		On exit  : 0/0
   695 ;;		Unchanged: 0/0
   696 ;; Data sizes:     COMRAM   BANK0   BANK1   BANK2   BANK3   BANK4   BANK5
   697 ;;      Params:         2       0       0       0       0       0       0
   698 ;;      Locals:         6       0       0       0       0       0       0
   699 ;;      Temps:          4       0       0       0       0       0       0
   700 ;;      Totals:        12       0       0       0       0       0       0
   701 ;;Total ram usage:       12 bytes
   702 ;; Hardware stack levels used: 1
   703 ;; Hardware stack levels required when called: 1
   704 ;; This function calls:
   705 ;;		___awdiv
   706 ;;		___wmul
   707 ;;		_clamp
   708 ;; This function is called by:
   709 ;;		_ISR
   710 ;;		_smooth_move
   711 ;; This function uses a non-reentrant model
   712 ;;
   713                           
   714                           	psect	text2
   715   00064C                     __ptext2:
   716                           	callstack 0
   717   00064C                     _set_servo_angle:
   718                           	callstack 28
   719   00064C                     
   720                           ;hard.c: 133:     angle = clamp(angle, -90, 90);
   721   00064C  C00F  F001         	movff	set_servo_angle@angle,clamp@val
   722   000650  C010  F002         	movff	set_servo_angle@angle+1,clamp@val+1
   723   000654  0EFF               	movlw	255
   724   000656  6E04               	movwf	(clamp@min+1)^0,c
   725   000658  0EA6               	movlw	166
   726   00065A  6E03               	movwf	clamp@min^0,c
   727   00065C  0E00               	movlw	0
   728   00065E  6E06               	movwf	(clamp@max+1)^0,c
   729   000660  0E5A               	movlw	90
   730   000662  6E05               	movwf	clamp@max^0,c
   731   000664  ECF0  F004         	call	_clamp	;wreg free
   732   000668  C001  F00F         	movff	?_clamp,set_servo_angle@angle
   733   00066C  C002  F010         	movff	?_clamp+1,set_servo_angle@angle+1
   734                           
   735                           ;hard.c: 136:     static const uint8_t angle_table[37][2] = {;hard.c: 178:     int index
      +                           = (angle + 90) / 5;
   736   000670  0E5A               	movlw	90
   737   000672  240F               	addwf	set_servo_angle@angle^0,w,c
   738   000674  6E07               	movwf	___awdiv@dividend^0,c
   739   000676  0E00               	movlw	0
   740   000678  2010               	addwfc	(set_servo_angle@angle+1)^0,w,c
   741   00067A  6E08               	movwf	(___awdiv@dividend+1)^0,c
   742   00067C  0E00               	movlw	0
   743   00067E  6E0A               	movwf	(___awdiv@divisor+1)^0,c
   744   000680  0E05               	movlw	5
   745   000682  6E09               	movwf	___awdiv@divisor^0,c
   746   000684  EC55  F004         	call	___awdiv	;wreg free
   747   000688  C007  F019         	movff	?___awdiv,set_servo_angle@index
   748   00068C  C008  F01A         	movff	?___awdiv+1,set_servo_angle@index+1
   749   000690                     
   750                           ;hard.c: 181:     if (index < 0) index = 0;
   751   000690  BE1A               	btfsc	(set_servo_angle@index+1)^0,7,c
   752   000692  EF4F  F003         	goto	i2u31_40
   753   000696  EF4D  F003         	goto	i2u31_41
   754   00069A                     i2u31_41:
   755   00069A  EF53  F003         	goto	i2l1007
   756   00069E                     i2u31_40:
   757   00069E  0E00               	movlw	0
   758   0006A0  6E1A               	movwf	(set_servo_angle@index+1)^0,c
   759   0006A2  0E00               	movlw	0
   760   0006A4  6E19               	movwf	set_servo_angle@index^0,c
   761   0006A6                     i2l1007:
   762                           
   763                           ;hard.c: 182:     if (index > 36) index = 36;
   764   0006A6  BE1A               	btfsc	(set_servo_angle@index+1)^0,7,c
   765   0006A8  EF5F  F003         	goto	i2u32_41
   766   0006AC  501A               	movf	(set_servo_angle@index+1)^0,w,c
   767   0006AE  E109               	bnz	i2u32_40
   768   0006B0  0E25               	movlw	37
   769   0006B2  5C19               	subwf	set_servo_angle@index^0,w,c
   770   0006B4  A0D8               	btfss	status,0,c
   771   0006B6  EF5F  F003         	goto	i2u32_41
   772   0006BA  EF61  F003         	goto	i2u32_40
   773   0006BE                     i2u32_41:
   774   0006BE  EF65  F003         	goto	i2l1011
   775   0006C2                     i2u32_40:
   776   0006C2  0E00               	movlw	0
   777   0006C4  6E1A               	movwf	(set_servo_angle@index+1)^0,c
   778   0006C6  0E24               	movlw	36
   779   0006C8  6E19               	movwf	set_servo_angle@index^0,c
   780   0006CA                     i2l1011:
   781                           
   782                           ;hard.c: 185:     CCPR1L = angle_table[index][0];
   783   0006CA  5019               	movf	set_servo_angle@index^0,w,c
   784   0006CC  0D02               	mullw	2
   785   0006CE  50F3               	movf	243,w,c
   786   0006D0  0F01               	addlw	low set_servo_angle@angle_table
   787   0006D2  6E11               	movwf	??_set_servo_angle^0,c
   788   0006D4  C011  FFF6         	movff	??_set_servo_angle,tblptrl
   789   0006D8                     	if	0	;There is only one active tblptr byte
   790   0006D8                     	endif
   791   0006D8                     	if	0	;tblptru may be non-zero
   792   0006D8                     	endif
   793   0006D8                     	if	0	;tblptru may be non-zero
   794   0006D8                     	endif
   795   0006D8  0008               	tblrd		*
   796   0006DA  CFF5 FFBE          	movff	tablat,4030	;volatile
   797   0006DE                     
   798                           ;hard.c: 186:     CCP1CONbits.DC1B = angle_table[index][1];
   799   0006DE  5019               	movf	set_servo_angle@index^0,w,c
   800   0006E0  0D02               	mullw	2
   801   0006E2  CFF3 F011          	movff	prodl,??_set_servo_angle
   802   0006E6  0E01               	movlw	1
   803   0006E8  2611               	addwf	??_set_servo_angle^0,f,c
   804   0006EA  5011               	movf	??_set_servo_angle^0,w,c
   805   0006EC  0F01               	addlw	low set_servo_angle@angle_table
   806   0006EE  6E12               	movwf	(??_set_servo_angle+1)^0,c
   807   0006F0  C012  FFF6         	movff	??_set_servo_angle+1,tblptrl
   808   0006F4                     	if	0	;There is only one active tblptr byte
   809   0006F4                     	endif
   810   0006F4                     	if	0	;tblptru may be non-zero
   811   0006F4                     	endif
   812   0006F4                     	if	0	;tblptru may be non-zero
   813   0006F4                     	endif
   814   0006F4  0008               	tblrd		*
   815   0006F6  CFF5 F013          	movff	tablat,??_set_servo_angle+2
   816   0006FA  3A13               	swapf	(??_set_servo_angle+2)^0,f,c
   817   0006FC  50BD               	movf	189,w,c	;volatile
   818   0006FE  1813               	xorwf	(??_set_servo_angle+2)^0,w,c
   819   000700  0BCF               	andlw	-49
   820   000702  1813               	xorwf	(??_set_servo_angle+2)^0,w,c
   821   000704  6EBD               	movwf	189,c	;volatile
   822   000706                     
   823                           ;hard.c: 188:     unsigned long led_duty = (index * 900) / 36;
   824   000706  C019  F001         	movff	set_servo_angle@index,___wmul@multiplier
   825   00070A  C01A  F002         	movff	set_servo_angle@index+1,___wmul@multiplier+1
   826   00070E  0E03               	movlw	3
   827   000710  6E04               	movwf	(___wmul@multiplicand+1)^0,c
   828   000712  0E84               	movlw	132
   829   000714  6E03               	movwf	___wmul@multiplicand^0,c
   830   000716  EC3A  F005         	call	___wmul	;wreg free
   831   00071A  C001  F007         	movff	?___wmul,___awdiv@dividend
   832   00071E  C002  F008         	movff	?___wmul+1,___awdiv@dividend+1
   833   000722  0E00               	movlw	0
   834   000724  6E0A               	movwf	(___awdiv@divisor+1)^0,c
   835   000726  0E24               	movlw	36
   836   000728  6E09               	movwf	___awdiv@divisor^0,c
   837   00072A  EC55  F004         	call	___awdiv	;wreg free
   838   00072E  C007  F015         	movff	?___awdiv,set_servo_angle@led_duty
   839   000732  C008  F016         	movff	?___awdiv+1,set_servo_angle@led_duty+1
   840   000736  0E00               	movlw	0
   841   000738  BE16               	btfsc	(set_servo_angle@led_duty+1)^0,7,c
   842   00073A  0EFF               	movlw	-1
   843   00073C  6E17               	movwf	(set_servo_angle@led_duty+2)^0,c
   844   00073E  6E18               	movwf	(set_servo_angle@led_duty+3)^0,c
   845   000740                     
   846                           ;hard.c: 199:     CCPR2L = (uint8_t)(led_duty >> 2);
   847   000740  C015  F011         	movff	set_servo_angle@led_duty,??_set_servo_angle
   848   000744  C016  F012         	movff	set_servo_angle@led_duty+1,??_set_servo_angle+1
   849   000748  C017  F013         	movff	set_servo_angle@led_duty+2,??_set_servo_angle+2
   850   00074C  C018  F014         	movff	set_servo_angle@led_duty+3,??_set_servo_angle+3
   851   000750  0E03               	movlw	3
   852   000752  EFB0  F003         	goto	i2u33_40
   853   000756                     i2u33_45:
   854   000756  90D8               	bcf	status,0,c
   855   000758  3214               	rrcf	(??_set_servo_angle+3)^0,f,c
   856   00075A  3213               	rrcf	(??_set_servo_angle+2)^0,f,c
   857   00075C  3212               	rrcf	(??_set_servo_angle+1)^0,f,c
   858   00075E  3211               	rrcf	??_set_servo_angle^0,f,c
   859   000760                     i2u33_40:
   860   000760  2EE8               	decfsz	wreg,f,c
   861   000762  EFAB  F003         	goto	i2u33_45
   862   000766  5011               	movf	??_set_servo_angle^0,w,c
   863   000768  6EBB               	movwf	187,c	;volatile
   864   00076A                     
   865                           ;hard.c: 200:     CCP2CONbits.DC2B = (uint8_t)(led_duty & 0x03);
   866   00076A  C015  F011         	movff	set_servo_angle@led_duty,??_set_servo_angle
   867   00076E  0E03               	movlw	3
   868   000770  1611               	andwf	??_set_servo_angle^0,f,c
   869   000772  3A11               	swapf	??_set_servo_angle^0,f,c
   870   000774  50BA               	movf	186,w,c	;volatile
   871   000776  1811               	xorwf	??_set_servo_angle^0,w,c
   872   000778  0BCF               	andlw	-49
   873   00077A  1811               	xorwf	??_set_servo_angle^0,w,c
   874   00077C  6EBA               	movwf	186,c	;volatile
   875   00077E                     
   876                           ;hard.c: 202:     _delay((unsigned long)((50)*(125000/4000000.0)));
   877   00077E  0000               	nop	
   878   000780  0012               	return		;funcret
   879   000782                     __end_of_set_servo_angle:
   880                           	callstack 0
   881                           
   882 ;; *************** function _clamp *****************
   883 ;; Defined at:
   884 ;;		line 205 in file "hard.c"
   885 ;; Parameters:    Size  Location     Type
   886 ;;  val             2    0[COMRAM] int 
   887 ;;  min             2    2[COMRAM] int 
   888 ;;  max             2    4[COMRAM] int 
   889 ;; Auto vars:     Size  Location     Type
   890 ;;		None
   891 ;; Return value:  Size  Location     Type
   892 ;;                  2    0[COMRAM] int 
   893 ;; Registers used:
   894 ;;		wreg, status,2, status,0
   895 ;; Tracked objects:
   896 ;;		On entry : 0/0
   897 ;;		On exit  : 0/0
   898 ;;		Unchanged: 0/0
   899 ;; Data sizes:     COMRAM   BANK0   BANK1   BANK2   BANK3   BANK4   BANK5
   900 ;;      Params:         6       0       0       0       0       0       0
   901 ;;      Locals:         0       0       0       0       0       0       0
   902 ;;      Temps:          1       0       0       0       0       0       0
   903 ;;      Totals:         7       0       0       0       0       0       0
   904 ;;Total ram usage:        7 bytes
   905 ;; Hardware stack levels used: 1
   906 ;; This function calls:
   907 ;;		Nothing
   908 ;; This function is called by:
   909 ;;		_set_servo_angle
   910 ;; This function uses a non-reentrant model
   911 ;;
   912                           
   913                           	psect	text3
   914   0009E0                     __ptext3:
   915                           	callstack 0
   916   0009E0                     _clamp:
   917                           	callstack 28
   918   0009E0                     
   919                           ;hard.c: 206:     if (val < min) return min;
   920   0009E0  5003               	movf	clamp@min^0,w,c
   921   0009E2  5C01               	subwf	clamp@val^0,w,c
   922   0009E4  5002               	movf	(clamp@val+1)^0,w,c
   923   0009E6  0A80               	xorlw	128
   924   0009E8  6E07               	movwf	??_clamp^0,c
   925   0009EA  5004               	movf	(clamp@min+1)^0,w,c
   926   0009EC  0A80               	xorlw	128
   927   0009EE  5807               	subwfb	??_clamp^0,w,c
   928   0009F0  B0D8               	btfsc	status,0,c
   929   0009F2  EFFD  F004         	goto	i2u23_41
   930   0009F6  EFFF  F004         	goto	i2u23_40
   931   0009FA                     i2u23_41:
   932   0009FA  EF05  F005         	goto	i2l947
   933   0009FE                     i2u23_40:
   934   0009FE  C003  F001         	movff	clamp@min,?_clamp
   935   000A02  C004  F002         	movff	clamp@min+1,?_clamp+1
   936   000A06  EF1E  F005         	goto	i2l96
   937   000A0A                     i2l947:
   938                           
   939                           ;hard.c: 207:     if (val > max) return max;
   940   000A0A  5001               	movf	clamp@val^0,w,c
   941   000A0C  5C05               	subwf	clamp@max^0,w,c
   942   000A0E  5006               	movf	(clamp@max+1)^0,w,c
   943   000A10  0A80               	xorlw	128
   944   000A12  6E07               	movwf	??_clamp^0,c
   945   000A14  5002               	movf	(clamp@val+1)^0,w,c
   946   000A16  0A80               	xorlw	128
   947   000A18  5807               	subwfb	??_clamp^0,w,c
   948   000A1A  B0D8               	btfsc	status,0,c
   949   000A1C  EF12  F005         	goto	i2u24_41
   950   000A20  EF14  F005         	goto	i2u24_40
   951   000A24                     i2u24_41:
   952   000A24  EF1A  F005         	goto	i2l97
   953   000A28                     i2u24_40:
   954   000A28  C005  F001         	movff	clamp@max,?_clamp
   955   000A2C  C006  F002         	movff	clamp@max+1,?_clamp+1
   956   000A30  EF1E  F005         	goto	i2l96
   957   000A34                     i2l97:
   958                           
   959                           ;hard.c: 208:     return val;
   960   000A34  C001  F001         	movff	clamp@val,?_clamp
   961   000A38  C002  F002         	movff	clamp@val+1,?_clamp+1
   962   000A3C                     i2l96:
   963   000A3C  0012               	return		;funcret
   964   000A3E                     __end_of_clamp:
   965                           	callstack 0
   966                           
   967 ;; *************** function ___wmul *****************
   968 ;; Defined at:
   969 ;;		line 15 in file "C:\Program Files\Microchip\xc8\v2.46\pic\sources\c99\common\Umul16.c"
   970 ;; Parameters:    Size  Location     Type
   971 ;;  multiplier      2    0[COMRAM] unsigned int 
   972 ;;  multiplicand    2    2[COMRAM] unsigned int 
   973 ;; Auto vars:     Size  Location     Type
   974 ;;  product         2    4[COMRAM] unsigned int 
   975 ;; Return value:  Size  Location     Type
   976 ;;                  2    0[COMRAM] unsigned int 
   977 ;; Registers used:
   978 ;;		wreg, status,2, status,0, prodl, prodh
   979 ;; Tracked objects:
   980 ;;		On entry : 0/0
   981 ;;		On exit  : 0/0
   982 ;;		Unchanged: 0/0
   983 ;; Data sizes:     COMRAM   BANK0   BANK1   BANK2   BANK3   BANK4   BANK5
   984 ;;      Params:         4       0       0       0       0       0       0
   985 ;;      Locals:         2       0       0       0       0       0       0
   986 ;;      Temps:          0       0       0       0       0       0       0
   987 ;;      Totals:         6       0       0       0       0       0       0
   988 ;;Total ram usage:        6 bytes
   989 ;; Hardware stack levels used: 1
   990 ;; This function calls:
   991 ;;		Nothing
   992 ;; This function is called by:
   993 ;;		_ISR
   994 ;;		_set_servo_angle
   995 ;; This function uses a non-reentrant model
   996 ;;
   997                           
   998                           	psect	text4
   999   000A74                     __ptext4:
  1000                           	callstack 0
  1001   000A74                     ___wmul:
  1002                           	callstack 28
  1003   000A74  5001               	movf	___wmul@multiplier^0,w,c
  1004   000A76  0203               	mulwf	___wmul@multiplicand^0,c
  1005   000A78  CFF3 F005          	movff	prodl,___wmul@product
  1006   000A7C  CFF4 F006          	movff	prodh,___wmul@product+1
  1007   000A80  5001               	movf	___wmul@multiplier^0,w,c
  1008   000A82  0204               	mulwf	(___wmul@multiplicand+1)^0,c
  1009   000A84  50F3               	movf	243,w,c
  1010   000A86  2606               	addwf	(___wmul@product+1)^0,f,c
  1011   000A88  5002               	movf	(___wmul@multiplier+1)^0,w,c
  1012   000A8A  0203               	mulwf	___wmul@multiplicand^0,c
  1013   000A8C  50F3               	movf	243,w,c
  1014   000A8E  2606               	addwf	(___wmul@product+1)^0,f,c
  1015   000A90  C005  F001         	movff	___wmul@product,?___wmul
  1016   000A94  C006  F002         	movff	___wmul@product+1,?___wmul+1
  1017   000A98  0012               	return		;funcret
  1018   000A9A                     __end_of___wmul:
  1019                           	callstack 0
  1020                           
  1021 ;; *************** function ___awdiv *****************
  1022 ;; Defined at:
  1023 ;;		line 7 in file "C:\Program Files\Microchip\xc8\v2.46\pic\sources\c99\common\awdiv.c"
  1024 ;; Parameters:    Size  Location     Type
  1025 ;;  dividend        2    6[COMRAM] int 
  1026 ;;  divisor         2    8[COMRAM] int 
  1027 ;; Auto vars:     Size  Location     Type
  1028 ;;  quotient        2   12[COMRAM] int 
  1029 ;;  sign            1   11[COMRAM] unsigned char 
  1030 ;;  counter         1   10[COMRAM] unsigned char 
  1031 ;; Return value:  Size  Location     Type
  1032 ;;                  2    6[COMRAM] int 
  1033 ;; Registers used:
  1034 ;;		wreg, status,2, status,0
  1035 ;; Tracked objects:
  1036 ;;		On entry : 0/0
  1037 ;;		On exit  : 0/0
  1038 ;;		Unchanged: 0/0
  1039 ;; Data sizes:     COMRAM   BANK0   BANK1   BANK2   BANK3   BANK4   BANK5
  1040 ;;      Params:         4       0       0       0       0       0       0
  1041 ;;      Locals:         4       0       0       0       0       0       0
  1042 ;;      Temps:          0       0       0       0       0       0       0
  1043 ;;      Totals:         8       0       0       0       0       0       0
  1044 ;;Total ram usage:        8 bytes
  1045 ;; Hardware stack levels used: 1
  1046 ;; This function calls:
  1047 ;;		Nothing
  1048 ;; This function is called by:
  1049 ;;		_set_servo_angle
  1050 ;; This function uses a non-reentrant model
  1051 ;;
  1052                           
  1053                           	psect	text5
  1054   0008AA                     __ptext5:
  1055                           	callstack 0
  1056   0008AA                     ___awdiv:
  1057                           	callstack 28
  1058   0008AA  0E00               	movlw	0
  1059   0008AC  6E0C               	movwf	___awdiv@sign^0,c
  1060   0008AE  BE0A               	btfsc	(___awdiv@divisor+1)^0,7,c
  1061   0008B0  EF5E  F004         	goto	i2u25_40
  1062   0008B4  EF5C  F004         	goto	i2u25_41
  1063   0008B8                     i2u25_41:
  1064   0008B8  EF64  F004         	goto	i2l965
  1065   0008BC                     i2u25_40:
  1066   0008BC  6C09               	negf	___awdiv@divisor^0,c
  1067   0008BE  1E0A               	comf	(___awdiv@divisor+1)^0,f,c
  1068   0008C0  B0D8               	btfsc	status,0,c
  1069   0008C2  2A0A               	incf	(___awdiv@divisor+1)^0,f,c
  1070   0008C4  0E01               	movlw	1
  1071   0008C6  6E0C               	movwf	___awdiv@sign^0,c
  1072   0008C8                     i2l965:
  1073   0008C8  BE08               	btfsc	(___awdiv@dividend+1)^0,7,c
  1074   0008CA  EF6B  F004         	goto	i2u26_40
  1075   0008CE  EF69  F004         	goto	i2u26_41
  1076   0008D2                     i2u26_41:
  1077   0008D2  EF71  F004         	goto	i2l971
  1078   0008D6                     i2u26_40:
  1079   0008D6  6C07               	negf	___awdiv@dividend^0,c
  1080   0008D8  1E08               	comf	(___awdiv@dividend+1)^0,f,c
  1081   0008DA  B0D8               	btfsc	status,0,c
  1082   0008DC  2A08               	incf	(___awdiv@dividend+1)^0,f,c
  1083   0008DE  0E01               	movlw	1
  1084   0008E0  1A0C               	xorwf	___awdiv@sign^0,f,c
  1085   0008E2                     i2l971:
  1086   0008E2  0E00               	movlw	0
  1087   0008E4  6E0E               	movwf	(___awdiv@quotient+1)^0,c
  1088   0008E6  0E00               	movlw	0
  1089   0008E8  6E0D               	movwf	___awdiv@quotient^0,c
  1090   0008EA  5009               	movf	___awdiv@divisor^0,w,c
  1091   0008EC  100A               	iorwf	(___awdiv@divisor+1)^0,w,c
  1092   0008EE  B4D8               	btfsc	status,2,c
  1093   0008F0  EF7C  F004         	goto	i2u27_41
  1094   0008F4  EF7E  F004         	goto	i2u27_40
  1095   0008F8                     i2u27_41:
  1096   0008F8  EFA6  F004         	goto	i2l993
  1097   0008FC                     i2u27_40:
  1098   0008FC  0E01               	movlw	1
  1099   0008FE  6E0B               	movwf	___awdiv@counter^0,c
  1100   000900  EF86  F004         	goto	i2l979
  1101   000904                     i2l977:
  1102   000904  90D8               	bcf	status,0,c
  1103   000906  3609               	rlcf	___awdiv@divisor^0,f,c
  1104   000908  360A               	rlcf	(___awdiv@divisor+1)^0,f,c
  1105   00090A  2A0B               	incf	___awdiv@counter^0,f,c
  1106   00090C                     i2l979:
  1107   00090C  AE0A               	btfss	(___awdiv@divisor+1)^0,7,c
  1108   00090E  EF8B  F004         	goto	i2u28_41
  1109   000912  EF8D  F004         	goto	i2u28_40
  1110   000916                     i2u28_41:
  1111   000916  EF82  F004         	goto	i2l977
  1112   00091A                     i2u28_40:
  1113   00091A                     i2l981:
  1114   00091A  90D8               	bcf	status,0,c
  1115   00091C  360D               	rlcf	___awdiv@quotient^0,f,c
  1116   00091E  360E               	rlcf	(___awdiv@quotient+1)^0,f,c
  1117   000920  5009               	movf	___awdiv@divisor^0,w,c
  1118   000922  5C07               	subwf	___awdiv@dividend^0,w,c
  1119   000924  500A               	movf	(___awdiv@divisor+1)^0,w,c
  1120   000926  5808               	subwfb	(___awdiv@dividend+1)^0,w,c
  1121   000928  A0D8               	btfss	status,0,c
  1122   00092A  EF99  F004         	goto	i2u29_41
  1123   00092E  EF9B  F004         	goto	i2u29_40
  1124   000932                     i2u29_41:
  1125   000932  EFA0  F004         	goto	i2l989
  1126   000936                     i2u29_40:
  1127   000936  5009               	movf	___awdiv@divisor^0,w,c
  1128   000938  5E07               	subwf	___awdiv@dividend^0,f,c
  1129   00093A  500A               	movf	(___awdiv@divisor+1)^0,w,c
  1130   00093C  5A08               	subwfb	(___awdiv@dividend+1)^0,f,c
  1131   00093E  800D               	bsf	___awdiv@quotient^0,0,c
  1132   000940                     i2l989:
  1133   000940  90D8               	bcf	status,0,c
  1134   000942  320A               	rrcf	(___awdiv@divisor+1)^0,f,c
  1135   000944  3209               	rrcf	___awdiv@divisor^0,f,c
  1136   000946  2E0B               	decfsz	___awdiv@counter^0,f,c
  1137   000948  EF8D  F004         	goto	i2l981
  1138   00094C                     i2l993:
  1139   00094C  500C               	movf	___awdiv@sign^0,w,c
  1140   00094E  B4D8               	btfsc	status,2,c
  1141   000950  EFAC  F004         	goto	i2u30_41
  1142   000954  EFAE  F004         	goto	i2u30_40
  1143   000958                     i2u30_41:
  1144   000958  EFB2  F004         	goto	i2l997
  1145   00095C                     i2u30_40:
  1146   00095C  6C0D               	negf	___awdiv@quotient^0,c
  1147   00095E  1E0E               	comf	(___awdiv@quotient+1)^0,f,c
  1148   000960  B0D8               	btfsc	status,0,c
  1149   000962  2A0E               	incf	(___awdiv@quotient+1)^0,f,c
  1150   000964                     i2l997:
  1151   000964  C00D  F007         	movff	___awdiv@quotient,?___awdiv
  1152   000968  C00E  F008         	movff	___awdiv@quotient+1,?___awdiv+1
  1153   00096C  0012               	return		;funcret
  1154   00096E                     __end_of___awdiv:
  1155                           	callstack 0
  1156                           
  1157                           	psect	rparam
  1158   000000                     
  1159                           	psect	temp
  1160   000027                     btemp:
  1161                           	callstack 0
  1162   000027                     	ds	1
  1163   000000                     int$flags	set	btemp
  1164   000000                     wtemp8	set	btemp+1
  1165   000000                     ttemp5	set	btemp+1
  1166   000000                     ttemp6	set	btemp+4
  1167   000000                     ttemp7	set	btemp+8
  1168                           
  1169                           	psect	idloc
  1170                           
  1171                           ;Config register IDLOC0 @ 0x200000
  1172                           ;	unspecified, using default values
  1173   200000                     	org	2097152
  1174   200000  FF                 	db	255
  1175                           
  1176                           ;Config register IDLOC1 @ 0x200001
  1177                           ;	unspecified, using default values
  1178   200001                     	org	2097153
  1179   200001  FF                 	db	255
  1180                           
  1181                           ;Config register IDLOC2 @ 0x200002
  1182                           ;	unspecified, using default values
  1183   200002                     	org	2097154
  1184   200002  FF                 	db	255
  1185                           
  1186                           ;Config register IDLOC3 @ 0x200003
  1187                           ;	unspecified, using default values
  1188   200003                     	org	2097155
  1189   200003  FF                 	db	255
  1190                           
  1191                           ;Config register IDLOC4 @ 0x200004
  1192                           ;	unspecified, using default values
  1193   200004                     	org	2097156
  1194   200004  FF                 	db	255
  1195                           
  1196                           ;Config register IDLOC5 @ 0x200005
  1197                           ;	unspecified, using default values
  1198   200005                     	org	2097157
  1199   200005  FF                 	db	255
  1200                           
  1201                           ;Config register IDLOC6 @ 0x200006
  1202                           ;	unspecified, using default values
  1203   200006                     	org	2097158
  1204   200006  FF                 	db	255
  1205                           
  1206                           ;Config register IDLOC7 @ 0x200007
  1207                           ;	unspecified, using default values
  1208   200007                     	org	2097159
  1209   200007  FF                 	db	255
  1210                           
  1211                           	psect	config
  1212                           
  1213                           ; Padding undefined space
  1214   300000                     	org	3145728
  1215   300000  FF                 	db	255
  1216                           
  1217                           ;Config register CONFIG1H @ 0x300001
  1218                           ;	Oscillator Selection bits
  1219                           ;	OSC = INTIO67, Internal oscillator block, port function on RA6 and RA7
  1220                           ;	Fail-Safe Clock Monitor Enable bit
  1221                           ;	FCMEN = 0x0, unprogrammed default
  1222                           ;	Internal/External Oscillator Switchover bit
  1223                           ;	IESO = 0x0, unprogrammed default
  1224   300001                     	org	3145729
  1225   300001  08                 	db	8
  1226                           
  1227                           ;Config register CONFIG2L @ 0x300002
  1228                           ;	Power-up Timer Enable bit
  1229                           ;	PWRT = OFF, PWRT disabled
  1230                           ;	Brown-out Reset Enable bits
  1231                           ;	BOREN = ON, Brown-out Reset enabled and controlled by software (SBOREN is enabled)
  1232                           ;	Brown Out Reset Voltage bits
  1233                           ;	BORV = 0x3, unprogrammed default
  1234   300002                     	org	3145730
  1235   300002  1B                 	db	27
  1236                           
  1237                           ;Config register CONFIG2H @ 0x300003
  1238                           ;	Watchdog Timer Enable bit
  1239                           ;	WDT = OFF, WDT disabled (control is placed on the SWDTEN bit)
  1240                           ;	Watchdog Timer Postscale Select bits
  1241                           ;	WDTPS = 0xF, unprogrammed default
  1242   300003                     	org	3145731
  1243   300003  1E                 	db	30
  1244                           
  1245                           ; Padding undefined space
  1246   300004                     	org	3145732
  1247   300004  FF                 	db	255
  1248                           
  1249                           ;Config register CONFIG3H @ 0x300005
  1250                           ;	CCP2 MUX bit
  1251                           ;	CCP2MX = 0x1, unprogrammed default
  1252                           ;	PORTB A/D Enable bit
  1253                           ;	PBADEN = OFF, PORTB<4:0> pins are configured as digital I/O on Reset
  1254                           ;	Low-Power Timer1 Oscillator Enable bit
  1255                           ;	LPT1OSC = 0x0, unprogrammed default
  1256                           ;	MCLR Pin Enable bit
  1257                           ;	MCLRE = 0x1, unprogrammed default
  1258   300005                     	org	3145733
  1259   300005  81                 	db	129
  1260                           
  1261                           ;Config register CONFIG4L @ 0x300006
  1262                           ;	Stack Full/Underflow Reset Enable bit
  1263                           ;	STVREN = 0x1, unprogrammed default
  1264                           ;	Single-Supply ICSP Enable bit
  1265                           ;	LVP = OFF, Single-Supply ICSP disabled
  1266                           ;	Extended Instruction Set Enable bit
  1267                           ;	XINST = 0x0, unprogrammed default
  1268                           ;	Background Debugger Enable bit
  1269                           ;	DEBUG = 0x1, unprogrammed default
  1270   300006                     	org	3145734
  1271   300006  81                 	db	129
  1272                           
  1273                           ; Padding undefined space
  1274   300007                     	org	3145735
  1275   300007  FF                 	db	255
  1276                           
  1277                           ;Config register CONFIG5L @ 0x300008
  1278                           ;	unspecified, using default values
  1279                           ;	Code Protection bit
  1280                           ;	CP0 = 0x1, unprogrammed default
  1281                           ;	Code Protection bit
  1282                           ;	CP1 = 0x1, unprogrammed default
  1283                           ;	Code Protection bit
  1284                           ;	CP2 = 0x1, unprogrammed default
  1285                           ;	Code Protection bit
  1286                           ;	CP3 = 0x1, unprogrammed default
  1287   300008                     	org	3145736
  1288   300008  0F                 	db	15
  1289                           
  1290                           ;Config register CONFIG5H @ 0x300009
  1291                           ;	Boot Block Code Protection bit
  1292                           ;	CPB = 0x1, unprogrammed default
  1293                           ;	Data EEPROM Code Protection bit
  1294                           ;	CPD = OFF, Data EEPROM not code-protected
  1295   300009                     	org	3145737
  1296   300009  C0                 	db	192
  1297                           
  1298                           ;Config register CONFIG6L @ 0x30000A
  1299                           ;	unspecified, using default values
  1300                           ;	Write Protection bit
  1301                           ;	WRT0 = 0x1, unprogrammed default
  1302                           ;	Write Protection bit
  1303                           ;	WRT1 = 0x1, unprogrammed default
  1304                           ;	Write Protection bit
  1305                           ;	WRT2 = 0x1, unprogrammed default
  1306                           ;	Write Protection bit
  1307                           ;	WRT3 = 0x1, unprogrammed default
  1308   30000A                     	org	3145738
  1309   30000A  0F                 	db	15
  1310                           
  1311                           ;Config register CONFIG6H @ 0x30000B
  1312                           ;	unspecified, using default values
  1313                           ;	Configuration Register Write Protection bit
  1314                           ;	WRTC = 0x1, unprogrammed default
  1315                           ;	Boot Block Write Protection bit
  1316                           ;	WRTB = 0x1, unprogrammed default
  1317                           ;	Data EEPROM Write Protection bit
  1318                           ;	WRTD = 0x1, unprogrammed default
  1319   30000B                     	org	3145739
  1320   30000B  E0                 	db	224
  1321                           
  1322                           ;Config register CONFIG7L @ 0x30000C
  1323                           ;	unspecified, using default values
  1324                           ;	Table Read Protection bit
  1325                           ;	EBTR0 = 0x1, unprogrammed default
  1326                           ;	Table Read Protection bit
  1327                           ;	EBTR1 = 0x1, unprogrammed default
  1328                           ;	Table Read Protection bit
  1329                           ;	EBTR2 = 0x1, unprogrammed default
  1330                           ;	Table Read Protection bit
  1331                           ;	EBTR3 = 0x1, unprogrammed default
  1332   30000C                     	org	3145740
  1333   30000C  0F                 	db	15
  1334                           
  1335                           ;Config register CONFIG7H @ 0x30000D
  1336                           ;	unspecified, using default values
  1337                           ;	Boot Block Table Read Protection bit
  1338                           ;	EBTRB = 0x1, unprogrammed default
  1339   30000D                     	org	3145741
  1340   30000D  40                 	db	64
  1341                           tosu	equ	0xFFF
  1342                           tosh	equ	0xFFE
  1343                           tosl	equ	0xFFD
  1344                           stkptr	equ	0xFFC
  1345                           pclatu	equ	0xFFB
  1346                           pclath	equ	0xFFA
  1347                           pcl	equ	0xFF9
  1348                           tblptru	equ	0xFF8
  1349                           tblptrh	equ	0xFF7
  1350                           tblptrl	equ	0xFF6
  1351                           tablat	equ	0xFF5
  1352                           prodh	equ	0xFF4
  1353                           prodl	equ	0xFF3
  1354                           indf0	equ	0xFEF
  1355                           postinc0	equ	0xFEE
  1356                           postdec0	equ	0xFED
  1357                           preinc0	equ	0xFEC
  1358                           plusw0	equ	0xFEB
  1359                           fsr0h	equ	0xFEA
  1360                           fsr0l	equ	0xFE9
  1361                           wreg	equ	0xFE8
  1362                           indf1	equ	0xFE7
  1363                           postinc1	equ	0xFE6
  1364                           postdec1	equ	0xFE5
  1365                           preinc1	equ	0xFE4
  1366                           plusw1	equ	0xFE3
  1367                           fsr1h	equ	0xFE2
  1368                           fsr1l	equ	0xFE1
  1369                           bsr	equ	0xFE0
  1370                           indf2	equ	0xFDF
  1371                           postinc2	equ	0xFDE
  1372                           postdec2	equ	0xFDD
  1373                           preinc2	equ	0xFDC
  1374                           plusw2	equ	0xFDB
  1375                           fsr2h	equ	0xFDA
  1376                           fsr2l	equ	0xFD9
  1377                           status	equ	0xFD8

Data Sizes:
    Strings     0
    Constant    74
    Data        4
    BSS         2
    Persistent  0
    Stack       0

Auto Spaces:
    Space          Size  Autos    Used
    COMRAM          126     32      38
    BANK0           128      0       0
    BANK1           256      0       0
    BANK2           256      0       0
    BANK3           256      0       0
    BANK4           256      0       0
    BANK5           244      0       0

Pointer List with Targets:

    None.

Critical Paths under _main in COMRAM

    None.

Critical Paths under _ISR in COMRAM

    _ISR->_set_servo_angle
    _set_servo_angle->___awdiv
    ___awdiv->___wmul

Critical Paths under _main in BANK0

    None.

Critical Paths under _ISR in BANK0

    None.

Critical Paths under _main in BANK1

    None.

Critical Paths under _ISR in BANK1

    None.

Critical Paths under _main in BANK2

    None.

Critical Paths under _ISR in BANK2

    None.

Critical Paths under _main in BANK3

    None.

Critical Paths under _ISR in BANK3

    None.

Critical Paths under _main in BANK4

    None.

Critical Paths under _ISR in BANK4

    None.

Critical Paths under _main in BANK5

    None.

Critical Paths under _ISR in BANK5

    None.

Call Graph Tables:

 ---------------------------------------------------------------------------------
 (Depth) Function   	        Calls       Base Space   Used Autos Params    Refs
 ---------------------------------------------------------------------------------
 (0) _main                                                 2     2      0      30
 ---------------------------------------------------------------------------------
 Estimated maximum stack depth 0
 ---------------------------------------------------------------------------------
 (Depth) Function   	        Calls       Base Space   Used Autos Params    Refs
 ---------------------------------------------------------------------------------
 (1) _ISR                                                  8     8      0    2388
                                             26 COMRAM     6     6      0
                             ___wmul
                    _set_servo_angle
 ---------------------------------------------------------------------------------
 (2) _set_servo_angle                                     12    10      2    1880
                                             14 COMRAM    12    10      2
                            ___awdiv
                             ___wmul
                              _clamp
 ---------------------------------------------------------------------------------
 (3) _clamp                                                7     1      6     382
                                              0 COMRAM     7     1      6
 ---------------------------------------------------------------------------------
 (3) ___wmul                                               6     2      4     463
                                              0 COMRAM     6     2      4
 ---------------------------------------------------------------------------------
 (3) ___awdiv                                              8     4      4     604
                                              6 COMRAM     8     4      4
                             ___wmul (ARG)
 ---------------------------------------------------------------------------------
 Estimated maximum stack depth 3
 ---------------------------------------------------------------------------------

 Call Graph Graphs:

 _main (ROOT)

 _ISR (ROOT)
   ___wmul
   _set_servo_angle
     ___awdiv
       ___wmul (ARG)
     ___wmul
     _clamp

 Address spaces:
Name               Size   Autos  Total    Cost      Usage
BIGRAM             5F3      0       0      30        0.0%
EEDATA             100      0       0       0        0.0%
BITBANK4           100      0       0      11        0.0%
BANK4              100      0       0      12        0.0%
BITBANK3           100      0       0       9        0.0%
BANK3              100      0       0      10        0.0%
BITBANK2           100      0       0       7        0.0%
BANK2              100      0       0       8        0.0%
BITBANK1           100      0       0       5        0.0%
BANK1              100      0       0       6        0.0%
BITBANK5            F4      0       0      13        0.0%
BANK5               F4      0       0      14        0.0%
BITBANK0            80      0       0       3        0.0%
BANK0               80      0       0       4        0.0%
BITCOMRAM           7E      0       0       0        0.0%
COMRAM              7E     20      26       1       30.2%
BITBIGSFR_1hlll     1B      0       0      24        0.0%
BITBIGSFR_1hllh      B      0       0      22        0.0%
BITBIGSFRhll         A      0       0      27        0.0%
BITBIGSFR_5h         A      0       0      15        0.0%
BITBIGSFRhh          7      0       0      25        0.0%
BITBIGSFRhlh         6      0       0      26        0.0%
BITBIGSFR_2          6      0       0      19        0.0%
BITBIGSFR_1hh        3      0       0      20        0.0%
BITBIGSFR_4          3      0       0      17        0.0%
BITBIGSFR_3          3      0       0      18        0.0%
BITBIGSFR_1hlll      1      0       0      23        0.0%
BITBIGSFR_1hlh       1      0       0      21        0.0%
BITBIGSFR_5l         1      0       0      16        0.0%
BITBIGSFRl           1      0       0      28        0.0%
BIGSFR_5             0      0       0     200        0.0%
BIGSFR_4             0      0       0     200        0.0%
BIGSFR_3             0      0       0     200        0.0%
BIGSFR_2             0      0       0     200        0.0%
BIGSFR_1             0      0       0     200        0.0%
BIGSFR               0      0       0     200        0.0%
BITSFR_5             0      0       0     200        0.0%
SFR_5                0      0       0     200        0.0%
BITSFR_4             0      0       0     200        0.0%
SFR_4                0      0       0     200        0.0%
BITSFR_3             0      0       0     200        0.0%
SFR_3                0      0       0     200        0.0%
BITSFR_2             0      0       0     200        0.0%
SFR_2                0      0       0     200        0.0%
BITSFR_1             0      0       0     200        0.0%
SFR_1                0      0       0     200        0.0%
BITSFR               0      0       0     200        0.0%
SFR                  0      0       0     200        0.0%
STACK                0      0       0       2        0.0%
NULL                 0      0       0       0        0.0%
ABS                  0      0      26      29        0.0%
DATA                 0      0      26      31        0.0%
CODE                 0      0       0       0        0.0%


Microchip Technology PIC18 Macro Assembler V2.46 build 20240104201356 
Symbol Table                                                                                   Thu Nov 27 13:40:13 2025

                                l71 09D8                                  l72 09D8  
                      ___awdiv@sign 000C                 ___wmul@multiplicand 0003  
                               l901 098A                                 l911 09C4  
                               l903 098C                                 l921 09CE  
                               l913 09C6                                 l905 098E  
                               l915 09C8                                 l907 0990  
                               l917 09CA                                 l909 0992  
                               l919 09CC                                 l891 0976  
                               l893 0978                                 l895 097A  
                               l897 097C                                 l889 096E  
                               l899 0986                                 _GIE 7F97  
                               _PR2 0FCB                                 _ISR 0008  
                               wreg 0FE8                                ?_ISR 0001  
                              _PEIE 7F96                                i2l61 088E  
                              i2l92 0780                                i2l96 0A3C  
                              i2l97 0A34                                _main 096E  
                              fsr1l 0FE1                                btemp 0027  
                              prodh 0FF4                                prodl 0FF3  
                              start 000E                        ___param_bank 0000  
                             ??_ISR 001B                               ?_main 0001  
                   __end_of___awdiv 096E                     ___awdiv@divisor 0009  
                             i2l100 0A98                               i2l331 096C  
                             i2l951 0A74                               i2l943 09E0  
                             i2l961 08BC                               i2l953 0A90  
                             i2l945 09FE                               i2l971 08E2  
                             i2l963 08C4                               i2l947 0A0A  
                   ___awdiv@counter 000B                               i2l981 091A  
                             i2l973 08EA                               i2l965 08C8  
                             i2l957 08AA                               i2l949 0A28  
                             i2l991 0946                               i2l983 0920  
                             i2l975 08FC                               i2l967 08D6  
                             i2l959 08AE                               i2l985 0936  
                             i2l977 0904                               i2l993 094C  
                             i2l969 08DE                               i2l995 095C  
                             i2l987 093E                               i2l979 090C  
                             i2l997 0964                               i2l989 0940  
                             _TMR1H 0FCF                               _TMR1L 0FCE  
                             _angle 0023                               _clamp 09E0  
                             _state 0025                     _set_servo_angle 064C  
                             tablat 0FF5                               ttemp5 0028  
                             ttemp6 002B                               ttemp7 002F  
                             status 0FD8                               wtemp8 0028  
                   __initialization 0A3E                        __end_of_main 09E0  
                            ??_main 0021                       __activetblptr 0001  
                            ?_clamp 0001                              _CCPR1L 0FBE  
                            _CCPR2L 0FBB                    ___awdiv@dividend 0007  
                            _INT0IE 7F94                              _INT0IF 7F91  
                            i2l1001 064C                              i2l1011 06CA  
                            i2l1003 0690                              i2l1021 077E  
                            i2l1013 06DE                              i2l1005 069E  
                            i2l1015 0706                              i2l1007 06A6  
                            i2l1023 079C                              i2l1017 0740  
                            i2l1009 06C2                              i2l1041 07F8  
                            i2l1033 07CA                              i2l1025 07AA  
                            i2l1019 076A                              i2l1051 084E  
                            i2l1043 07FC                              i2l1027 07AC  
                            i2l1035 07E4                              i2l1053 0856  
                            i2l1045 080E                              i2l1037 07F2  
                            i2l1029 07B8                              i2l1055 0872  
                            i2l1047 082A                              i2l1039 07F4  
                            i2l1057 0882                              i2l1049 0846  
                            ___wmul 0A74                           ??___awdiv 000B  
                  ___awdiv@quotient 000D                              isa$std 0001  
                      __pdataCOMRAM 0021             __end_of_set_servo_angle 0782  
                      __mediumconst 0000                              tblptrh 0FF7  
                            tblptrl 0FF6                              tblptru 0FF8  
                        __accesstop 0080             __end_of__initialization 0A62  
                     ___rparam_used 0001                      __pcstackCOMRAM 0001  
                     __end_of_clamp 0A3E                             ??_clamp 0007  
                           ?___wmul 0001                             _INTEDG0 7F8E  
                  ?_set_servo_angle 000F                             i2u30_40 095C  
                           i2u30_41 0958                             i2u23_40 09FE  
                           i2u31_40 069E                             i2u23_41 09FA  
                           i2u31_41 069A                             i2u24_40 0A28  
                           i2u32_40 06C2                             i2u40_40 0846  
                           i2u24_41 0A24                             i2u32_41 06BE  
                           i2u40_41 0842                             i2u25_40 08BC  
                           i2u33_40 0760                             i2u41_40 0872  
                           i2u25_41 08B8                             i2u41_41 086E  
                           i2u33_45 0756                             i2u26_40 08D6  
                           i2u34_40 07AA                             i2u26_41 08D2  
                           i2u34_41 07A6                             i2u27_40 08FC  
                           i2u35_40 07C6                             i2u27_41 08F8  
                           i2u35_41 07C2                             i2u28_40 091A  
                           i2u36_40 07DE                             i2u28_41 0916  
                           i2u36_41 07D8                             i2u29_40 0936  
                           i2u37_40 07E0                             i2u29_41 0932  
                           i2u45_47 07AE                             i2u38_40 07F2  
                           i2u38_41 07EE                             i2u39_40 080E  
                           i2u39_41 080A  __end_ofset_servo_angle@angle_table 064B  
        set_servo_angle@angle_table 0601                             __Hparam 0000  
                           __Lparam 0000                             ___awdiv 08AA  
                      __psmallconst 0600                             __pcinit 0A3E  
                           __ramtop 0600                             __ptext0 096E  
                           __ptext2 064C                             __ptext3 09E0  
                           __ptext4 0A74                             __ptext5 08AA  
                         _T1CONbits 0FCD                           _T2CONbits 0FCA  
                    __pintcode_body 0782                end_of_initialization 0A62  
                           int_func 0782                             postdec1 0FE5  
                           postinc0 0FEE                           _PORTBbits 0F81  
                         _TRISBbits 0F93                           _TRISCbits 0F94  
                       _CCP1CONbits 0FBD                         _CCP2CONbits 0FBA  
                    __end_of___wmul 0A9A                       __pidataCOMRAM 0A9A  
               start_initialization 0A3E                         __end_of_ISR 08AA  
              set_servo_angle@angle 000F                set_servo_angle@index 0019  
                          ??___wmul 0005                         __pbssCOMRAM 0025  
                         __pintcode 0008                            ?___awdiv 0007  
                         _direction 0021                         __smallconst 0600  
           set_servo_angle@led_duty 0015                      ___wmul@product 0005  
                          _LATDbits 0F8C                            _PIE1bits 0F9D  
                          _PIR1bits 0F9E                   ___wmul@multiplier 0001  
                         copy_data0 0A52                            __Hrparam 0000  
                          __Lrparam 0000                        __Lsmallconst 0600  
                          clamp@max 0005                            clamp@min 0003  
                          clamp@val 0001                   ??_set_servo_angle 0011  
                          isa$xinst 0000                            int$flags 0027  
                          intlevel2 0000                          _OSCCONbits 0FD3  
