MPLINK 5.09, LINKER
Linker Map File - Created Sun Oct 19 14:03:02 2025

                                 Section Info
                  Section       Type    Address   Location Size(Bytes)
                ---------  ---------  ---------  ---------  ---------
                   .org_0       code   0x000000    program   0x000046
                   .cinit    romdata   0x000046    program   0x000002
.config_300001_BUILD/DEFAULT/DEBUG/BASIC.O    romdata   0x300001    program   0x000001
.config_300003_BUILD/DEFAULT/DEBUG/BASIC.O    romdata   0x300003    program   0x000001



                              Program Memory Usage 
                               Start         End      
                           ---------   ---------      
                            0x000000    0x000047      
                            0x300001    0x300001      
                            0x300003    0x300003      
            74 out of 33048 program addresses used, program memory utilization is 0%



                              Symbols - Sorted by Name
                     Name    Address   Location    Storage File                     
                ---------  ---------  ---------  --------- ---------                
                     EVEN   0x00003a    program     static C:\Users\User\MPLABXProjects\lab02.X\basic.asm
                     LAST   0x000044    program     static C:\Users\User\MPLABXProjects\lab02.X\basic.asm
                     LOOP   0x00001c    program     static C:\Users\User\MPLABXProjects\lab02.X\basic.asm
                      ODD   0x000030    program     static C:\Users\User\MPLABXProjects\lab02.X\basic.asm



                              Symbols - Sorted by Address
                     Name    Address   Location    Storage File                     
                ---------  ---------  ---------  --------- ---------                
                     LOOP   0x00001c    program     static C:\Users\User\MPLABXProjects\lab02.X\basic.asm
                      ODD   0x000030    program     static C:\Users\User\MPLABXProjects\lab02.X\basic.asm
                     EVEN   0x00003a    program     static C:\Users\User\MPLABXProjects\lab02.X\basic.asm
                     LAST   0x000044    program     static C:\Users\User\MPLABXProjects\lab02.X\basic.asm


