Warning[205] C:\USERS\USER\MPLABXPROJECTS\LAB06.X\BASIC.ASM 1 : Found directive in column 1. (LIST)
Warning[207] C:\USERS\USER\MPLABXPROJECTS\LAB06.X\BASIC.ASM 8 : Found label after column 1. (L1)
Warning[207] C:\USERS\USER\MPLABXPROJECTS\LAB06.X\BASIC.ASM 9 : Found label after column 1. (L2)
Warning[205] C:\USERS\USER\MPLABXPROJECTS\LAB06.X\BASIC.ASM 43 : Found directive in column 1. (endm)
Warning[203] C:\USERS\USER\MPLABXPROJECTS\LAB06.X\BASIC.ASM 48 : Found opcode in column 1. (MOVLW)
Warning[203] C:\USERS\USER\MPLABXPROJECTS\LAB06.X\BASIC.ASM 49 : Found opcode in column 1. (MOVWF)
Warning[203] C:\USERS\USER\MPLABXPROJECTS\LAB06.X\BASIC.ASM 50 : Found opcode in column 1. (CLRF)
Warning[203] C:\USERS\USER\MPLABXPROJECTS\LAB06.X\BASIC.ASM 51 : Found opcode in column 1. (BSF)
Warning[203] C:\USERS\USER\MPLABXPROJECTS\LAB06.X\BASIC.ASM 52 : Found opcode in column 1. (CLRF)
Warning[203] C:\USERS\USER\MPLABXPROJECTS\LAB06.X\BASIC.ASM 53 : Found opcode in column 1. (BCF)
Warning[203] C:\USERS\USER\MPLABXPROJECTS\LAB06.X\BASIC.ASM 54 : Found opcode in column 1. (BCF)
Warning[203] C:\USERS\USER\MPLABXPROJECTS\LAB06.X\BASIC.ASM 55 : Found opcode in column 1. (BCF)
Warning[203] C:\USERS\USER\MPLABXPROJECTS\LAB06.X\BASIC.ASM 57 : Found opcode in column 1. (MOVLW)
Warning[203] C:\USERS\USER\MPLABXPROJECTS\LAB06.X\BASIC.ASM 58 : Found opcode in column 1. (MOVWF)
Warning[207] C:\USERS\USER\MPLABXPROJECTS\LAB06.X\BASIC.ASM 26 : Found label after column 1. (LOOP2)
Warning[207] C:\USERS\USER\MPLABXPROJECTS\LAB06.X\BASIC.ASM 31 : Found label after column 1. (LOOP1)
Warning[207] C:\USERS\USER\MPLABXPROJECTS\LAB06.X\BASIC.ASM 26 : Found label after column 1. (LOOP2)
Warning[207] C:\USERS\USER\MPLABXPROJECTS\LAB06.X\BASIC.ASM 31 : Found label after column 1. (LOOP1)
Warning[207] C:\USERS\USER\MPLABXPROJECTS\LAB06.X\BASIC.ASM 26 : Found label after column 1. (LOOP2)
Warning[207] C:\USERS\USER\MPLABXPROJECTS\LAB06.X\BASIC.ASM 31 : Found label after column 1. (LOOP1)
Warning[207] C:\USERS\USER\MPLABXPROJECTS\LAB06.X\BASIC.ASM 26 : Found label after column 1. (LOOP2)
Warning[207] C:\USERS\USER\MPLABXPROJECTS\LAB06.X\BASIC.ASM 31 : Found label after column 1. (LOOP1)
Warning[207] C:\USERS\USER\MPLABXPROJECTS\LAB06.X\BASIC.ASM 26 : Found label after column 1. (LOOP2)
Warning[207] C:\USERS\USER\MPLABXPROJECTS\LAB06.X\BASIC.ASM 31 : Found label after column 1. (LOOP1)
Warning[205] C:\USERS\USER\MPLABXPROJECTS\LAB06.X\BASIC.ASM 126 : Found directive in column 1. (end)
