

Microchip MPLAB XC8 Assembler V2.46 build 20240104201356 
                                                                                                           Thu Oct 16 13:57:38 2025


     1                           	processor	18F4520
     2                           	pagewidth 132
     3                           	opt	flic
     4                           	psect	udata_acs,global,class=COMRAM,space=1,delta=1,lowdata,noexec
     5                           	psect	udata_bank0,global,class=BANK0,space=1,delta=1,lowdata,noexec
     6                           	psect	udata_bank1,global,class=BANK1,space=1,delta=1,lowdata,noexec
     7                           	psect	udata_bank2,global,class=BANK2,space=1,delta=1,lowdata,noexec
     8                           	psect	udata_bank3,global,class=BANK3,space=1,delta=1,lowdata,noexec
     9                           	psect	udata_bank4,global,class=BANK4,space=1,delta=1,lowdata,noexec
    10                           	psect	udata_bank5,global,class=BANK5,space=1,delta=1,lowdata,noexec
    11                           	psect	udata,global,class=RAM,space=1,delta=1,noexec
    12                           	psect	code,global,reloc=2,class=CODE,delta=1
    13                           	psect	data,global,reloc=2,class=CONST,delta=1,noexec
    14                           	psect	edata,global,class=EEDATA,space=3,delta=1,noexec
    15                           	psect	mytext,local,reloc=2,class=CODE,delta=1
    16   000000                     
    17                           	psect	edata
    18   000000                     stk_offset	set	0
    19   000000                     auto_size	set	0
    20                           
    21                           ; stack_auto defines a symbol /name/_offset which equates to the
    22                           ; stack offset of the auto object in question
    23   000000                     
    24                           ; stack_param defines a symbol /name/_offset which equates to the
    25                           ; stack offset of the parameter object in question
    26   000000                     
    27                           ; alloc_stack adjusts the SP to allocate space for auto objects
    28                           ; it also links in to the btemp symbol so that can be used
    29   000000                     
    30                           ; restore_stack adjusts the SP to remove all auto and parameter
    31                           ; objects from the stack prior to returning from a function
    32   000000                     
    33                           	psect	mytext
    34   000602                     _is_prime:
    35                           	callstack 0
    36   000602  CFE8 FF8C          	movff	wreg,3980
    37   000606  0E01               	movlw	1
    38   000608  6E20               	movwf	32,c	;LOOP COUNT
    39   00060A  0E01               	movlw	1
    40   00060C  648C               	cpfsgt	3980,c	;IF(N <= 1) FALSE
    41   00060E  D024               	goto	FALSE
    42   000610  0E02               	movlw	2
    43   000612  628C               	cpfseq	3980,c	;IF(N = 2) TRUE
    44   000614  D001               	goto	DIV_2
    45   000616  D01E               	goto	TRUE
    46   000618                     DIV_2:
    47   000618  A08C               	btfss	3980,0,c
    48   00061A  D01E               	goto	FALSE
    49   00061C                     DIV_PART2:
    50   00061C  2A20               	incf	32,f,c	;LOOP COUNT
    51   00061E  2A20               	incf	32,f,c
    52   000620  C020 F030          	movff	32,48
    53   000624  C020 FFE8          	movff	32,wreg
    54   000628  0230               	mulwf	48,c	;LOOP COUNT^2
    55   00062A  CFF4 F030          	movff	prodh,48
    56   00062E  CFF3 F031          	movff	prodl,49
    57   000632  0E00               	movlw	0
    58   000634  6230               	cpfseq	48,c
    59   000636  D00E               	goto	TRUE
    60   000638  CF8C FFE8          	movff	3980,wreg
    61   00063C  6431               	cpfsgt	49,c	; IF(LOOP COUNT^2 > N) TRUE
    62   00063E  D001               	goto	CHECK
    63   000640  D009               	goto	TRUE
    64   000642                     CHECK:
    65   000642  CF8C F001          	movff	3980,1
    66   000646  C020 F003          	movff	32,3
    67   00064A  D809               	rcall	division
    68   00064C  0E00               	movlw	0
    69   00064E  6213               	cpfseq	19,c
    70   000650  D7E5               	goto	DIV_PART2
    71   000652  D002               	goto	FALSE
    72   000654                     TRUE:
    73   000654  0E01               	movlw	1
    74   000656  D001               	goto	TEST_DONE
    75   000658                     FALSE:
    76   000658  0EFF               	movlw	255
    77   00065A                     TEST_DONE:
    78   00065A  6E01               	movwf	1,c
    79   00065C  0012               	return	
    80   00065E                     division:
    81   00065E  5000               	movf	0,w,c	;WREG = A
    82   000660  5C02               	subwf	2,w,c	;WREG = WREG - B
    83   000662  E307               	bnc	DIV_SUB	;B < A
    84   000664  5000               	movf	0,w,c
    85   000666  6202               	cpfseq	2,c
    86   000668  D00F               	goto	DIV_DONE
    87   00066A  5003               	movf	3,w,c	;WREG = D
    88   00066C  5C01               	subwf	1,w,c	;WREG = WREG - C
    89   00066E  E201               	bc	DIV_SUB	;C >= D
    90   000670  D00B               	goto	DIV_DONE
    91   000672                     DIV_SUB:
    92   000672  0E01               	movlw	1
    93   000674  2411               	addwf	17,w,c
    94   000676  6E11               	movwf	17,c
    95   000678  0E00               	movlw	0
    96   00067A  2010               	addwfc	16,w,c
    97   00067C  6E10               	movwf	16,c
    98   00067E  5003               	movf	3,w,c
    99   000680  5E01               	subwf	1,f,c
   100   000682  5002               	movf	2,w,c
   101   000684  5A00               	subwfb	0,f,c
   102   000686  D7EB               	goto	division
   103   000688                     DIV_DONE:
   104   000688  C000 FFE8          	movff	0,wreg
   105   00068C  6E12               	movwf	18,c
   106   00068E  C001 FFE8          	movff	1,wreg
   107   000692  6E13               	movwf	19,c
   108   000694  0012               	return	
   109                           tosu	equ	0xFFF
   110                           tosh	equ	0xFFE
   111                           tosl	equ	0xFFD
   112                           stkptr	equ	0xFFC
   113                           pclatu	equ	0xFFB
   114                           pclath	equ	0xFFA
   115                           pcl	equ	0xFF9
   116                           tblptru	equ	0xFF8
   117                           tblptrh	equ	0xFF7
   118                           tblptrl	equ	0xFF6
   119                           tablat	equ	0xFF5
   120                           prodh	equ	0xFF4
   121                           prodl	equ	0xFF3
   122                           indf0	equ	0xFEF
   123                           postinc0	equ	0xFEE
   124                           postdec0	equ	0xFED
   125                           preinc0	equ	0xFEC
   126                           plusw0	equ	0xFEB
   127                           fsr0h	equ	0xFEA
   128                           fsr0l	equ	0xFE9
   129                           wreg	equ	0xFE8
   130                           indf1	equ	0xFE7
   131                           postinc1	equ	0xFE6
   132                           postdec1	equ	0xFE5
   133                           preinc1	equ	0xFE4
   134                           plusw1	equ	0xFE3
   135                           fsr1h	equ	0xFE2
   136                           fsr1l	equ	0xFE1
   137                           bsr	equ	0xFE0
   138                           indf2	equ	0xFDF
   139                           postinc2	equ	0xFDE
   140                           postdec2	equ	0xFDD
   141                           preinc2	equ	0xFDC
   142                           plusw2	equ	0xFDB
   143                           fsr2h	equ	0xFDA
   144                           fsr2l	equ	0xFD9
   145                           status	equ	0xFD8


Microchip Technology PIC18 Macro Assembler V2.46 build 20240104201356 
Symbol Table                                                                                               Thu Oct 16 13:57:38 2025

                        LATD 0F8C                          WREG 0FE8                          TRUE 0654  
                       CHECK 0642                         FALSE 0658                         DIV_2 0618  
                       PRODH 0FF4                         PRODL 0FF3                       DIV_SUB 0672  
                     isa$std 0001                      DIV_DONE 0688                      division 065E  
                   DIV_PART2 061C                     TEST_DONE 065A                     _is_prime 0602  
                   isa$xinst 0000  
