Microchip MPLAB XC8 Compiler V3.00

Linker command line:

-W-3 \
  --edf=C:\Program Files\Microchip\xc8\v3.00\pic\dat\20241204225717_en.msgs \
  -cn -h+dist/default/production\2024final.X.production.sym \
  --cmf=dist/default/production\2024final.X.production.cmf -z -Q18F4520 \
  -oC:\Users\User\AppData\Local\Temp\xcAsems.\driver_tmp_3.o \
  --defsym=__MPLAB_BUILD=1 --fixupoverflow=error \
  -Mdist/default/production/2024final.X.production.map \
  --md=C:\Users\User\AppData\Local\Temp\xcAsems.\driver_tmp_0.dat -E1 \
  -ver=XC8 Compiler -ACODE=00h-07FFFh -ACONST=00h-07FFFh \
  -ASMALLCONST=0600h-06FFhx122 -AMEDIUMCONST=0600h-07FFFh -ACOMRAM=01h-07Fh \
  -AABS1=00h-05FFh -ABIGRAM=01h-05FFh -ARAM=080h-0FFh,0100h-01FFhx5 \
  -ABANK0=080h-0FFh -ABANK1=0100h-01FFh -ABANK2=0200h-02FFh \
  -ABANK3=0300h-03FFh -ABANK4=0400h-04FFh -ABANK5=0500h-05FFh \
  -ASFR=0F80h-0FFFh -ABIGSFR=0F80h-0FFFh -ACONFIG=0300000h-030000Dh \
  -AIDLOC=0200000h-0200007h -AEEDATA=0F00000h-0F000FFh -peeprom_data=EEDATA \
  -preset_vec=00h,intcode=8h,intcodelo=18h,sivt_lo,sivt_hi=CODE \
  -ppowerup=CODE,init -pramtop=0600h -psmallconst=SMALLCONST \
  -pmediumconst=MEDIUMCONST -pconst=CONST -AFARRAM=00h-00h \
  -prdata=COMRAM,nvrram=COMRAM,nvbit=COMRAM,rbss=COMRAM,rbit=COMRAM \
  -pfarbss=FARRAM,fardata=FARRAM,nvFARRAM=FARRAM \
  -pintsave_regs=BIGRAM,bigbss=BIGRAM,bigdata=BIGRAM -pbss=RAM \
  -pidata=CODE,irdata=CODE,ibigdata=CODE,ifardata=CODE -prparam=COMRAM \
  C:\Users\User\AppData\Local\Temp\xcAsems.\driver_tmp_9.o \
  dist/default/production\2024final.X.production.o 

Object code version is 3.11

Machine type is 18F4520



                Name                               Link     Load   Length Selector   Space Scale
C:\Users\User\AppData\Local\Temp\xcAsems.\driver_tmp_9.o
                idloc                            200000   200000        8        0       5
                config                           300000   300000        E        0       4
                init                                1B0      1B0        4        C       0
                reset_vec                             0        0        4        0       0
dist/default/production\2024final.X.production.o
                intcodelo                            18       18      198        C       0
                intcode                               8        8        6        4       0
                idloc                            200000   200000        8        0       5
                config                           300000   300000        E        0       4
                temp                                 74       74        1        1       1
                smallconst                          600      600       3E      300       0
                text52                             2FC4     2FC4       16      31F       0
                text51                             2070     2070      106      31F       0
                text50                             2B98     2B98       5E      31F       0
                text49                             2E64     2E64       2E      31F       0
                text48                             197E     197E      390      31F       0
                text47                             24FA     24FA       AA      31F       0
                text46                             2176     2176      104      31F       0
                text45                             1558     1558      426      31F       0
                text44                             2D96     2D96       38      31F       0
                text43                             2F10     2F10       26      31F       0
                text42                             1D0E     1D0E      1B4      31F       0
                text41                             2EBE     2EBE       2C      31F       0
                text40                             2BF6     2BF6       54      31F       0
                text39                             2F58     2F58       22      31F       0
                text38                             2E36     2E36       2E      31F       0
                text37                             2ACC     2ACC       6A      31F       0
                text36                              63E      63E      F1A      31F       0
                text35                             2D5A     2D5A       3C      31F       0
                text34                             26F0     26F0       A4      31F       0
                text33                             242A     242A       D0      31F       0
                text32                             2CD8     2CD8       44      31F       0
                text31                             2984     2984       70      31F       0
                text30                             1EC2     1EC2      1AE      31F       0
                intcode_body                       281E     281E       82      31F       0
                text28                             2DCE     2DCE       36      31F       0
                text27                             264A     264A       A6      31F       0
                text26                             2A60     2A60       6C      31F       0
                text25                             2352     2352       D8      31F       0
                text24                             2C92     2C92       46      31F       0
                text23                             2912     2912       72      31F       0
                text21                             2D1C     2D1C       3E      31F       0
                text20                             3028     3028        4      31F       0
                text19                             3030     3030        2      31F       0
                text18                             302E     302E        2      31F       0
                text17                             2F36     2F36       22      31F       0
                text16                             2FEC     2FEC       12      31F       0
                text15                             300A     300A        C      31F       0
                text14                             2EEA     2EEA       26      31F       0
                text13                             2FDA     2FDA       12      31F       0
                text12                             3020     3020        8      31F       0
                text11                             2FAE     2FAE       16      31F       0
                text10                             2F96     2F96       18      31F       0
                text9                              2FFE     2FFE        C      31F       0
                text8                              2F7A     2F7A       1C      31F       0
                text7                              2E04     2E04       32      31F       0
                text6                              25A4     25A4       A6      31F       0
                text5                              29F4     29F4       6C      31F       0
                text4                              227A     227A       D8      31F       0
                text3                              2C4A     2C4A       48      31F       0
                text2                              28A0     28A0       72      31F       0
                text1                              2E92     2E92       2C      31F       0
                text0                              2794     2794       8A      31F       0
                cstackCOMRAM                          1        1       49        1       1
                cstackBANK0                          80       80       33       80       1
                cstackBANK1                         100      100       24      100       1
                dataBANK0                            CD       CD        2       80       1
                bssBANK0                             B3       B3       1A       80       1
                dataCOMRAM                           6A       6A        A        1       1
                bssCOMRAM                            4A       4A       20        1       1
                cinit                              2B36     2B36       62      31F       0
                idataBANK0                         302C     302C        2      31F       0
                idataCOMRAM                        3016     3016        A      31F       0

TOTAL           Name                               Link     Load   Length     Space
        CLASS   CODE           
                intcodelo                            18       18      198         0
                intcode                               8        8        6         0
                init                                1B0      1B0        4         0
                reset_vec                             0        0        4         0
                text52                             2FC4     2FC4       16         0
                text51                             2070     2070      106         0
                text50                             2B98     2B98       5E         0
                text49                             2E64     2E64       2E         0
                text48                             197E     197E      390         0
                text47                             24FA     24FA       AA         0
                text46                             2176     2176      104         0
                text45                             1558     1558      426         0
                text44                             2D96     2D96       38         0
                text43                             2F10     2F10       26         0
                text42                             1D0E     1D0E      1B4         0
                text41                             2EBE     2EBE       2C         0
                text40                             2BF6     2BF6       54         0
                text39                             2F58     2F58       22         0
                text38                             2E36     2E36       2E         0
                text37                             2ACC     2ACC       6A         0
                text36                              63E      63E      F1A         0
                text35                             2D5A     2D5A       3C         0
                text34                             26F0     26F0       A4         0
                text33                             242A     242A       D0         0
                text32                             2CD8     2CD8       44         0
                text31                             2984     2984       70         0
                text30                             1EC2     1EC2      1AE         0
                intcode_body                       281E     281E       82         0
                text28                             2DCE     2DCE       36         0
                text27                             264A     264A       A6         0
                text26                             2A60     2A60       6C         0
                text25                             2352     2352       D8         0
                text24                             2C92     2C92       46         0
                text23                             2912     2912       72         0
                text21                             2D1C     2D1C       3E         0
                text20                             3028     3028        4         0
                text19                             3030     3030        2         0
                text18                             302E     302E        2         0
                text17                             2F36     2F36       22         0
                text16                             2FEC     2FEC       12         0
                text15                             300A     300A        C         0
                text14                             2EEA     2EEA       26         0
                text13                             2FDA     2FDA       12         0
                text12                             3020     3020        8         0
                text11                             2FAE     2FAE       16         0
                text10                             2F96     2F96       18         0
                text9                              2FFE     2FFE        C         0
                text8                              2F7A     2F7A       1C         0
                text7                              2E04     2E04       32         0
                text6                              25A4     25A4       A6         0
                text5                              29F4     29F4       6C         0
                text4                              227A     227A       D8         0
                text3                              2C4A     2C4A       48         0
                text2                              28A0     28A0       72         0
                text1                              2E92     2E92       2C         0
                text0                              2794     2794       8A         0
                cinit                              2B36     2B36       62         0
                idataBANK0                         302C     302C        2         0
                idataCOMRAM                        3016     3016        A         0

        CLASS   CONST          

        CLASS   SMALLCONST     
                smallconst                          600      600       3E         0

        CLASS   MEDIUMCONST    

        CLASS   COMRAM         
                temp                                 74       74        1         1
                cstackCOMRAM                          1        1       49         1
                dataCOMRAM                           6A       6A        A         1
                bssCOMRAM                            4A       4A       20         1

        CLASS   ABS1           

        CLASS   BIGRAM         

        CLASS   RAM            

        CLASS   BANK0          
                cstackBANK0                          80       80       33         1
                dataBANK0                            CD       CD        2         1
                bssBANK0                             B3       B3       1A         1

        CLASS   BANK1          
                cstackBANK1                         100      100       24         1

        CLASS   BANK2          

        CLASS   BANK3          

        CLASS   BANK4          

        CLASS   BANK5          

        CLASS   SFR            

        CLASS   BIGSFR         

        CLASS   CONFIG         
                config                           300000   300000        E         4

        CLASS   IDLOC          
                idloc                            200000   200000        8         5

        CLASS   EEDATA         

        CLASS   FARRAM         

        CLASS   HEAP           

        CLASS   STACK          



SEGMENTS        Name                           Load    Length   Top    Selector   Space  Class

                reset_vec                      000000  000004  000004         0       0  CODE    
                cstackCOMRAM                   000001  000074  000075         1       1  COMRAM  
                intcode                        000008  000006  00000E         4       0  CODE    
                intcodelo                      000018  00019C  0001B4         C       0  CODE    
                cstackBANK0                    000080  00004F  0000CF        80       1  BANK0   
                cstackBANK1                    000100  000024  000124       100       1  BANK1   
                smallconst                     000600  00003E  00063E       300       0  SMALLCON
                text36                         00063E  0029F4  003032       31F       0  CODE    


UNUSED ADDRESS RANGES

        Name                Unused          Largest block    Delta
        BANK0            0000CF-0000FF               31
        BANK1            000124-0001FF               DC
        BANK2            000200-0002FF              100
        BANK3            000300-0003FF              100
        BANK4            000400-0004FF              100
        BANK5            000500-0005FF              100
        BIGRAM           000075-00007F                B
                         0000CF-0000FF               31
                         000124-0005FF              4DC
        BIGSFR           000F80-000FFF               80
        CODE             000004-000007                4
                         00000E-000017                A
                         0001B4-0005FF              44C
                         003032-007FFF             4FCE
        COMRAM           000075-00007F                B
        CONST            000004-000007                4
                         00000E-000017                A
                         0001B4-0005FF              44C
                         003032-007FFF             4FCE
        EEDATA           F00000-F000FF              100
        MEDIUMCONST      003032-007FFF             4FCE
        RAM              0000CF-0000FF               31
                         000124-0005FF              100
        SFR              000F80-000FFF               80
        SMALLCONST       003032-007FFF              100

                                  Symbol Table

?_AngleToDutyCycle              cstackBANK0  0000B1
?___fldiv                       cstackCOMRAM 000001
?___flmul                       cstackCOMRAM 000001
?___flneg                       cstackCOMRAM 000001
?___fltol                       cstackCOMRAM 000033
?___lldiv                       cstackBANK1  00010C
?___lmul                        cstackBANK1  000100
?___wmul                        cstackCOMRAM 000001
?___xxtofl                      cstackCOMRAM 000001
?_abs                           cstackBANK0  000080
?_isdigit                       cstackCOMRAM 000001
?_isxdigit                      cstackCOMRAM 000001
?_nanf                          cstackCOMRAM 000001
?_strcmp                        cstackCOMRAM 000001
?_strlen                        cstackCOMRAM 000001
?_strtof                        cstackCOMRAM 00001A
?_toupper                       cstackCOMRAM 000001
?i1_AngleToDutyCycle            cstackBANK0  000099
?i1___lldiv                     cstackBANK0  00008C
?i1___lmul                      cstackBANK0  000080
?i2_AngleToDutyCycle            cstackCOMRAM 00001A
?i2___lldiv                     cstackCOMRAM 00000D
?i2___lmul                      cstackCOMRAM 000001
AngleToDutyCycle@D_value        cstackBANK1  00011A
AngleToDutyCycle@angle          cstackBANK1  000119
ClearBuffer@i                   cstackBANK0  0000B1
Lo_ISR@limited_range_angle      cstackBANK0  0000AB
Lo_ISR@v                        cstackBANK0  0000AF
MyusartRead@c                   cstackCOMRAM 000041
MyusartRead@len                 cstackCOMRAM 00003D
MyusartRead@num                 cstackCOMRAM 00003F
SetCCP1DutyCycle@duty_value     cstackBANK0  0000B1
UART_PrintHex@F3388             smallconst   000601
UART_Write@data                 cstackCOMRAM 000001
_ADCON0                         (abs)        000FC2
_ADCON0bits                     (abs)        000FC2
_ADCON1                         (abs)        000FC1
_ADCON1bits                     (abs)        000FC1
_ADCON2                         (abs)        000FC0
_ADCON2bits                     (abs)        000FC0
_ADC_Initialize                 text17       002F36
_ADFM                           (abs)        007E07
_ADRESH                         (abs)        000FC4
_ADRESL                         (abs)        000FC3
_AngleToDutyCycle               text4        00227A
_BAUDCONbits                    (abs)        000FB8
_CCP1CON                        (abs)        000FBD
_CCP1_Initialize                text16       002FEC
_CCP2CON                        (abs)        000FBA
_CCP2CONbits                    (abs)        000FBA
_CCP2_Initialize                text15       00300A
_CCPR1L                         (abs)        000FBE
_CCPR2L                         (abs)        000FBB
_CREN                           (abs)        007D5C
_ClearBuffer                    text21       002D1C
_GetString                      text20       003028
_Hi_ISR                         intcode      000008
_INTCON2bits                    (abs)        000FF1
_INTCONbits                     (abs)        000FF2
_INTERRUPT_Initialize           text14       002EEA
_IPR1bits                       (abs)        000F9F
_IPR2bits                       (abs)        000FA2
_LATD                           (abs)        000F8C
_Lo_ISR                         intcodelo    000018
_Mode1                          text19       003030
_Mode2                          text18       00302E
_MyusartRead                    text30       001EC2
_OSCCONbits                     (abs)        000FD3
_OSCILLATOR_Initialize          text13       002FDA
_PIE1bits                       (abs)        000F9D
_PIN_MANAGER_Initialize         text12       003020
_PIR1bits                       (abs)        000F9E
_PIR2bits                       (abs)        000FA1
_PR2                            (abs)        000FCB
_RCONbits                       (abs)        000FD0
_RCREG                          (abs)        000FAE
_RCSTAbits                      (abs)        000FAB
_SPBRG                          (abs)        000FAF
_SYSTEM_Initialize              text7        002E04
_SetCCP1DutyCycle               text3        002C4A
_T0CONbits                      (abs)        000FD5
_T1CONbits                      (abs)        000FCD
_T2CON                          (abs)        000FCA
_T2CONbits                      (abs)        000FCA
_TMR0H                          (abs)        000FD7
_TMR0L                          (abs)        000FD6
_TMR0_Initialize                text11       002FAE
_TMR1H                          (abs)        000FCF
_TMR1L                          (abs)        000FCE
_TMR1_Initialize                text10       002F96
_TMR2                           (abs)        000FCC
_TMR2_Initialize                text9        002FFE
_TRISA                          (abs)        000F92
_TRISCbits                      (abs)        000F94
_TRISD                          (abs)        000F95
_TXREG                          (abs)        000FAD
_TXSTAbits                      (abs)        000FAC
_UART_Initialize                text8        002F7A
_UART_Write                     text52       002FC4
__HRAM                          (abs)        000000
__H__absolute__                 __absolute__ 000000
__Habs1                         abs1         000000
__Hbank0                        bank0        000000
__Hbank1                        bank1        000000
__Hbank2                        bank2        000000
__Hbank3                        bank3        000000
__Hbank4                        bank4        000000
__Hbank5                        bank5        000000
__Hbigbss                       bigbss       000000
__Hbigdata                      bigdata      000000
__Hbigram                       bigram       000000
__Hbigsfr                       bigsfr       000000
__Hbss                          bss          000000
__HbssBANK0                     bssBANK0     000000
__HbssCOMRAM                    bssCOMRAM    000000
__Hcinit                        cinit        000000
__Hclrtext                      clrtext      000000
__Hcomram                       comram       000000
__Hconfig                       config       30000E
__Hconst                        const        000000
__HcstackBANK0                  cstackBANK0  000000
__HcstackBANK1                  cstackBANK1  000000
__HcstackCOMRAM                 cstackCOMRAM 000000
__Hdata                         data         000000
__HdataBANK0                    dataBANK0    000000
__HdataCOMRAM                   dataCOMRAM   000000
__Heeprom_data                  eeprom_data  000000
__Hfarbss                       farbss       000000
__Hfardata                      fardata      000000
__Hheap                         heap         000000
__Hibigdata                     ibigdata     000000
__Hidata                        idata        000000
__HidataBANK0                   idataBANK0   000000
__HidataCOMRAM                  idataCOMRAM  000000
__Hidloc                        idloc        200008
__Hifardata                     ifardata     000000
__Hinit                         init         0001B4
__Hintcode                      intcode      00000E
__Hintcode_body                 intcode_body 000000
__Hintcodelo                    intcodelo    0001B0
__Hintentry                     intentry     000000
__Hintret                       intret       000000
__Hintsave_regs                 intsave_regs 000000
__Hirdata                       irdata       000000
__Hmediumconst                  mediumconst  000000
__HnvFARRAM                     nvFARRAM     000000
__Hnvbit                        nvbit        000000
__Hnvrram                       nvrram       000000
__Hparam                        rparam       000000
__Hpowerup                      powerup      000000
__Hram                          ram          000000
__Hramtop                       ramtop       000600
__Hrbit                         rbit         000000
__Hrbss                         rbss         000000
__Hrdata                        rdata        000000
__Hreset_vec                    reset_vec    000004
__Hrparam                       rparam       000000
__Hsfr                          sfr          000000
__Hsivt_hi                      sivt_hi      000000
__Hsivt_lo                      sivt_lo      0001B0
__Hsmallconst                   smallconst   00063E
__Hspace_0                      (abs)        003032
__Hspace_1                      (abs)        000124
__Hspace_2                      (abs)        000000
__Hspace_4                      (abs)        60000E
__Hstack                        stack        000000
__Hstruct                       struct       000000
__Htemp                         temp         000075
__Htext                         text         000000
__Htext0                        text0        000000
__Htext1                        text1        000000
__Htext10                       text10       000000
__Htext11                       text11       000000
__Htext12                       text12       000000
__Htext13                       text13       000000
__Htext14                       text14       000000
__Htext15                       text15       000000
__Htext16                       text16       000000
__Htext17                       text17       000000
__Htext18                       text18       000000
__Htext19                       text19       000000
__Htext2                        text2        000000
__Htext20                       text20       000000
__Htext21                       text21       000000
__Htext23                       text23       000000
__Htext24                       text24       000000
__Htext25                       text25       000000
__Htext26                       text26       000000
__Htext27                       text27       000000
__Htext28                       text28       000000
__Htext3                        text3        000000
__Htext30                       text30       000000
__Htext31                       text31       000000
__Htext32                       text32       000000
__Htext33                       text33       000000
__Htext34                       text34       000000
__Htext35                       text35       000000
__Htext36                       text36       000000
__Htext37                       text37       000000
__Htext38                       text38       000000
__Htext39                       text39       000000
__Htext4                        text4        000000
__Htext40                       text40       000000
__Htext41                       text41       000000
__Htext42                       text42       000000
__Htext43                       text43       000000
__Htext44                       text44       000000
__Htext45                       text45       000000
__Htext46                       text46       000000
__Htext47                       text47       000000
__Htext48                       text48       000000
__Htext49                       text49       000000
__Htext5                        text5        000000
__Htext50                       text50       000000
__Htext51                       text51       000000
__Htext52                       text52       000000
__Htext6                        text6        000000
__Htext7                        text7        000000
__Htext8                        text8        000000
__Htext9                        text9        000000
__LRAM                          (abs)        000001
__L__absolute__                 __absolute__ 000000
__Labs1                         abs1         000000
__Lbank0                        bank0        000000
__Lbank1                        bank1        000000
__Lbank2                        bank2        000000
__Lbank3                        bank3        000000
__Lbank4                        bank4        000000
__Lbank5                        bank5        000000
__Lbigbss                       bigbss       000000
__Lbigdata                      bigdata      000000
__Lbigram                       bigram       000000
__Lbigsfr                       bigsfr       000000
__Lbss                          bss          000000
__LbssBANK0                     bssBANK0     000000
__LbssCOMRAM                    bssCOMRAM    000000
__Lcinit                        cinit        000000
__Lclrtext                      clrtext      000000
__Lcomram                       comram       000000
__Lconfig                       config       000000
__Lconst                        const        000000
__LcstackBANK0                  cstackBANK0  000000
__LcstackBANK1                  cstackBANK1  000000
__LcstackCOMRAM                 cstackCOMRAM 000000
__Ldata                         data         000000
__LdataBANK0                    dataBANK0    000000
__LdataCOMRAM                   dataCOMRAM   000000
__Leeprom_data                  eeprom_data  000000
__Lfarbss                       farbss       000000
__Lfardata                      fardata      000000
__Lheap                         heap         000000
__Libigdata                     ibigdata     000000
__Lidata                        idata        000000
__LidataBANK0                   idataBANK0   000000
__LidataCOMRAM                  idataCOMRAM  000000
__Lidloc                        idloc        000000
__Lifardata                     ifardata     000000
__Linit                         init         0001B0
__Lintcode                      intcode      000008
__Lintcode_body                 intcode_body 000000
__Lintcodelo                    intcodelo    000018
__Lintentry                     intentry     000000
__Lintret                       intret       000000
__Lintsave_regs                 intsave_regs 000000
__Lirdata                       irdata       000000
__Lmediumconst                  mediumconst  000000
__LnvFARRAM                     nvFARRAM     000000
__Lnvbit                        nvbit        000000
__Lnvrram                       nvrram       000000
__Lparam                        rparam       000000
__Lpowerup                      powerup      000000
__Lram                          ram          000000
__Lramtop                       ramtop       000600
__Lrbit                         rbit         000000
__Lrbss                         rbss         000000
__Lrdata                        rdata        000000
__Lreset_vec                    reset_vec    000000
__Lrparam                       rparam       000000
__Lsfr                          sfr          000000
__Lsivt_hi                      sivt_hi      000000
__Lsivt_lo                      sivt_lo      0001B0
__Lsmallconst                   smallconst   000600
__Lspace_0                      (abs)        000000
__Lspace_1                      (abs)        000000
__Lspace_2                      (abs)        000000
__Lspace_4                      (abs)        000000
__Lstack                        stack        000000
__Lstruct                       struct       000000
__Ltemp                         temp         000074
__Ltext                         text         000000
__Ltext0                        text0        000000
__Ltext1                        text1        000000
__Ltext10                       text10       000000
__Ltext11                       text11       000000
__Ltext12                       text12       000000
__Ltext13                       text13       000000
__Ltext14                       text14       000000
__Ltext15                       text15       000000
__Ltext16                       text16       000000
__Ltext17                       text17       000000
__Ltext18                       text18       000000
__Ltext19                       text19       000000
__Ltext2                        text2        000000
__Ltext20                       text20       000000
__Ltext21                       text21       000000
__Ltext23                       text23       000000
__Ltext24                       text24       000000
__Ltext25                       text25       000000
__Ltext26                       text26       000000
__Ltext27                       text27       000000
__Ltext28                       text28       000000
__Ltext3                        text3        000000
__Ltext30                       text30       000000
__Ltext31                       text31       000000
__Ltext32                       text32       000000
__Ltext33                       text33       000000
__Ltext34                       text34       000000
__Ltext35                       text35       000000
__Ltext36                       text36       000000
__Ltext37                       text37       000000
__Ltext38                       text38       000000
__Ltext39                       text39       000000
__Ltext4                        text4        000000
__Ltext40                       text40       000000
__Ltext41                       text41       000000
__Ltext42                       text42       000000
__Ltext43                       text43       000000
__Ltext44                       text44       000000
__Ltext45                       text45       000000
__Ltext46                       text46       000000
__Ltext47                       text47       000000
__Ltext48                       text48       000000
__Ltext49                       text49       000000
__Ltext5                        text5        000000
__Ltext50                       text50       000000
__Ltext51                       text51       000000
__Ltext52                       text52       000000
__Ltext6                        text6        000000
__Ltext7                        text7        000000
__Ltext8                        text8        000000
__Ltext9                        text9        000000
__S0                            (abs)        003032
__S1                            (abs)        000124
__S4                            (abs)        000000
__S5                            (abs)        000000
___fldiv                        text48       00197E
___fldiv@a                      cstackCOMRAM 000005
___fldiv@aexp                   cstackCOMRAM 000019
___fldiv@b                      cstackCOMRAM 000001
___fldiv@bexp                   cstackCOMRAM 000018
___fldiv@grs                    cstackCOMRAM 000014
___fldiv@new_exp                cstackCOMRAM 000012
___fldiv@rem                    cstackCOMRAM 00000D
___fldiv@sign                   cstackCOMRAM 000011
___fleq                         text47       0024FA
___fleq@ff1                     cstackCOMRAM 000001
___fleq@ff2                     cstackCOMRAM 000005
___flge                         text46       002176
___flge@ff1                     cstackCOMRAM 000001
___flge@ff2                     cstackCOMRAM 000005
___flmul                        text45       001558
___flmul@a                      cstackCOMRAM 000005
___flmul@aexp                   cstackCOMRAM 000012
___flmul@b                      cstackCOMRAM 000001
___flmul@bexp                   cstackCOMRAM 000013
___flmul@grs                    cstackCOMRAM 00000E
___flmul@prod                   cstackCOMRAM 000014
___flmul@sign                   cstackCOMRAM 00000D
___flmul@temp                   cstackCOMRAM 000018
___flneg                        text44       002D96
___flneg@f1                     cstackCOMRAM 000001
___fltol                        text51       002070
___fltol@exp1                   cstackCOMRAM 00003C
___fltol@f1                     cstackCOMRAM 000033
___fltol@sign1                  cstackCOMRAM 00003B
___heap_hi                      (abs)        000000
___heap_lo                      (abs)        000000
___inthi_sp                     stack        000000
___inthi_stack_hi               stack        000000
___inthi_stack_lo               stack        000000
___intlo_sp                     stack        000000
___intlo_stack_hi               stack        000000
___intlo_stack_lo               stack        000000
___lldiv                        text6        0025A4
___lldiv@counter                cstackBANK1  000118
___lldiv@dividend               cstackBANK1  00010C
___lldiv@divisor                cstackBANK1  000110
___lldiv@quotient               cstackBANK1  000114
___lmul                         text5        0029F4
___lmul@multiplicand            cstackBANK1  000104
___lmul@multiplier              cstackBANK1  000100
___lmul@product                 cstackBANK1  000108
___param_bank                   (abs)        000000
___rparam_used                  (abs)        000001
___sp                           stack        000000
___stack_hi                     stack        000000
___stack_lo                     stack        000000
___wmul                         text43       002F10
___wmul@multiplicand            cstackCOMRAM 000003
___wmul@multiplier              cstackCOMRAM 000001
___wmul@product                 cstackCOMRAM 000005
___xxtofl                       text42       001D0E
___xxtofl@arg                   cstackCOMRAM 00000B
___xxtofl@exp                   cstackCOMRAM 00000A
___xxtofl@sign                  cstackCOMRAM 000009
___xxtofl@val                   cstackCOMRAM 000001
__accesstop                     (abs)        000080
__activetblptr                  (abs)        000001
__end_ofUART_PrintHex@F3388     smallconst   000612
__end_of_ADC_Initialize         text17       002F58
__end_of_AngleToDutyCycle       text4        002352
__end_of_CCP1_Initialize        text16       002FFE
__end_of_CCP2_Initialize        text15       003016
__end_of_ClearBuffer            text21       002D5A
__end_of_GetString              text20       00302C
__end_of_Hi_ISR                 intcode_body 0028A0
__end_of_INTERRUPT_Initialize   text14       002F10
__end_of_Lo_ISR                 intcodelo    0001B0
__end_of_Mode1                  text19       003032
__end_of_Mode2                  text18       003030
__end_of_MyusartRead            text30       002070
__end_of_OSCILLATOR_Initialize  text13       002FEC
__end_of_PIN_MANAGER_Initialize text12       003028
__end_of_SYSTEM_Initialize      text7        002E36
__end_of_SetCCP1DutyCycle       text3        002C92
__end_of_TMR0_Initialize        text11       002FC4
__end_of_TMR1_Initialize        text10       002FAE
__end_of_TMR2_Initialize        text9        00300A
__end_of_UART_Initialize        text8        002F96
__end_of_UART_Write             text52       002FDA
__end_of___fldiv                text48       001D0E
__end_of___fleq                 text47       0025A4
__end_of___flge                 text46       00227A
__end_of___flmul                text45       00197E
__end_of___flneg                text44       002DCE
__end_of___fltol                text51       002176
__end_of___lldiv                text6        00264A
__end_of___lmul                 text5        002A60
__end_of___wmul                 text43       002F36
__end_of___xxtofl               text42       001EC2
__end_of__initialization        cinit        002B86
__end_of_abs                    text28       002E04
__end_of_isdigit                text41       002EEA
__end_of_isxdigit               text40       002C4A
__end_of_main                   text0        00281E
__end_of_nanf                   text39       002F7A
__end_of_set_servo_angle        text2        002912
__end_of_strcmp                 text50       002BF6
__end_of_strcpy                 text1        002EBE
__end_of_strlen                 text49       002E92
__end_of_strtof                 text36       001558
__end_of_toupper                text38       002E64
__end_ofi1_AngleToDutyCycle     text25       00242A
__end_ofi1_SetCCP1DutyCycle     text24       002CD8
__end_ofi1___lldiv              text27       0026F0
__end_ofi1___lmul               text26       002ACC
__end_ofi1_set_servo_angle      text23       002984
__end_ofi2_AngleToDutyCycle     text33       0024FA
__end_ofi2_ClearBuffer          text35       002D96
__end_ofi2_SetCCP1DutyCycle     text32       002D1C
__end_ofi2___lldiv              text34       002794
__end_ofi2___lmul               text37       002B36
__end_ofi2_set_servo_angle      text31       0029F4
__initialization                cinit        002B36
__mediumconst                   smallconst   000600
__pbssBANK0                     bssBANK0     0000B3
__pbssCOMRAM                    bssCOMRAM    00004A
__pcinit                        cinit        002B36
__pcstackBANK0                  cstackBANK0  000080
__pcstackBANK1                  cstackBANK1  000100
__pcstackCOMRAM                 cstackCOMRAM 000001
__pdataBANK0                    dataBANK0    0000CD
__pdataCOMRAM                   dataCOMRAM   00006A
__pidataBANK0                   idataBANK0   00302C
__pidataCOMRAM                  idataCOMRAM  003016
__pintcode                      intcode      000008
__pintcode_body                 intcode_body 00281E
__pintcodelo                    intcodelo    000018
__psmallconst                   smallconst   000600
__ptext0                        text0        002794
__ptext1                        text1        002E92
__ptext10                       text10       002F96
__ptext11                       text11       002FAE
__ptext12                       text12       003020
__ptext13                       text13       002FDA
__ptext14                       text14       002EEA
__ptext15                       text15       00300A
__ptext16                       text16       002FEC
__ptext17                       text17       002F36
__ptext18                       text18       00302E
__ptext19                       text19       003030
__ptext2                        text2        0028A0
__ptext20                       text20       003028
__ptext21                       text21       002D1C
__ptext23                       text23       002912
__ptext24                       text24       002C92
__ptext25                       text25       002352
__ptext26                       text26       002A60
__ptext27                       text27       00264A
__ptext28                       text28       002DCE
__ptext3                        text3        002C4A
__ptext30                       text30       001EC2
__ptext31                       text31       002984
__ptext32                       text32       002CD8
__ptext33                       text33       00242A
__ptext34                       text34       0026F0
__ptext35                       text35       002D5A
__ptext36                       text36       00063E
__ptext37                       text37       002ACC
__ptext38                       text38       002E36
__ptext39                       text39       002F58
__ptext4                        text4        00227A
__ptext40                       text40       002BF6
__ptext41                       text41       002EBE
__ptext42                       text42       001D0E
__ptext43                       text43       002F10
__ptext44                       text44       002D96
__ptext45                       text45       001558
__ptext46                       text46       002176
__ptext47                       text47       0024FA
__ptext48                       text48       00197E
__ptext49                       text49       002E64
__ptext5                        text5        0029F4
__ptext50                       text50       002B98
__ptext51                       text51       002070
__ptext52                       text52       002FC4
__ptext6                        text6        0025A4
__ptext7                        text7        002E04
__ptext8                        text8        002F7A
__ptext9                        text9        002FFE
__ramtop                        ramtop       000600
__smallconst                    smallconst   000600
_a                              bssCOMRAM    000050
_abs                            text28       002DCE
_angel                          dataBANK0    0000CD
_count                          bssCOMRAM    000054
_direction                      dataCOMRAM   000072
_errno                          bssCOMRAM    00004A
_index                          bssCOMRAM    00004E
_isdigit                        text41       002EBE
_isxdigit                       text40       002BF6
_isxdigit$1933                  cstackCOMRAM 000007
_lastV                          bssBANK0     0000B3
_lastn                          bssCOMRAM    000052
_lenStr                         bssCOMRAM    00004C
_lighttable                     dataCOMRAM   00006A
_main                           text0        002794
_mystring                       bssCOMRAM    000056
_nanf                           text39       002F58
_num                            bssBANK0     0000B5
_set_servo_angle                text2        0028A0
_state                          bssBANK0     0000B7
_str                            bssBANK0     0000B9
_strcmp                         text50       002B98
_strcpy                         text1        002E92
_strlen                         text49       002E64
_strtof                         text36       00063E
_tick                           dataCOMRAM   000070
_toupper                        text38       002E36
abs@a                           cstackBANK0  000080
btemp                           temp         000074
end_of_initialization           cinit        002B86
i1AngleToDutyCycle@D_value      cstackBANK0  00009C
i1AngleToDutyCycle@angle        cstackBANK0  00009B
i1SetCCP1DutyCycle@duty_value   cstackBANK0  000080
i1_AngleToDutyCycle             text25       002352
i1_SetCCP1DutyCycle             text24       002C92
i1___lldiv                      text27       00264A
i1___lldiv@counter              cstackBANK0  000098
i1___lldiv@dividend             cstackBANK0  00008C
i1___lldiv@divisor              cstackBANK0  000090
i1___lldiv@quotient             cstackBANK0  000094
i1___lmul                       text26       002A60
i1___lmul@multiplicand          cstackBANK0  000084
i1___lmul@multiplier            cstackBANK0  000080
i1___lmul@product               cstackBANK0  000088
i1_set_servo_angle              text23       002912
i1set_servo_angle@angle         cstackBANK0  0000A0
i1set_servo_angle@angle_0_180   cstackBANK0  0000A2
i1set_servo_angle@duty_val      cstackBANK0  0000A4
i2AngleToDutyCycle@D_value      cstackCOMRAM 00001D
i2AngleToDutyCycle@angle        cstackCOMRAM 00001C
i2ClearBuffer@i                 cstackCOMRAM 000001
i2SetCCP1DutyCycle@duty_value   cstackCOMRAM 000001
i2_AngleToDutyCycle             text33       00242A
i2_ClearBuffer                  text35       002D5A
i2_SetCCP1DutyCycle             text32       002CD8
i2___lldiv                      text34       0026F0
i2___lldiv@counter              cstackCOMRAM 000019
i2___lldiv@dividend             cstackCOMRAM 00000D
i2___lldiv@divisor              cstackCOMRAM 000011
i2___lldiv@quotient             cstackCOMRAM 000015
i2___lmul                       text37       002ACC
i2___lmul@multiplicand          cstackCOMRAM 000005
i2___lmul@multiplier            cstackCOMRAM 000001
i2___lmul@product               cstackCOMRAM 000009
i2_set_servo_angle              text31       002984
i2set_servo_angle@angle         cstackCOMRAM 000021
i2set_servo_angle@angle_0_180   cstackCOMRAM 000023
i2set_servo_angle@duty_val      cstackCOMRAM 000025
int$flags                       temp         000074
int_func                        intcode_body 00281E
intlevel0                       text         000000
intlevel1                       text         000000
intlevel2                       text         000000
intlevel3                       text         000000
isa$std                         (abs)        000001
isa$xinst                       (abs)        000000
isdigit@c                       cstackCOMRAM 000001
isxdigit@c                      cstackCOMRAM 000001
nanf@s                          cstackCOMRAM 000001
nanf@u                          cstackCOMRAM 000005
set_servo_angle@angle           cstackBANK1  00011E
set_servo_angle@angle_0_180     cstackBANK1  000120
set_servo_angle@duty_val        cstackBANK1  000122
stackhi                         (abs)        000000
stacklo                         (abs)        000000
start                           init         0001B0
start_initialization            cinit        002B36
strcmp@l                        cstackCOMRAM 000001
strcmp@r                        cstackCOMRAM 000002
strcpy@d                        cstackBANK1  000102
strcpy@dest                     cstackBANK1  000100
strcpy@src                      cstackBANK1  000101
strlen@a                        cstackCOMRAM 000003
strlen@s                        cstackCOMRAM 000001
strtof@_u                       cstackCOMRAM 00002E
strtof@digit                    cstackCOMRAM 000028
strtof@dpos                     cstackCOMRAM 000027
strtof@eexp                     cstackCOMRAM 00002C
strtof@err                      cstackCOMRAM 000024
strtof@expon                    cstackCOMRAM 00002A
strtof@flags                    cstackCOMRAM 000029
strtof@i                        cstackCOMRAM 000032
strtof@res                      cstackCOMRAM 00001B
strtof@s                        cstackCOMRAM 00001A
strtof@xpos                     cstackCOMRAM 000026
toupper@c                       cstackCOMRAM 000001
ttemp5                          temp         000075
ttemp6                          temp         000078
ttemp7                          temp         00007C
wtemp8                          temp         000075


MODULE INFORMATION

Module		Function		Class		Link	Load	Size
C:\Program Files\Microchip\xc8\v3.00\pic\sources\c99\common\flge.c
		___flge        		CODE           	2176	0000	260

C:\Program Files\Microchip\xc8\v3.00\pic\sources\c99\common\flge.c estimated size: 260

C:\Program Files\Microchip\xc8\v3.00\pic\sources\c99\common\strtof.c
		_strtof        		CODE           	063E	0000	3866

C:\Program Files\Microchip\xc8\v3.00\pic\sources\c99\common\strtof.c estimated size: 3866

C:\Program Files\Microchip\xc8\v3.00\pic\sources\c99\common\abs.c
		_abs           		CODE           	2DCE	0000	54

C:\Program Files\Microchip\xc8\v3.00\pic\sources\c99\common\abs.c estimated size: 54

setting_hardaware/interrupt_manager.c
		_INTERRUPT_Initialize		CODE           	2EEA	0000	38

setting_hardaware/interrupt_manager.c estimated size: 38

C:\Program Files\Microchip\xc8\v3.00\pic\sources\c99\common\flneg.c
		___flneg       		CODE           	2D96	0000	56

C:\Program Files\Microchip\xc8\v3.00\pic\sources\c99\common\flneg.c estimated size: 56

setting_hardaware/uart.c
		_MyusartRead   		CODE           	1EC2	0000	430
		_GetString     		CODE           	3028	0000	4
		_ClearBuffer   		CODE           	2D1C	0000	62
		_UART_Initialize		CODE           	2F7A	0000	28
		_UART_Write    		CODE           	2FC4	0000	22

setting_hardaware/uart.c estimated size: 546

C:\Program Files\Microchip\xc8\v3.00\pic\sources\c99\common\isxdigit.c
		_isxdigit      		CODE           	2BF6	0000	84

C:\Program Files\Microchip\xc8\v3.00\pic\sources\c99\common\isxdigit.c estimated size: 84

C:\Program Files\Microchip\xc8\v3.00\pic\sources\c99\common\Umul16.c
		___wmul        		CODE           	2F10	0000	38

C:\Program Files\Microchip\xc8\v3.00\pic\sources\c99\common\Umul16.c estimated size: 38

C:\Program Files\Microchip\xc8\v3.00\pic\sources\c99\common\nanf.c
		_nanf          		CODE           	2F58	0000	34

C:\Program Files\Microchip\xc8\v3.00\pic\sources\c99\common\nanf.c estimated size: 34

C:\Program Files\Microchip\xc8\v3.00\pic\sources\c99\common\toupper.c
		_toupper       		CODE           	2E36	0000	46

C:\Program Files\Microchip\xc8\v3.00\pic\sources\c99\common\toupper.c estimated size: 46

setting_hardaware/ccp1.c
		_set_servo_angle		CODE           	28A0	0000	114
		_CCP1_Initialize		CODE           	2FEC	0000	18
		_AngleToDutyCycle		CODE           	227A	0000	216
		_CCP2_Initialize		CODE           	300A	0000	12
		_SetCCP1DutyCycle		CODE           	2C4A	0000	72

setting_hardaware/ccp1.c estimated size: 432

setting_hardaware/adc.c
		_ADC_Initialize		CODE           	2F36	0000	34

setting_hardaware/adc.c estimated size: 34

C:\Program Files\Microchip\xc8\v3.00\pic\sources\c99\common\fleq.c
		___fleq        		CODE           	24FA	0000	170

C:\Program Files\Microchip\xc8\v3.00\pic\sources\c99\common\fleq.c estimated size: 170

C:\Program Files\Microchip\xc8\v3.00\pic\sources\c99\common\sprcmul.c
		___flmul       		CODE           	1558	0000	1062

C:\Program Files\Microchip\xc8\v3.00\pic\sources\c99\common\sprcmul.c estimated size: 1062

C:\Program Files\Microchip\xc8\v3.00\pic\sources\c99\common\Umul32.c
		___lmul        		CODE           	29F4	0000	108

C:\Program Files\Microchip\xc8\v3.00\pic\sources\c99\common\Umul32.c estimated size: 108

C:\Program Files\Microchip\xc8\v3.00\pic\sources\c99\common\__lldiv.c
		___lldiv       		CODE           	25A4	0000	166

C:\Program Files\Microchip\xc8\v3.00\pic\sources\c99\common\__lldiv.c estimated size: 166

C:\Program Files\Microchip\xc8\v3.00\pic\sources\c99\common\sprcdiv.c
		___fldiv       		CODE           	197E	0000	912

C:\Program Files\Microchip\xc8\v3.00\pic\sources\c99\common\sprcdiv.c estimated size: 912

shared
		i2_ClearBuffer 		CODE           	2D5A	0000	60
		i1_set_servo_angle		CODE           	2912	0000	114
		i2_set_servo_angle		CODE           	2984	0000	112
		i1_SetCCP1DutyCycle		CODE           	2C92	0000	70
		i1___lldiv     		CODE           	264A	0000	166
		i2_SetCCP1DutyCycle		CODE           	2CD8	0000	68
		i2___lldiv     		CODE           	26F0	0000	164
		__initialization		CODE           	2B36	0000	80
		i1___lmul      		CODE           	2A60	0000	108
		i2___lmul      		CODE           	2ACC	0000	106
		i1_AngleToDutyCycle		CODE           	2352	0000	216
		i2_AngleToDutyCycle		CODE           	242A	0000	208
		UART_PrintHex@F3388		SMALLCONST     	0601	0000	17

shared estimated size: 1489

C:\Program Files\Microchip\xc8\v3.00\pic\sources\c99\common\xxtofl.c
		___xxtofl      		CODE           	1D0E	0000	436

C:\Program Files\Microchip\xc8\v3.00\pic\sources\c99\common\xxtofl.c estimated size: 436

C:\Program Files\Microchip\xc8\v3.00\pic\sources\c99\common\strlen.c
		_strlen        		CODE           	2E64	0000	46

C:\Program Files\Microchip\xc8\v3.00\pic\sources\c99\common\strlen.c estimated size: 46

setting_hardaware/setting.c
		_PIN_MANAGER_Initialize		CODE           	3020	0000	8
		_TMR1_Initialize		CODE           	2F96	0000	24
		_TMR2_Initialize		CODE           	2FFE	0000	12
		_OSCILLATOR_Initialize		CODE           	2FDA	0000	18
		_SYSTEM_Initialize		CODE           	2E04	0000	50
		_TMR0_Initialize		CODE           	2FAE	0000	22

setting_hardaware/setting.c estimated size: 134

C:\Program Files\Microchip\xc8\v3.00\pic\sources\c99\common\strcmp.c
		_strcmp        		CODE           	2B98	0000	94

C:\Program Files\Microchip\xc8\v3.00\pic\sources\c99\common\strcmp.c estimated size: 94

C:\Program Files\Microchip\xc8\v3.00\pic\sources\c99\common\strcpy.c
		_strcpy        		CODE           	2E92	0000	44

C:\Program Files\Microchip\xc8\v3.00\pic\sources\c99\common\strcpy.c estimated size: 44

C:\Program Files\Microchip\xc8\v3.00\pic\sources\c99\common\fltol.c
		___fltol       		CODE           	2070	0000	262

C:\Program Files\Microchip\xc8\v3.00\pic\sources\c99\common\fltol.c estimated size: 262

main.c
		_Lo_ISR        		CODE           	0018	0000	408
		_main          		CODE           	2794	0000	138
		_Mode1         		CODE           	3030	0000	2
		_Mode2         		CODE           	302E	0000	2
		_Hi_ISR        		CODE           	0008	0000	136

main.c estimated size: 686

C:\Program Files\Microchip\xc8\v3.00\pic\sources\c99\common\isdigit.c
		_isdigit       		CODE           	2EBE	0000	44

C:\Program Files\Microchip\xc8\v3.00\pic\sources\c99\common\isdigit.c estimated size: 44

